Godot Engine v4.7.2.stable.official.ed1daf0bf - https://godotengine.org
OpenGL API 3.3.0 NVIDIA 591.86 - Compatibility - Using Device: NVIDIA - NVIDIA GeForce RTX 5090

ROOMSCALE_VISUAL_ASSET object=desk source=res://assets/generated/writing_desk.glb normalization={ "source_bounds": [P: (-34.0, 0.0, -17.0), S: (68.0, 30.0, 34.0)], "fitted_dimensions": (68.0, 30.0, 34.0) }
ROOMSCALE_VISUAL_ASSET object=side_table source=res://assets/generated/writing_desk.glb normalization={ "source_bounds": [P: (-34.0, 0.0, -17.0), S: (68.0, 30.0, 34.0)], "fitted_dimensions": (20.0, 20.0, 17.0) }
ROOMSCALE_FLOOR_NAV_READY room=room_poc45 grid=60x45 cell=4in obstacles=13
ROOMSCALE_CITIZEN_SPAWN count=50 separate_nodes=true height=0.5in
ROOMSCALE_FISHBOWL_READY governor=true population=50 camera=true room=room_poc45
ROOMSCALE_M2_READY Godot=4.7.2-stable (official) room=room_poc45 size=240x180 in citizens=50
POC4_RESOURCE_REACH resource=water source=water_cup region=STUDY_SURFACE
POC45_DAY {"days":0.0166666666666666,"drinks":0,"economy":{"food":{"available":300.0,"consumed":0.0,"delivered":0.0,"in_transit":0.0,"received":0.0,"reserved":0.0},"metal":{"available":0.0,"consumed":0.0,"delivered":0.0,"in_transit":0.0,"received":0.0,"reserved":0.0},"water":{"available":100.0,"consumed":0.0,"delivered":0.0,"in_transit":0.0,"received":0.0,"reserved":0.0},"wood":{"available":0.0,"consumed":0.0,"delivered":0.0,"in_transit":0.0,"received":0.0,"reserved":0.0}},"food_days":3.0,"meals":0,"population":50,"resting":0,"rests":0,"shelter":50,"urgent":0,"water_days":0.666666666666667} projects=[] growth=Insufficient shelter for entire cohort
ROOMSCALE_FLOOR_NAV_READY room=room_poc45 grid=60x45 cell=4in obstacles=13
ROOMSCALE_FLOOR_NAV_READY room=room_poc45 grid=60x45 cell=4in obstacles=13
ROOMSCALE_FLOOR_NAV_READY room=room_poc45 grid=60x45 cell=4in obstacles=13
ROOMSCALE_FLOOR_NAV_READY room=room_poc45 grid=60x45 cell=4in obstacles=13
ROOMSCALE_FLOOR_NAV_READY room=room_poc45 grid=60x45 cell=4in obstacles=13
ROOMSCALE_FLOOR_NAV_READY room=room_poc45 grid=60x45 cell=4in obstacles=13
ROOMSCALE_FLOOR_NAV_READY room=room_poc45 grid=60x45 cell=4in obstacles=13
ROOMSCALE_FLOOR_NAV_READY room=room_poc45 grid=60x45 cell=4in obstacles=13
POC4_SALVAGE_STAGE object=bookcase state=STRIPPED work=8.0 yields={ "metal": 2.0 }
POC4_SALVAGE_STAGE object=bookcase state=PARTIAL work=20.1 yields={ "wood": 16.0, "metal": 2.0 }
ROOMSCALE_FLOOR_NAV_READY room=room_poc45 grid=60x45 cell=4in obstacles=13
POC4_SALVAGE_STAGE object=bookcase state=FRAME work=32.1 yields={ "wood": 12.0 }
ROOMSCALE_FLOOR_NAV_READY room=room_poc45 grid=60x45 cell=4in obstacles=12
POC4_SALVAGE_STAGE object=bookcase state=DEPLETED work=42.1 yields={ "wood": 14.0 }
POC45_DAY {"days":1.00000000000011,"drinks":150,"economy":{"food":{"available":288.0,"consumed":99.0,"delivered":0.0,"in_transit":0.0,"received":88.0,"reserved":1.0},"metal":{"available":0.0,"consumed":4.0,"delivered":0.0,"in_transit":0.0,"received":4.0,"reserved":0.0},"water":{"available":142.0,"consumed":150.0,"delivered":0.0,"in_transit":0.0,"received":192.0,"reserved":0.0},"wood":{"available":38.0,"consumed":4.0,"delivered":0.0,"in_transit":0.0,"received":42.0,"reserved":0.0}},"food_days":2.88,"meals":99,"population":50,"resting":1,"rests":50,"shelter":50,"urgent":1,"water_days":0.946666666666667} projects=[] growth=Insufficient shelter for entire cohort
ROOMSCALE_FLOOR_NAV_READY room=room_poc45 grid=60x45 cell=4in obstacles=12
ROOMSCALE_FLOOR_NAV_READY room=room_poc45 grid=60x45 cell=4in obstacles=12
ROOMSCALE_FLOOR_NAV_READY room=room_poc45 grid=60x45 cell=4in obstacles=12
ROOMSCALE_FLOOR_NAV_READY room=room_poc45 grid=60x45 cell=4in obstacles=12
ROOMSCALE_FLOOR_NAV_READY room=room_poc45 grid=60x45 cell=4in obstacles=12
ROOMSCALE_FLOOR_NAV_READY room=room_poc45 grid=60x45 cell=4in obstacles=13
ROOMSCALE_FLOOR_NAV_READY room=room_poc45 grid=60x45 cell=4in obstacles=13
ROOMSCALE_FLOOR_NAV_READY room=room_poc45 grid=60x45 cell=4in obstacles=13
ROOMSCALE_FLOOR_NAV_READY room=room_poc45 grid=60x45 cell=4in obstacles=13
ROOMSCALE_FLOOR_NAV_READY room=room_poc45 grid=60x45 cell=4in obstacles=13
ROOMSCALE_FLOOR_NAV_READY room=room_poc45 grid=60x45 cell=4in obstacles=12
ROOMSCALE_FLOOR_NAV_READY room=room_poc45 grid=60x45 cell=4in obstacles=12
ROOMSCALE_FLOOR_NAV_READY room=room_poc45 grid=60x45 cell=4in obstacles=12
ROOMSCALE_FLOOR_NAV_READY room=room_poc45 grid=60x45 cell=4in obstacles=12
ROOMSCALE_FLOOR_NAV_READY room=room_poc45 grid=60x45 cell=4in obstacles=12
ROOMSCALE_FLOOR_NAV_READY room=room_poc45 grid=60x45 cell=4in obstacles=12
ROOMSCALE_FLOOR_NAV_READY room=room_poc45 grid=60x45 cell=4in obstacles=12
POC4_SALVAGE_STAGE object=storage_box state=STRIPPED work=8.0 yields={ "metal": 2.0 }
POC4_SALVAGE_STAGE object=storage_box state=PARTIAL work=20.0 yields={ "wood": 3.0, "metal": 2.0 }
ROOMSCALE_FLOOR_NAV_READY room=room_poc45 grid=60x45 cell=4in obstacles=12
POC4_SALVAGE_STAGE object=storage_box state=FRAME work=32.0 yields={ "wood": 2.0 }
ROOMSCALE_FLOOR_NAV_READY room=room_poc45 grid=60x45 cell=4in obstacles=11
POC4_SALVAGE_STAGE object=storage_box state=DEPLETED work=42.0 yields={ "wood": 3.0 }
ROOMSCALE_FLOOR_NAV_READY room=room_poc45 grid=60x45 cell=4in obstacles=12
ROOMSCALE_FLOOR_NAV_READY room=room_poc45 grid=60x45 cell=4in obstacles=12
ROOMSCALE_FLOOR_NAV_READY room=room_poc45 grid=60x45 cell=4in obstacles=12
ROOMSCALE_FLOOR_NAV_READY room=room_poc45 grid=60x45 cell=4in obstacles=12
ROOMSCALE_FLOOR_NAV_READY room=room_poc45 grid=60x45 cell=4in obstacles=12
ROOMSCALE_FLOOR_NAV_READY room=room_poc45 grid=60x45 cell=4in obstacles=13
ROOMSCALE_FLOOR_NAV_READY room=room_poc45 grid=60x45 cell=4in obstacles=13
ROOMSCALE_FLOOR_NAV_READY room=room_poc45 grid=60x45 cell=4in obstacles=13
ROOMSCALE_FLOOR_NAV_READY room=room_poc45 grid=60x45 cell=4in obstacles=13
ROOMSCALE_FLOOR_NAV_READY room=room_poc45 grid=60x45 cell=4in obstacles=13
ROOMSCALE_FLOOR_NAV_READY room=room_poc45 grid=60x45 cell=4in obstacles=13
ROOMSCALE_FLOOR_NAV_READY room=room_poc45 grid=60x45 cell=4in obstacles=12
ROOMSCALE_FLOOR_NAV_READY room=room_poc45 grid=60x45 cell=4in obstacles=12
ROOMSCALE_FLOOR_NAV_READY room=room_poc45 grid=60x45 cell=4in obstacles=12
ROOMSCALE_FLOOR_NAV_READY room=room_poc45 grid=60x45 cell=4in obstacles=12
ROOMSCALE_FLOOR_NAV_READY room=room_poc45 grid=60x45 cell=4in obstacles=12
ROOMSCALE_FLOOR_NAV_READY room=room_poc45 grid=60x45 cell=4in obstacles=12
POC4_SALVAGE_STAGE object=side_table state=STRIPPED work=8.0 yields={ "metal": 2.0 }
POC4_SALVAGE_STAGE object=side_table state=PARTIAL work=20.0 yields={ "wood": 3.0, "metal": 2.0 }
ROOMSCALE_FLOOR_NAV_READY room=room_poc45 grid=60x45 cell=4in obstacles=12
POC4_SALVAGE_STAGE object=side_table state=FRAME work=32.0 yields={ "wood": 2.0 }
ROOMSCALE_FLOOR_NAV_READY room=room_poc45 grid=60x45 cell=4in obstacles=11
POC4_SALVAGE_STAGE object=side_table state=DEPLETED work=42.0 yields={ "wood": 3.0 }
POC45_DAY {"days":2.00000000000001,"drinks":299,"economy":{"food":{"available":293.0,"consumed":198.0,"delivered":0.0,"in_transit":0.0,"received":192.0,"reserved":1.0},"metal":{"available":2.0,"consumed":6.0,"delivered":3.0,"in_transit":1.0,"received":12.0,"reserved":0.0},"water":{"available":385.0,"consumed":299.0,"delivered":0.0,"in_transit":0.0,"received":584.0,"reserved":0.0},"wood":{"available":33.0,"consumed":14.0,"delivered":8.0,"in_transit":0.0,"received":55.0,"reserved":0.0}},"food_days":2.93,"meals":198,"population":50,"resting":9,"rests":128,"shelter":60,"urgent":2,"water_days":2.56666666666667} projects=[{"completed":1097.4000000001,"created":950.000000000147,"delivered":{"metal":2.0,"wood":10.0},"delivery_distance":1146.24355423389,"effect_applied":true,"id":"development_001","kind":"housing","required":{"metal":2,"wood":10},"required_work":90.0,"site":"(-4.0, 0.0, 6.0)","stage":"COMPLETE","state":"COMPLETE","target":"(-4.0, 0.0, 15.0)","work":90.0999999999992,"work_by_citizen":{"21":57.0000000000005,"30":33.1000000000002}},{"completed":-1.0,"created":1100.0000000001,"delivered":{"metal":3.0,"wood":8.0},"delivery_distance":1542.27241928494,"effect_applied":false,"id":"development_002","kind":"workshop","required":{"metal":4,"wood":8},"required_work":100.0,"site":"(-52.0, 0.0, 38.0)","stage":"FOUNDATION","state":"WAITING_FOR_MATERIALS","target":"(-52.0, 0.0, 47.0)","work":0.0,"work_by_citizen":{}}] growth=Healthy stability window 30/300 seconds
ROOMSCALE_FLOOR_NAV_READY room=room_poc45 grid=60x45 cell=4in obstacles=12
ROOMSCALE_FLOOR_NAV_READY room=room_poc45 grid=60x45 cell=4in obstacles=12
ROOMSCALE_FLOOR_NAV_READY room=room_poc45 grid=60x45 cell=4in obstacles=12
ROOMSCALE_FLOOR_NAV_READY room=room_poc45 grid=60x45 cell=4in obstacles=12
ROOMSCALE_FLOOR_NAV_READY room=room_poc45 grid=60x45 cell=4in obstacles=13
ROOMSCALE_FLOOR_NAV_READY room=room_poc45 grid=60x45 cell=4in obstacles=13
ROOMSCALE_FLOOR_NAV_READY room=room_poc45 grid=60x45 cell=4in obstacles=13
ROOMSCALE_FLOOR_NAV_READY room=room_poc45 grid=60x45 cell=4in obstacles=13
ROOMSCALE_FLOOR_NAV_READY room=room_poc45 grid=60x45 cell=4in obstacles=13
ROOMSCALE_FLOOR_NAV_READY room=room_poc45 grid=60x45 cell=4in obstacles=13
ROOMSCALE_FLOOR_NAV_READY room=room_poc45 grid=60x45 cell=4in obstacles=13
POC45_DAY {"days":3.01666666666575,"drinks":454,"economy":{"food":{"available":332.0,"consumed":304.0,"delivered":0.0,"in_transit":0.0,"received":336.0,"reserved":0.0},"metal":{"available":0.0,"consumed":12.0,"delivered":0.0,"in_transit":0.0,"received":12.0,"reserved":0.0},"water":{"available":462.0,"consumed":454.0,"delivered":0.0,"in_transit":0.0,"received":816.0,"reserved":0.0},"wood":{"available":26.0,"consumed":32.0,"delivered":0.0,"in_transit":0.0,"received":58.0,"reserved":0.0}},"food_days":3.01818181818182,"meals":304,"population":55,"resting":7,"rests":201,"shelter":70,"urgent":1,"water_days":2.8} projects=[{"completed":1097.4000000001,"created":950.000000000147,"delivered":{"metal":2.0,"wood":10.0},"delivery_distance":1146.24355423389,"effect_applied":true,"id":"development_001","kind":"housing","required":{"metal":2,"wood":10},"required_work":90.0,"site":"(-4.0, 0.0, 6.0)","stage":"COMPLETE","state":"COMPLETE","target":"(-4.0, 0.0, 15.0)","work":90.0999999999992,"work_by_citizen":{"21":57.0000000000005,"30":33.1000000000002}},{"completed":1286.59999999993,"created":1100.0000000001,"delivered":{"metal":4.0,"wood":8.0},"delivery_distance":1682.4790028563,"effect_applied":true,"id":"development_002","kind":"workshop","required":{"metal":4,"wood":8},"required_work":100.0,"site":"(-52.0, 0.0, 38.0)","stage":"COMPLETE","state":"COMPLETE","target":"(-52.0, 0.0, 47.0)","work":100.099999999999,"work_by_citizen":{"10":49.9000000000004,"47":50.2000000000004}},{"completed":1583.99999999965,"created":1479.99999999975,"delivered":{"metal":2.0,"wood":10.0},"delivery_distance":1354.71447422431,"effect_applied":true,"id":"development_003","kind":"housing","required":{"metal":2,"wood":10},"required_work":76.5,"site":"(-52.0, 0.0, 70.0)","stage":"COMPLETE","state":"COMPLETE","target":"(-52.0, 0.0, 79.0)","work":79.2999999999998,"work_by_citizen":{"27":38.9000000000003,"28":40.4000000000003}}] growth=Cohort cooldown
POC45_DAY {"days":4.01666666666484,"drinks":630,"economy":{"food":{"available":353.0,"consumed":419.0,"delivered":0.0,"in_transit":0.0,"received":472.0,"reserved":0.0},"metal":{"available":0.0,"consumed":12.0,"delivered":0.0,"in_transit":0.0,"received":12.0,"reserved":0.0},"water":{"available":509.0,"consumed":630.0,"delivered":0.0,"in_transit":0.0,"received":1040.0,"reserved":1.0},"wood":{"available":26.0,"consumed":32.0,"delivered":0.0,"in_transit":0.0,"received":58.0,"reserved":0.0}},"food_days":2.94166666666667,"meals":419,"population":60,"resting":12,"rests":294,"shelter":70,"urgent":1,"water_days":2.82777777777778} projects=[{"completed":1097.4000000001,"created":950.000000000147,"delivered":{"metal":2.0,"wood":10.0},"delivery_distance":1146.24355423389,"effect_applied":true,"id":"development_001","kind":"housing","required":{"metal":2,"wood":10},"required_work":90.0,"site":"(-4.0, 0.0, 6.0)","stage":"COMPLETE","state":"COMPLETE","target":"(-4.0, 0.0, 15.0)","work":90.0999999999992,"work_by_citizen":{"21":57.0000000000005,"30":33.1000000000002}},{"completed":1286.59999999993,"created":1100.0000000001,"delivered":{"metal":4.0,"wood":8.0},"delivery_distance":1682.4790028563,"effect_applied":true,"id":"development_002","kind":"workshop","required":{"metal":4,"wood":8},"required_work":100.0,"site":"(-52.0, 0.0, 38.0)","stage":"COMPLETE","state":"COMPLETE","target":"(-52.0, 0.0, 47.0)","work":100.099999999999,"work_by_citizen":{"10":49.9000000000004,"47":50.2000000000004}},{"completed":1583.99999999965,"created":1479.99999999975,"delivered":{"metal":2.0,"wood":10.0},"delivery_distance":1354.71447422431,"effect_applied":true,"id":"development_003","kind":"housing","required":{"metal":2,"wood":10},"required_work":76.5,"site":"(-52.0, 0.0, 70.0)","stage":"COMPLETE","state":"COMPLETE","target":"(-52.0, 0.0, 79.0)","work":79.2999999999998,"work_by_citizen":{"27":38.9000000000003,"28":40.4000000000003}}] growth=Cohort cooldown
ROOMSCALE_FLOOR_NAV_READY room=room_poc45 grid=60x45 cell=4in obstacles=13
ROOMSCALE_FLOOR_NAV_READY room=room_poc45 grid=60x45 cell=4in obstacles=13
ROOMSCALE_FLOOR_NAV_READY room=room_poc45 grid=60x45 cell=4in obstacles=13
ROOMSCALE_FLOOR_NAV_READY room=room_poc45 grid=60x45 cell=4in obstacles=14
ROOMSCALE_FLOOR_NAV_READY room=room_poc45 grid=60x45 cell=4in obstacles=14
ROOMSCALE_FLOOR_NAV_READY room=room_poc45 grid=60x45 cell=4in obstacles=14
ROOMSCALE_FLOOR_NAV_READY room=room_poc45 grid=60x45 cell=4in obstacles=14
ROOMSCALE_FLOOR_NAV_READY room=room_poc45 grid=60x45 cell=4in obstacles=14
ROOMSCALE_FLOOR_NAV_READY room=room_poc45 grid=60x45 cell=4in obstacles=14
ROOMSCALE_FLOOR_NAV_READY room=room_poc45 grid=60x45 cell=4in obstacles=13
ROOMSCALE_FLOOR_NAV_READY room=room_poc45 grid=60x45 cell=4in obstacles=13
ROOMSCALE_FLOOR_NAV_READY room=room_poc45 grid=60x45 cell=4in obstacles=13
ROOMSCALE_FLOOR_NAV_READY room=room_poc45 grid=60x45 cell=4in obstacles=13
ROOMSCALE_FLOOR_NAV_READY room=room_poc45 grid=60x45 cell=4in obstacles=13
POC4_SALVAGE_STAGE object=spare_crate state=STRIPPED work=8.0 yields={ "metal": 2.0 }
POC4_SALVAGE_STAGE object=spare_crate state=PARTIAL work=20.0 yields={ "wood": 4.0, "metal": 2.0 }
ROOMSCALE_FLOOR_NAV_READY room=room_poc45 grid=60x45 cell=4in obstacles=13
POC4_SALVAGE_STAGE object=spare_crate state=FRAME work=32.0 yields={ "wood": 3.0 }
ROOMSCALE_FLOOR_NAV_READY room=room_poc45 grid=60x45 cell=4in obstacles=12
POC4_SALVAGE_STAGE object=spare_crate state=DEPLETED work=42.0 yields={ "wood": 3.0 }
ROOMSCALE_FLOOR_NAV_READY room=room_poc45 grid=60x45 cell=4in obstacles=13
POC45_DAY {"days":5.01666666666393,"drinks":815,"economy":{"food":{"available":388.0,"consumed":544.0,"delivered":0.0,"in_transit":0.0,"received":632.0,"reserved":0.0},"metal":{"available":2.0,"consumed":14.0,"delivered":0.0,"in_transit":0.0,"received":16.0,"reserved":0.0},"water":{"available":549.0,"consumed":815.0,"delivered":0.0,"in_transit":0.0,"received":1264.0,"reserved":0.0},"wood":{"available":26.0,"consumed":42.0,"delivered":0.0,"in_transit":0.0,"received":68.0,"reserved":0.0}},"food_days":2.98461538461538,"meals":544,"population":65,"resting":13,"rests":382,"shelter":80,"urgent":1,"water_days":2.81538461538462} projects=[{"completed":1097.4000000001,"created":950.000000000147,"delivered":{"metal":2.0,"wood":10.0},"delivery_distance":1146.24355423389,"effect_applied":true,"id":"development_001","kind":"housing","required":{"metal":2,"wood":10},"required_work":90.0,"site":"(-4.0, 0.0, 6.0)","stage":"COMPLETE","state":"COMPLETE","target":"(-4.0, 0.0, 15.0)","work":90.0999999999992,"work_by_citizen":{"21":57.0000000000005,"30":33.1000000000002}},{"completed":1286.59999999993,"created":1100.0000000001,"delivered":{"metal":4.0,"wood":8.0},"delivery_distance":1682.4790028563,"effect_applied":true,"id":"development_002","kind":"workshop","required":{"metal":4,"wood":8},"required_work":100.0,"site":"(-52.0, 0.0, 38.0)","stage":"COMPLETE","state":"COMPLETE","target":"(-52.0, 0.0, 47.0)","work":100.099999999999,"work_by_citizen":{"10":49.9000000000004,"47":50.2000000000004}},{"completed":1583.99999999965,"created":1479.99999999975,"delivered":{"metal":2.0,"wood":10.0},"delivery_distance":1354.71447422431,"effect_applied":true,"id":"development_003","kind":"housing","required":{"metal":2,"wood":10},"required_work":76.5,"site":"(-52.0, 0.0, 70.0)","stage":"COMPLETE","state":"COMPLETE","target":"(-52.0, 0.0, 79.0)","work":79.2999999999998,"work_by_citizen":{"27":38.9000000000003,"28":40.4000000000003}},{"completed":2828.69999999852,"created":2689.99999999865,"delivered":{"metal":2.0,"wood":10.0},"delivery_distance":1530.24358334468,"effect_applied":true,"id":"development_004","kind":"housing","required":{"metal":2,"wood":10},"required_work":76.5,"site":"(-36.0, 0.0, 6.0)","stage":"COMPLETE","state":"COMPLETE","target":"(-36.0, 0.0, 15.0)","work":76.5999999999999,"work_by_citizen":{"36":50.4000000000004,"49":26.2000000000001}}] growth=Healthy stability window 270/300 seconds
POC45_DAY {"days":6.01666666666302,"drinks":1019,"economy":{"food":{"available":420.0,"consumed":679.0,"delivered":0.0,"in_transit":0.0,"received":800.0,"reserved":1.0},"metal":{"available":2.0,"consumed":14.0,"delivered":0.0,"in_transit":0.0,"received":16.0,"reserved":0.0},"water":{"available":589.0,"consumed":1019.0,"delivered":0.0,"in_transit":0.0,"received":1512.0,"reserved":4.0},"wood":{"available":26.0,"consumed":42.0,"delivered":0.0,"in_transit":0.0,"received":68.0,"reserved":0.0}},"food_days":3.0,"meals":679,"population":70,"resting":12,"rests":494,"shelter":80,"urgent":2,"water_days":2.8047619047619} projects=[{"completed":1097.4000000001,"created":950.000000000147,"delivered":{"metal":2.0,"wood":10.0},"delivery_distance":1146.24355423389,"effect_applied":true,"id":"development_001","kind":"housing","required":{"metal":2,"wood":10},"required_work":90.0,"site":"(-4.0, 0.0, 6.0)","stage":"COMPLETE","state":"COMPLETE","target":"(-4.0, 0.0, 15.0)","work":90.0999999999992,"work_by_citizen":{"21":57.0000000000005,"30":33.1000000000002}},{"completed":1286.59999999993,"created":1100.0000000001,"delivered":{"metal":4.0,"wood":8.0},"delivery_distance":1682.4790028563,"effect_applied":true,"id":"development_002","kind":"workshop","required":{"metal":4,"wood":8},"required_work":100.0,"site":"(-52.0, 0.0, 38.0)","stage":"COMPLETE","state":"COMPLETE","target":"(-52.0, 0.0, 47.0)","work":100.099999999999,"work_by_citizen":{"10":49.9000000000004,"47":50.2000000000004}},{"completed":1583.99999999965,"created":1479.99999999975,"delivered":{"metal":2.0,"wood":10.0},"delivery_distance":1354.71447422431,"effect_applied":true,"id":"development_003","kind":"housing","required":{"metal":2,"wood":10},"required_work":76.5,"site":"(-52.0, 0.0, 70.0)","stage":"COMPLETE","state":"COMPLETE","target":"(-52.0, 0.0, 79.0)","work":79.2999999999998,"work_by_citizen":{"27":38.9000000000003,"28":40.4000000000003}},{"completed":2828.69999999852,"created":2689.99999999865,"delivered":{"metal":2.0,"wood":10.0},"delivery_distance":1530.24358334468,"effect_applied":true,"id":"development_004","kind":"housing","required":{"metal":2,"wood":10},"required_work":76.5,"site":"(-36.0, 0.0, 6.0)","stage":"COMPLETE","state":"COMPLETE","target":"(-36.0, 0.0, 15.0)","work":76.5999999999999,"work_by_citizen":{"36":50.4000000000004,"49":26.2000000000001}}] growth=Cohort cooldown
ROOMSCALE_FLOOR_NAV_READY room=room_poc45 grid=60x45 cell=4in obstacles=13
ROOMSCALE_FLOOR_NAV_READY room=room_poc45 grid=60x45 cell=4in obstacles=13
ROOMSCALE_FLOOR_NAV_READY room=room_poc45 grid=60x45 cell=4in obstacles=14
ROOMSCALE_FLOOR_NAV_READY room=room_poc45 grid=60x45 cell=4in obstacles=14
ROOMSCALE_FLOOR_NAV_READY room=room_poc45 grid=60x45 cell=4in obstacles=14
ROOMSCALE_FLOOR_NAV_READY room=room_poc45 grid=60x45 cell=4in obstacles=14
ROOMSCALE_FLOOR_NAV_READY room=room_poc45 grid=60x45 cell=4in obstacles=14
ROOMSCALE_FLOOR_NAV_READY room=room_poc45 grid=60x45 cell=4in obstacles=14
ROOMSCALE_FLOOR_NAV_READY room=room_poc45 grid=60x45 cell=4in obstacles=14
ROOMSCALE_FLOOR_NAV_READY room=room_poc45 grid=60x45 cell=4in obstacles=14
POC45_DAY {"days":7.01666666666297,"drinks":1233,"economy":{"food":{"available":443.0,"consumed":825.0,"delivered":0.0,"in_transit":0.0,"received":968.0,"reserved":0.0},"metal":{"available":0.0,"consumed":16.0,"delivered":0.0,"in_transit":0.0,"received":16.0,"reserved":0.0},"water":{"available":639.0,"consumed":1233.0,"delivered":0.0,"in_transit":0.0,"received":1776.0,"reserved":4.0},"wood":{"available":16.0,"consumed":52.0,"delivered":0.0,"in_transit":0.0,"received":68.0,"reserved":0.0}},"food_days":2.95333333333333,"meals":825,"population":75,"resting":7,"rests":594,"shelter":90,"urgent":1,"water_days":2.84} projects=[{"completed":1097.4000000001,"created":950.000000000147,"delivered":{"metal":2.0,"wood":10.0},"delivery_distance":1146.24355423389,"effect_applied":true,"id":"development_001","kind":"housing","required":{"metal":2,"wood":10},"required_work":90.0,"site":"(-4.0, 0.0, 6.0)","stage":"COMPLETE","state":"COMPLETE","target":"(-4.0, 0.0, 15.0)","work":90.0999999999992,"work_by_citizen":{"21":57.0000000000005,"30":33.1000000000002}},{"completed":1286.59999999993,"created":1100.0000000001,"delivered":{"metal":4.0,"wood":8.0},"delivery_distance":1682.4790028563,"effect_applied":true,"id":"development_002","kind":"workshop","required":{"metal":4,"wood":8},"required_work":100.0,"site":"(-52.0, 0.0, 38.0)","stage":"COMPLETE","state":"COMPLETE","target":"(-52.0, 0.0, 47.0)","work":100.099999999999,"work_by_citizen":{"10":49.9000000000004,"47":50.2000000000004}},{"completed":1583.99999999965,"created":1479.99999999975,"delivered":{"metal":2.0,"wood":10.0},"delivery_distance":1354.71447422431,"effect_applied":true,"id":"development_003","kind":"housing","required":{"metal":2,"wood":10},"required_work":76.5,"site":"(-52.0, 0.0, 70.0)","stage":"COMPLETE","state":"COMPLETE","target":"(-52.0, 0.0, 79.0)","work":79.2999999999998,"work_by_citizen":{"27":38.9000000000003,"28":40.4000000000003}},{"completed":2828.69999999852,"created":2689.99999999865,"delivered":{"metal":2.0,"wood":10.0},"delivery_distance":1530.24358334468,"effect_applied":true,"id":"development_004","kind":"housing","required":{"metal":2,"wood":10},"required_work":76.5,"site":"(-36.0, 0.0, 6.0)","stage":"COMPLETE","state":"COMPLETE","target":"(-36.0, 0.0, 15.0)","work":76.5999999999999,"work_by_citizen":{"36":50.4000000000004,"49":26.2000000000001}},{"completed":4017.79999999744,"created":3899.99999999755,"delivered":{"metal":2.0,"wood":10.0},"delivery_distance":1682.47910514137,"effect_applied":true,"id":"development_005","kind":"housing","required":{"metal":2,"wood":10},"required_work":76.5,"site":"(-68.0, 0.0, 54.0)","stage":"COMPLETE","state":"COMPLETE","target":"(-68.0, 0.0, 63.0)","work":76.5000000000005,"work_by_citizen":{"60":40.8000000000003,"66":35.7000000000002}}] growth=Cohort cooldown
POC45_DAY {"days":8.01666666666661,"drinks":1466,"economy":{"food":{"available":473.0,"consumed":979.0,"delivered":0.0,"in_transit":0.0,"received":1152.0,"reserved":0.0},"metal":{"available":0.0,"consumed":16.0,"delivered":0.0,"in_transit":0.0,"received":16.0,"reserved":0.0},"water":{"available":687.0,"consumed":1466.0,"delivered":0.0,"in_transit":0.0,"received":2056.0,"reserved":3.0},"wood":{"available":16.0,"consumed":52.0,"delivered":0.0,"in_transit":0.0,"received":68.0,"reserved":0.0}},"food_days":2.95625,"meals":979,"population":80,"resting":7,"rests":720,"shelter":90,"urgent":4,"water_days":2.8625} projects=[{"completed":1097.4000000001,"created":950.000000000147,"delivered":{"metal":2.0,"wood":10.0},"delivery_distance":1146.24355423389,"effect_applied":true,"id":"development_001","kind":"housing","required":{"metal":2,"wood":10},"required_work":90.0,"site":"(-4.0, 0.0, 6.0)","stage":"COMPLETE","state":"COMPLETE","target":"(-4.0, 0.0, 15.0)","work":90.0999999999992,"work_by_citizen":{"21":57.0000000000005,"30":33.1000000000002}},{"completed":1286.59999999993,"created":1100.0000000001,"delivered":{"metal":4.0,"wood":8.0},"delivery_distance":1682.4790028563,"effect_applied":true,"id":"development_002","kind":"workshop","required":{"metal":4,"wood":8},"required_work":100.0,"site":"(-52.0, 0.0, 38.0)","stage":"COMPLETE","state":"COMPLETE","target":"(-52.0, 0.0, 47.0)","work":100.099999999999,"work_by_citizen":{"10":49.9000000000004,"47":50.2000000000004}},{"completed":1583.99999999965,"created":1479.99999999975,"delivered":{"metal":2.0,"wood":10.0},"delivery_distance":1354.71447422431,"effect_applied":true,"id":"development_003","kind":"housing","required":{"metal":2,"wood":10},"required_work":76.5,"site":"(-52.0, 0.0, 70.0)","stage":"COMPLETE","state":"COMPLETE","target":"(-52.0, 0.0, 79.0)","work":79.2999999999998,"work_by_citizen":{"27":38.9000000000003,"28":40.4000000000003}},{"completed":2828.69999999852,"created":2689.99999999865,"delivered":{"metal":2.0,"wood":10.0},"delivery_distance":1530.24358334468,"effect_applied":true,"id":"development_004","kind":"housing","required":{"metal":2,"wood":10},"required_work":76.5,"site":"(-36.0, 0.0, 6.0)","stage":"COMPLETE","state":"COMPLETE","target":"(-36.0, 0.0, 15.0)","work":76.5999999999999,"work_by_citizen":{"36":50.4000000000004,"49":26.2000000000001}},{"completed":4017.79999999744,"created":3899.99999999755,"delivered":{"metal":2.0,"wood":10.0},"delivery_distance":1682.47910514137,"effect_applied":true,"id":"development_005","kind":"housing","required":{"metal":2,"wood":10},"required_work":76.5,"site":"(-68.0, 0.0, 54.0)","stage":"COMPLETE","state":"COMPLETE","target":"(-68.0, 0.0, 63.0)","work":76.5000000000005,"work_by_citizen":{"60":40.8000000000003,"66":35.7000000000002}}] growth=Cohort cooldown
POC45_SCENARIO_PASS {"actual_entities":true,"additional_salvage":true,"autonomous_water":true,"bounded":true,"climb":true,"cohort_rules":true,"completed_navigation":true,"costs_exact":true,"development_haul":true,"development_work":true,"effects_once":true,"frame":true,"haul":true,"healthy":true,"housing":true,"hundred_real":true,"material_blocker":true,"needs_pressure":true,"no_failed_tasks":true,"no_stuck_project":true,"population":true,"recovery":true,"safe_stop":true,"salvage_work":true,"shell":true,"shelter_exact":true,"traversal":true,"workshop":true,"workshop_frame":true,"workshop_shell":true} failure=

