Godot Engine v4.7.2.stable.official.ed1daf0bf - https://godotengine.org

ROOMSCALE_VISUAL_ASSET object=desk source=res://assets/generated/writing_desk.glb normalization={ "source_bounds": [P: (-34.0, 0.0, -17.0), S: (68.0, 30.0, 34.0)], "fitted_dimensions": (68.0, 30.0, 34.0) }
ROOMSCALE_VISUAL_ASSET object=side_table source=res://assets/generated/writing_desk.glb normalization={ "source_bounds": [P: (-34.0, 0.0, -17.0), S: (68.0, 30.0, 34.0)], "fitted_dimensions": (20.0, 20.0, 17.0) }
ROOMSCALE_FLOOR_NAV_READY room=room_poc45 grid=60x45 cell=4in obstacles=13
ROOMSCALE_CITIZEN_SPAWN count=50 separate_nodes=true height=0.5in
ROOMSCALE_M2_READY Godot=4.7.2-stable (official) room=room_poc45 size=240x180 in citizens=50
ROOMSCALE_VISUAL_ASSET object=desk source=res://assets/generated/writing_desk.glb normalization={ "source_bounds": [P: (-34.0, 0.0, -17.0), S: (68.0, 30.0, 34.0)], "fitted_dimensions": (68.0, 30.0, 34.0) }
ROOMSCALE_VISUAL_ASSET object=side_table source=res://assets/generated/writing_desk.glb normalization={ "source_bounds": [P: (-34.0, 0.0, -17.0), S: (68.0, 30.0, 34.0)], "fitted_dimensions": (20.0, 20.0, 17.0) }
ROOMSCALE_FLOOR_NAV_READY room=room_poc45 grid=60x45 cell=4in obstacles=13
ROOMSCALE_CITIZEN_SPAWN count=50 separate_nodes=true height=0.5in
ROOMSCALE_FISHBOWL_READY governor=true population=50 camera=true room=room_poc45
ROOMSCALE_M2_READY Godot=4.7.2-stable (official) room=room_poc45 size=240x180 in citizens=50
ROOMSCALE_FLOOR_NAV_READY room=room_poc45 grid=60x45 cell=4in obstacles=14
ROOMSCALE_FLOOR_NAV_READY room=room_poc45 grid=60x45 cell=4in obstacles=13
ROOMSCALE_FLOOR_NAV_READY room=room_poc45 grid=60x45 cell=4in obstacles=14
ROOMSCALE_FLOOR_NAV_READY room=room_poc45 grid=60x45 cell=4in obstacles=14
ROOMSCALE_FLOOR_NAV_READY room=room_poc45 grid=60x45 cell=4in obstacles=14
ROOMSCALE_FLOOR_NAV_READY room=room_poc45 grid=60x45 cell=4in obstacles=14
ROOMSCALE_FLOOR_NAV_READY room=room_poc45 grid=60x45 cell=4in obstacles=14
POC46_FAST_PASS checks=["normal launch 1x, manual HUD and governor disabled","fishbowl starts autonomous at 10x with camera on","diagnostics default off and dense HUD hidden","status values equal authoritative production values","friendly governor and hidden inactive project","details expose diagnostics","real F3 input toggles only spectator diagnostics","HUD fades after ten real seconds","interaction restores readable HUD","adapter, diagnostics, titles and fades leave time, needs, tasks, stocks and positions unchanged","authoritative speed control 0.0","authoritative speed control 1.0","authoritative speed control 4.0","authoritative speed control 10.0","bounded queue and major priority","journal cursor suppresses replay","equivalent duplicate suppressed across IDs","major card remains readable after four real seconds","major card expires after eight real seconds","event mapping directive","event mapping salvage_authorized","event mapping traversal_complete","event mapping development_started","event mapping structure_complete","event mapping shelter_increased","event mapping cohort_joined","event mapping source_exhausted","event mapping growth_paused","water crisis friendly mapping","event lifetime independent of authoritative speed","meaningful production shot has title","camera off prevents automatic shots and movement","camera and event presentation have zero simulation effects","periodic overview","five deterministic arrival points","arrival walkable, connected, in bounds and clear 0","arrival walkable, connected, in bounds and clear 1","meaningful arrival spacing 1/0","arrival walkable, connected, in bounds and clear 2","meaningful arrival spacing 2/0","meaningful arrival spacing 2/1","arrival walkable, connected, in bounds and clear 3","meaningful arrival spacing 3/0","meaningful arrival spacing 3/1","meaningful arrival spacing 3/2","arrival walkable, connected, in bounds and clear 4","meaningful arrival spacing 4/0","meaningful arrival spacing 4/1","meaningful arrival spacing 4/2","meaningful arrival spacing 4/3","blocked fixture creates zero citizens and explains whole-cohort refusal","valid fixture spawns entire cohort","real ordinary citizen initialized at distinct point 0","real ordinary citizen initialized at distinct point 1","real ordinary citizen initialized at distinct point 2","real ordinary citizen initialized at distinct point 3","real ordinary citizen initialized at distinct point 4","arrival event focuses actual centroid","isolated housing progress fixture","active project maps exact work, stage and materials","development task uses development work fraction","traversal task retains traversal stage progress","active traversal context","completed traversal collapses context"] failures=[]
