Godot runtime ready: 4.7.2.stable.official.ed1daf0bf
Executable: C:\Users\Zero\python_projects\ai\roomscale\.tools\godot-4.7.2\Godot_v4.7.2-stable_win64_console.exe
Godot Engine v4.7.2.stable.official.ed1daf0bf - https://godotengine.org
OpenGL API 3.3.0 NVIDIA 591.86 - Compatibility - Using Device: NVIDIA - NVIDIA GeForce RTX 5090

ROOMSCALE_VISUAL_ASSET object=desk source=res://assets/generated/writing_desk.glb normalization={ "source_bounds": [P: (-34.0, 0.0, -17.0), S: (68.0, 30.0, 34.0)], "fitted_dimensions": (68.0, 30.0, 34.0) }
ROOMSCALE_VISUAL_ASSET object=side_table source=res://assets/generated/writing_desk.glb normalization={ "source_bounds": [P: (-34.0, 0.0, -17.0), S: (68.0, 30.0, 34.0)], "fitted_dimensions": (20.0, 20.0, 17.0) }
ROOMSCALE_FLOOR_NAV_READY room=room_poc47 grid=60x45 cell=4in obstacles=9
ROOMSCALE_CITIZEN_SPAWN count=5 separate_nodes=true height=0.5in
ROOMSCALE_FISHBOWL_READY governor=true population=5 camera=true room=room_poc47 speed=1.0
ROOMSCALE_CIVILIZATION_READY speed=1.0 governor=true spectator=true
ROOMSCALE_M2_READY Godot=4.7.2-stable (official) room=room_poc47 size=240x180 in citizens=5
ROOMSCALE_FLOOR_NAV_READY room=room_poc47 grid=60x45 cell=4in obstacles=9
ROOMSCALE_FLOOR_NAV_READY room=room_poc47 grid=60x45 cell=4in obstacles=9
ROOMSCALE_FLOOR_NAV_READY room=room_poc47 grid=60x45 cell=4in obstacles=9
ROOMSCALE_FLOOR_NAV_READY room=room_poc47 grid=60x45 cell=4in obstacles=9
ROOMSCALE_FLOOR_NAV_READY room=room_poc47 grid=60x45 cell=4in obstacles=9
ROOMSCALE_FLOOR_NAV_READY room=room_poc47 grid=60x45 cell=4in obstacles=9
ROOMSCALE_FLOOR_NAV_READY room=room_poc47 grid=60x45 cell=4in obstacles=10
ROOMSCALE_FLOOR_NAV_READY room=room_poc47 grid=60x45 cell=4in obstacles=9
ROOMSCALE_FLOOR_NAV_READY room=room_poc47 grid=60x45 cell=4in obstacles=9
ROOMSCALE_FLOOR_NAV_READY room=room_poc47 grid=60x45 cell=4in obstacles=9
ROOMSCALE_FLOOR_NAV_READY room=room_poc47 grid=60x45 cell=4in obstacles=9
ROOMSCALE_FLOOR_NAV_READY room=room_poc47 grid=60x45 cell=4in obstacles=9
ROOMSCALE_FLOOR_NAV_READY room=room_poc47 grid=60x45 cell=4in obstacles=9
ROOMSCALE_FLOOR_NAV_READY room=room_poc47 grid=60x45 cell=4in obstacles=9
ROOMSCALE_FLOOR_NAV_READY room=room_poc47 grid=60x45 cell=4in obstacles=9
