Godot Engine v4.7.2.stable.official.ed1daf0bf - https://godotengine.org

ROOMSCALE_FLOOR_NAV_READY room=POS-023 grid=60x45 cell=4in obstacles=9
ROOMSCALE_FLOOR_NAV_READY room=POS-023 grid=60x45 cell=4in obstacles=9
ROOMSCALE_VISUAL_ASSET object=desk source=res://assets/generated/writing_desk.glb normalization={ "source_bounds": [P: (-34.0, 0.0, -17.0), S: (68.0, 30.0, 34.0)], "fitted_dimensions": (68.0, 30.0, 34.0) }
ROOMSCALE_VISUAL_ASSET object=side_table source=res://assets/generated/writing_desk.glb normalization={ "source_bounds": [P: (-34.0, 0.0, -17.0), S: (68.0, 30.0, 34.0)], "fitted_dimensions": (20.0, 20.0, 17.0) }
ROOMSCALE_FLOOR_NAV_READY room=POS-023 grid=60x45 cell=4in obstacles=9
ROOMSCALE_CITIZEN_SPAWN count=5 separate_nodes=true height=0.5in
ROOMSCALE_FISHBOWL_READY governor=true population=5 camera=true room=POS-023 speed=1.0
ROOMSCALE_CIVILIZATION_READY speed=1.0 governor=true spectator=true
ROOMSCALE_M2_READY Godot=4.7.2-stable (official) room=POS-023 size=240x180 in citizens=5
ROOMSCALE_FLOOR_NAV_READY room=POS-023 grid=60x45 cell=4in obstacles=9
ROOMSCALE_FLOOR_NAV_READY room=POS-023 grid=60x45 cell=4in obstacles=9
ROOMSCALE_FLOOR_NAV_READY room=POS-023 grid=60x45 cell=4in obstacles=9
ROOMSCALE_FLOOR_NAV_READY room=POS-023 grid=60x45 cell=4in obstacles=9
ROOMSCALE_FLOOR_NAV_READY room=POS-023 grid=60x45 cell=4in obstacles=9
ROOMSCALE_FLOOR_NAV_READY room=POS-023 grid=60x45 cell=4in obstacles=9
ROOMSCALE_FLOOR_NAV_READY room=POS-023 grid=60x45 cell=4in obstacles=9
ROOMSCALE_FLOOR_NAV_READY room=POS-023 grid=60x45 cell=4in obstacles=9
ROOMSCALE_FLOOR_NAV_READY room=POS-023 grid=60x45 cell=4in obstacles=9
ROOMSCALE_FLOOR_NAV_READY room=POS-023 grid=60x45 cell=4in obstacles=9
ROOMSCALE_FLOOR_NAV_READY room=POS-023 grid=60x45 cell=4in obstacles=9
ROOMSCALE_FLOOR_NAV_READY room=POS-023 grid=60x45 cell=4in obstacles=9
ROOMSCALE_FLOOR_NAV_READY room=POS-023 grid=60x45 cell=4in obstacles=9
ROOMSCALE_FLOOR_NAV_READY room=POS-023 grid=60x45 cell=4in obstacles=9
ROOMSCALE_FLOOR_NAV_READY room=POS-023 grid=60x45 cell=4in obstacles=9
ROOMSCALE_FLOOR_NAV_READY room=POS-023 grid=60x45 cell=4in obstacles=9
ROOMSCALE_FLOOR_NAV_READY room=POS-023 grid=60x45 cell=4in obstacles=9
ROOMSCALE_FLOOR_NAV_READY room=POS-023 grid=60x45 cell=4in obstacles=9
SCRIPT ERROR: Trying to assign an array of type "Array" to a variable of type "Array[String]".
   at: preview (res://scripts/settlement_site_planner.gd:182)
   GDScript backtrace (most recent call first):
       [0] preview (res://scripts/settlement_site_planner.gd:182)
       [1] select_site (res://scripts/settlement_development_system.gd:130)
       [2] run (res://scripts/poc471_observer.gd:96)
SCRIPT ERROR: Trying to assign an array of type "Array" to a variable of type "Array[String]".
   at: preview (res://scripts/settlement_site_planner.gd:182)
   GDScript backtrace (most recent call first):
       [0] preview (res://scripts/settlement_site_planner.gd:182)
       [1] select_site (res://scripts/settlement_development_system.gd:130)
       [2] run (res://scripts/poc471_observer.gd:97)
SCRIPT ERROR: Invalid access to property or key 'valid' on a base object of type 'Dictionary'.
   at: run (res://scripts/poc471_observer.gd:104)
   GDScript backtrace (most recent call first):
       [0] run (res://scripts/poc471_observer.gd:104)
