Godot Engine v4.7.2.stable.official.ed1daf0bf - https://godotengine.org

ROOMSCALE_VISUAL_ASSET object=desk source=res://assets/generated/writing_desk.glb normalization={ "source_bounds": [P: (-34.0, 0.0, -17.0), S: (68.0, 30.0, 34.0)], "fitted_dimensions": (68.0, 30.0, 34.0) }
ROOMSCALE_VISUAL_ASSET object=side_table source=res://assets/generated/writing_desk.glb normalization={ "source_bounds": [P: (-34.0, 0.0, -17.0), S: (68.0, 30.0, 34.0)], "fitted_dimensions": (20.0, 20.0, 17.0) }
ROOMSCALE_FLOOR_NAV_READY room=room_poc45 grid=60x45 cell=4in obstacles=13
ROOMSCALE_CITIZEN_SPAWN count=50 separate_nodes=true height=0.5in
ROOMSCALE_FISHBOWL_READY governor=true population=50 camera=true room=room_poc45 speed=10.0
ROOMSCALE_CIVILIZATION_READY speed=10.0 governor=true spectator=true
ROOMSCALE_M2_READY Godot=4.7.2-stable (official) room=room_poc45 size=240x180 in citizens=50
POC4_RESOURCE_REACH resource=water source=water_cup region=STUDY_SURFACE
POC45_DAY {"days":0.0166666666666666,"drinks":0,"economy":{"food":{"available":300.0,"consumed":0.0,"delivered":0.0,"in_transit":0.0,"received":0.0,"reserved":0.0},"metal":{"available":0.0,"consumed":0.0,"delivered":0.0,"in_transit":0.0,"received":0.0,"reserved":0.0},"water":{"available":100.0,"consumed":0.0,"delivered":0.0,"in_transit":0.0,"received":0.0,"reserved":0.0},"wood":{"available":0.0,"consumed":0.0,"delivered":0.0,"in_transit":0.0,"received":0.0,"reserved":0.0}},"food_days":3.0,"meals":0,"population":50,"resting":0,"rests":0,"shelter":50,"urgent":0,"water_days":0.666666666666667} projects=[] growth=Insufficient shelter for entire cohort
ROOMSCALE_FLOOR_NAV_READY room=room_poc45 grid=60x45 cell=4in obstacles=13
ROOMSCALE_FLOOR_NAV_READY room=room_poc45 grid=60x45 cell=4in obstacles=13
ROOMSCALE_FLOOR_NAV_READY room=room_poc45 grid=60x45 cell=4in obstacles=13
ROOMSCALE_FLOOR_NAV_READY room=room_poc45 grid=60x45 cell=4in obstacles=13
ROOMSCALE_FLOOR_NAV_READY room=room_poc45 grid=60x45 cell=4in obstacles=13
ROOMSCALE_FLOOR_NAV_READY room=room_poc45 grid=60x45 cell=4in obstacles=13
ROOMSCALE_FLOOR_NAV_READY room=room_poc45 grid=60x45 cell=4in obstacles=13
ROOMSCALE_FLOOR_NAV_READY room=room_poc45 grid=60x45 cell=4in obstacles=13
POC4_SALVAGE_STAGE object=bookcase state=STRIPPED work=8.0 yields={ "metal": 2.0 }
POC4_SALVAGE_STAGE object=bookcase state=PARTIAL work=20.0 yields={ "wood": 16.0, "metal": 2.0 }
ROOMSCALE_FLOOR_NAV_READY room=room_poc45 grid=60x45 cell=4in obstacles=13
POC4_SALVAGE_STAGE object=bookcase state=FRAME work=32.0 yields={ "wood": 12.0 }
ROOMSCALE_FLOOR_NAV_READY room=room_poc45 grid=60x45 cell=4in obstacles=12
POC4_SALVAGE_STAGE object=bookcase state=DEPLETED work=42.0 yields={ "wood": 14.0 }
POC45_DAY {"days":1.00000000000011,"drinks":145,"economy":{"food":{"available":293.0,"consumed":94.0,"delivered":0.0,"in_transit":0.0,"received":88.0,"reserved":1.0},"metal":{"available":0.0,"consumed":4.0,"delivered":0.0,"in_transit":0.0,"received":4.0,"reserved":0.0},"water":{"available":169.0,"consumed":145.0,"delivered":0.0,"in_transit":0.0,"received":216.0,"reserved":2.0},"wood":{"available":38.0,"consumed":4.0,"delivered":0.0,"in_transit":0.0,"received":42.0,"reserved":0.0}},"food_days":2.93,"meals":94,"population":50,"resting":1,"rests":50,"shelter":50,"urgent":6,"water_days":1.12666666666667} projects=[] growth=Insufficient shelter for entire cohort
ROOMSCALE_FLOOR_NAV_READY room=room_poc45 grid=60x45 cell=4in obstacles=12
ROOMSCALE_FLOOR_NAV_READY room=room_poc45 grid=60x45 cell=4in obstacles=12
ROOMSCALE_FLOOR_NAV_READY room=room_poc45 grid=60x45 cell=4in obstacles=12
ROOMSCALE_FLOOR_NAV_READY room=room_poc45 grid=60x45 cell=4in obstacles=12
ROOMSCALE_FLOOR_NAV_READY room=room_poc45 grid=60x45 cell=4in obstacles=12
ROOMSCALE_FLOOR_NAV_READY room=room_poc45 grid=60x45 cell=4in obstacles=13
ROOMSCALE_FLOOR_NAV_READY room=room_poc45 grid=60x45 cell=4in obstacles=13
ROOMSCALE_FLOOR_NAV_READY room=room_poc45 grid=60x45 cell=4in obstacles=13
ROOMSCALE_FLOOR_NAV_READY room=room_poc45 grid=60x45 cell=4in obstacles=13
ROOMSCALE_FLOOR_NAV_READY room=room_poc45 grid=60x45 cell=4in obstacles=13
ROOMSCALE_FLOOR_NAV_READY room=room_poc45 grid=60x45 cell=4in obstacles=12
ROOMSCALE_FLOOR_NAV_READY room=room_poc45 grid=60x45 cell=4in obstacles=12
ROOMSCALE_FLOOR_NAV_READY room=room_poc45 grid=60x45 cell=4in obstacles=12
ROOMSCALE_FLOOR_NAV_READY room=room_poc45 grid=60x45 cell=4in obstacles=12
ROOMSCALE_FLOOR_NAV_READY room=room_poc45 grid=60x45 cell=4in obstacles=12
ROOMSCALE_FLOOR_NAV_READY room=room_poc45 grid=60x45 cell=4in obstacles=12
ROOMSCALE_FLOOR_NAV_READY room=room_poc45 grid=60x45 cell=4in obstacles=12
POC4_SALVAGE_STAGE object=storage_box state=STRIPPED work=8.0 yields={ "metal": 2.0 }
POC4_SALVAGE_STAGE object=storage_box state=PARTIAL work=20.0 yields={ "wood": 3.0, "metal": 2.0 }
ROOMSCALE_FLOOR_NAV_READY room=room_poc45 grid=60x45 cell=4in obstacles=12
POC4_SALVAGE_STAGE object=storage_box state=FRAME work=32.0 yields={ "wood": 2.0 }
ROOMSCALE_FLOOR_NAV_READY room=room_poc45 grid=60x45 cell=4in obstacles=11
POC4_SALVAGE_STAGE object=storage_box state=DEPLETED work=42.0 yields={ "wood": 3.0 }
ROOMSCALE_FLOOR_NAV_READY room=room_poc45 grid=60x45 cell=4in obstacles=12
ROOMSCALE_FLOOR_NAV_READY room=room_poc45 grid=60x45 cell=4in obstacles=12
ROOMSCALE_FLOOR_NAV_READY room=room_poc45 grid=60x45 cell=4in obstacles=12
ROOMSCALE_FLOOR_NAV_READY room=room_poc45 grid=60x45 cell=4in obstacles=12
ROOMSCALE_FLOOR_NAV_READY room=room_poc45 grid=60x45 cell=4in obstacles=12
ROOMSCALE_FLOOR_NAV_READY room=room_poc45 grid=60x45 cell=4in obstacles=13
ROOMSCALE_FLOOR_NAV_READY room=room_poc45 grid=60x45 cell=4in obstacles=13
ROOMSCALE_FLOOR_NAV_READY room=room_poc45 grid=60x45 cell=4in obstacles=13
ROOMSCALE_FLOOR_NAV_READY room=room_poc45 grid=60x45 cell=4in obstacles=13
ROOMSCALE_FLOOR_NAV_READY room=room_poc45 grid=60x45 cell=4in obstacles=12
ROOMSCALE_FLOOR_NAV_READY room=room_poc45 grid=60x45 cell=4in obstacles=12
ROOMSCALE_FLOOR_NAV_READY room=room_poc45 grid=60x45 cell=4in obstacles=12
ROOMSCALE_FLOOR_NAV_READY room=room_poc45 grid=60x45 cell=4in obstacles=12
ROOMSCALE_FLOOR_NAV_READY room=room_poc45 grid=60x45 cell=4in obstacles=12
ROOMSCALE_FLOOR_NAV_READY room=room_poc45 grid=60x45 cell=4in obstacles=12
POC4_SALVAGE_STAGE object=side_table state=STRIPPED work=8.0 yields={ "metal": 2.0 }
POC4_SALVAGE_STAGE object=side_table state=PARTIAL work=20.0 yields={ "wood": 3.0, "metal": 2.0 }
ROOMSCALE_FLOOR_NAV_READY room=room_poc45 grid=60x45 cell=4in obstacles=12
POC4_SALVAGE_STAGE object=side_table state=FRAME work=32.0 yields={ "wood": 2.0 }
ROOMSCALE_FLOOR_NAV_READY room=room_poc45 grid=60x45 cell=4in obstacles=11
POC4_SALVAGE_STAGE object=side_table state=DEPLETED work=42.0 yields={ "wood": 3.0 }
ROOMSCALE_FLOOR_NAV_READY room=room_poc45 grid=60x45 cell=4in obstacles=12
POC45_DAY {"days":2.00000000000001,"drinks":300,"economy":{"food":{"available":292.0,"consumed":199.0,"delivered":0.0,"in_transit":0.0,"received":192.0,"reserved":1.0},"metal":{"available":2.0,"consumed":10.0,"delivered":0.0,"in_transit":0.0,"received":12.0,"reserved":0.0},"water":{"available":424.0,"consumed":300.0,"delivered":0.0,"in_transit":0.0,"received":624.0,"reserved":0.0},"wood":{"available":36.0,"consumed":22.0,"delivered":0.0,"in_transit":0.0,"received":58.0,"reserved":0.0}},"food_days":2.92,"meals":199,"population":50,"resting":13,"rests":130,"shelter":60,"urgent":1,"water_days":2.82666666666667} projects=[{"completed":1016.90000000016,"created":895.000000000135,"delivered":{"metal":2.0,"wood":10.0},"delivery_distance":1202.47852256233,"effect_applied":true,"id":"development_001","kind":"housing","required":{"metal":2,"wood":10},"required_work":90.0,"site":"(-4.0, 0.0, 6.0)","stage":"COMPLETE","state":"COMPLETE","target":"(-4.0, 0.0, 15.0)","work":90.0999999999992,"work_by_citizen":{"28":51.9000000000005,"49":38.2000000000003}},{"completed":1198.30000000001,"created":1020.00000000016,"delivered":{"metal":4.0,"wood":8.0},"delivery_distance":1546.71428081905,"effect_applied":true,"id":"development_002","kind":"workshop","required":{"metal":4,"wood":8},"required_work":100.0,"site":"(-52.0, 0.0, 54.0)","stage":"COMPLETE","state":"COMPLETE","target":"(-52.0, 0.0, 63.0)","work":100.899999999999,"work_by_citizen":{"28":50.2000000000004,"44":50.7000000000005}}] growth=Healthy stability window 125/300 seconds
ROOMSCALE_FLOOR_NAV_READY room=room_poc45 grid=60x45 cell=4in obstacles=12
ROOMSCALE_FLOOR_NAV_READY room=room_poc45 grid=60x45 cell=4in obstacles=12
ROOMSCALE_FLOOR_NAV_READY room=room_poc45 grid=60x45 cell=4in obstacles=12
ROOMSCALE_FLOOR_NAV_READY room=room_poc45 grid=60x45 cell=4in obstacles=13
ROOMSCALE_FLOOR_NAV_READY room=room_poc45 grid=60x45 cell=4in obstacles=13
ROOMSCALE_FLOOR_NAV_READY room=room_poc45 grid=60x45 cell=4in obstacles=13
ROOMSCALE_FLOOR_NAV_READY room=room_poc45 grid=60x45 cell=4in obstacles=13
ROOMSCALE_FLOOR_NAV_READY room=room_poc45 grid=60x45 cell=4in obstacles=13
ROOMSCALE_FLOOR_NAV_READY room=room_poc45 grid=60x45 cell=4in obstacles=13
ROOMSCALE_FLOOR_NAV_READY room=room_poc45 grid=60x45 cell=4in obstacles=13
POC45_DAY {"days":3.01666666666575,"drinks":460,"economy":{"food":{"available":323.0,"consumed":303.0,"delivered":0.0,"in_transit":0.0,"received":328.0,"reserved":2.0},"metal":{"available":0.0,"consumed":12.0,"delivered":0.0,"in_transit":0.0,"received":12.0,"reserved":0.0},"water":{"available":464.0,"consumed":460.0,"delivered":0.0,"in_transit":0.0,"received":824.0,"reserved":0.0},"wood":{"available":26.0,"consumed":32.0,"delivered":0.0,"in_transit":0.0,"received":58.0,"reserved":0.0}},"food_days":2.93636363636364,"meals":303,"population":55,"resting":6,"rests":207,"shelter":70,"urgent":2,"water_days":2.81212121212121} projects=[{"completed":1016.90000000016,"created":895.000000000135,"delivered":{"metal":2.0,"wood":10.0},"delivery_distance":1202.47852256233,"effect_applied":true,"id":"development_001","kind":"housing","required":{"metal":2,"wood":10},"required_work":90.0,"site":"(-4.0, 0.0, 6.0)","stage":"COMPLETE","state":"COMPLETE","target":"(-4.0, 0.0, 15.0)","work":90.0999999999992,"work_by_citizen":{"28":51.9000000000005,"49":38.2000000000003}},{"completed":1198.30000000001,"created":1020.00000000016,"delivered":{"metal":4.0,"wood":8.0},"delivery_distance":1546.71428081905,"effect_applied":true,"id":"development_002","kind":"workshop","required":{"metal":4,"wood":8},"required_work":100.0,"site":"(-52.0, 0.0, 54.0)","stage":"COMPLETE","state":"COMPLETE","target":"(-52.0, 0.0, 63.0)","work":100.899999999999,"work_by_citizen":{"28":50.2000000000004,"44":50.7000000000005}},{"completed":1501.29999999973,"created":1384.99999999984,"delivered":{"metal":2.0,"wood":10.0},"delivery_distance":1586.47855167303,"effect_applied":true,"id":"development_003","kind":"housing","required":{"metal":2,"wood":10},"required_work":76.5,"site":"(-36.0, 0.0, 6.0)","stage":"COMPLETE","state":"COMPLETE","target":"(-36.0, 0.0, 15.0)","work":76.5200000000005,"work_by_citizen":{"44":29.9000000000002,"49":46.6200000000007}}] growth=Cohort cooldown
POC45_DAY {"days":4.01666666666484,"drinks":635,"economy":{"food":{"available":360.0,"consumed":420.0,"delivered":0.0,"in_transit":0.0,"received":480.0,"reserved":0.0},"metal":{"available":0.0,"consumed":12.0,"delivered":0.0,"in_transit":0.0,"received":12.0,"reserved":0.0},"water":{"available":513.0,"consumed":635.0,"delivered":0.0,"in_transit":0.0,"received":1048.0,"reserved":0.0},"wood":{"available":26.0,"consumed":32.0,"delivered":0.0,"in_transit":0.0,"received":58.0,"reserved":0.0}},"food_days":3.0,"meals":420,"population":60,"resting":10,"rests":302,"shelter":70,"urgent":0,"water_days":2.85} projects=[{"completed":1016.90000000016,"created":895.000000000135,"delivered":{"metal":2.0,"wood":10.0},"delivery_distance":1202.47852256233,"effect_applied":true,"id":"development_001","kind":"housing","required":{"metal":2,"wood":10},"required_work":90.0,"site":"(-4.0, 0.0, 6.0)","stage":"COMPLETE","state":"COMPLETE","target":"(-4.0, 0.0, 15.0)","work":90.0999999999992,"work_by_citizen":{"28":51.9000000000005,"49":38.2000000000003}},{"completed":1198.30000000001,"created":1020.00000000016,"delivered":{"metal":4.0,"wood":8.0},"delivery_distance":1546.71428081905,"effect_applied":true,"id":"development_002","kind":"workshop","required":{"metal":4,"wood":8},"required_work":100.0,"site":"(-52.0, 0.0, 54.0)","stage":"COMPLETE","state":"COMPLETE","target":"(-52.0, 0.0, 63.0)","work":100.899999999999,"work_by_citizen":{"28":50.2000000000004,"44":50.7000000000005}},{"completed":1501.29999999973,"created":1384.99999999984,"delivered":{"metal":2.0,"wood":10.0},"delivery_distance":1586.47855167303,"effect_applied":true,"id":"development_003","kind":"housing","required":{"metal":2,"wood":10},"required_work":76.5,"site":"(-36.0, 0.0, 6.0)","stage":"COMPLETE","state":"COMPLETE","target":"(-36.0, 0.0, 15.0)","work":76.5200000000005,"work_by_citizen":{"44":29.9000000000002,"49":46.6200000000007}}] growth=Cohort cooldown
ROOMSCALE_FLOOR_NAV_READY room=room_poc45 grid=60x45 cell=4in obstacles=13
ROOMSCALE_FLOOR_NAV_READY room=room_poc45 grid=60x45 cell=4in obstacles=13
ROOMSCALE_FLOOR_NAV_READY room=room_poc45 grid=60x45 cell=4in obstacles=13
ROOMSCALE_FLOOR_NAV_READY room=room_poc45 grid=60x45 cell=4in obstacles=14
ROOMSCALE_FLOOR_NAV_READY room=room_poc45 grid=60x45 cell=4in obstacles=14
ROOMSCALE_FLOOR_NAV_READY room=room_poc45 grid=60x45 cell=4in obstacles=14
ROOMSCALE_FLOOR_NAV_READY room=room_poc45 grid=60x45 cell=4in obstacles=14
ROOMSCALE_FLOOR_NAV_READY room=room_poc45 grid=60x45 cell=4in obstacles=14
ROOMSCALE_FLOOR_NAV_READY room=room_poc45 grid=60x45 cell=4in obstacles=14
ROOMSCALE_FLOOR_NAV_READY room=room_poc45 grid=60x45 cell=4in obstacles=13
ROOMSCALE_FLOOR_NAV_READY room=room_poc45 grid=60x45 cell=4in obstacles=13
ROOMSCALE_FLOOR_NAV_READY room=room_poc45 grid=60x45 cell=4in obstacles=13
ROOMSCALE_FLOOR_NAV_READY room=room_poc45 grid=60x45 cell=4in obstacles=13
ROOMSCALE_FLOOR_NAV_READY room=room_poc45 grid=60x45 cell=4in obstacles=13
POC4_SALVAGE_STAGE object=spare_crate state=STRIPPED work=8.0 yields={ "metal": 2.0 }
POC4_SALVAGE_STAGE object=spare_crate state=PARTIAL work=20.0 yields={ "wood": 4.0, "metal": 2.0 }
ROOMSCALE_FLOOR_NAV_READY room=room_poc45 grid=60x45 cell=4in obstacles=13
POC4_SALVAGE_STAGE object=spare_crate state=FRAME work=32.0 yields={ "wood": 3.0 }
ROOMSCALE_FLOOR_NAV_READY room=room_poc45 grid=60x45 cell=4in obstacles=12
POC4_SALVAGE_STAGE object=spare_crate state=DEPLETED work=42.0 yields={ "wood": 3.0 }
ROOMSCALE_FLOOR_NAV_READY room=room_poc45 grid=60x45 cell=4in obstacles=13
POC45_DAY {"days":5.01666666666393,"drinks":823,"economy":{"food":{"available":389.0,"consumed":543.0,"delivered":0.0,"in_transit":0.0,"received":632.0,"reserved":0.0},"metal":{"available":2.0,"consumed":14.0,"delivered":0.0,"in_transit":0.0,"received":16.0,"reserved":0.0},"water":{"available":549.0,"consumed":823.0,"delivered":0.0,"in_transit":0.0,"received":1272.0,"reserved":0.0},"wood":{"available":26.0,"consumed":42.0,"delivered":0.0,"in_transit":0.0,"received":68.0,"reserved":0.0}},"food_days":2.99230769230769,"meals":543,"population":65,"resting":6,"rests":388,"shelter":80,"urgent":2,"water_days":2.81538461538462} projects=[{"completed":1016.90000000016,"created":895.000000000135,"delivered":{"metal":2.0,"wood":10.0},"delivery_distance":1202.47852256233,"effect_applied":true,"id":"development_001","kind":"housing","required":{"metal":2,"wood":10},"required_work":90.0,"site":"(-4.0, 0.0, 6.0)","stage":"COMPLETE","state":"COMPLETE","target":"(-4.0, 0.0, 15.0)","work":90.0999999999992,"work_by_citizen":{"28":51.9000000000005,"49":38.2000000000003}},{"completed":1198.30000000001,"created":1020.00000000016,"delivered":{"metal":4.0,"wood":8.0},"delivery_distance":1546.71428081905,"effect_applied":true,"id":"development_002","kind":"workshop","required":{"metal":4,"wood":8},"required_work":100.0,"site":"(-52.0, 0.0, 54.0)","stage":"COMPLETE","state":"COMPLETE","target":"(-52.0, 0.0, 63.0)","work":100.899999999999,"work_by_citizen":{"28":50.2000000000004,"44":50.7000000000005}},{"completed":1501.29999999973,"created":1384.99999999984,"delivered":{"metal":2.0,"wood":10.0},"delivery_distance":1586.47855167303,"effect_applied":true,"id":"development_003","kind":"housing","required":{"metal":2,"wood":10},"required_work":76.5,"site":"(-36.0, 0.0, 6.0)","stage":"COMPLETE","state":"COMPLETE","target":"(-36.0, 0.0, 15.0)","work":76.5200000000005,"work_by_citizen":{"44":29.9000000000002,"49":46.6200000000007}},{"completed":2718.89999999862,"created":2594.99999999874,"delivered":{"metal":2.0,"wood":10.0},"delivery_distance":846.596389603208,"effect_applied":true,"id":"development_004","kind":"housing","required":{"metal":2,"wood":10},"required_work":76.5,"site":"(28.0, 0.0, 6.0)","stage":"COMPLETE","state":"COMPLETE","target":"(28.0, 0.0, 15.0)","work":76.5999999999999,"work_by_citizen":{"12":52.3000000000005,"14":24.3000000000001}}] growth=Cohort cooldown
POC45_DAY {"days":6.01666666666302,"drinks":1030,"economy":{"food":{"available":420.0,"consumed":680.0,"delivered":0.0,"in_transit":0.0,"received":800.0,"reserved":0.0},"metal":{"available":2.0,"consumed":14.0,"delivered":0.0,"in_transit":0.0,"received":16.0,"reserved":0.0},"water":{"available":590.0,"consumed":1030.0,"delivered":0.0,"in_transit":0.0,"received":1520.0,"reserved":0.0},"wood":{"available":26.0,"consumed":42.0,"delivered":0.0,"in_transit":0.0,"received":68.0,"reserved":0.0}},"food_days":3.0,"meals":680,"population":70,"resting":12,"rests":500,"shelter":80,"urgent":0,"water_days":2.80952380952381} projects=[{"completed":1016.90000000016,"created":895.000000000135,"delivered":{"metal":2.0,"wood":10.0},"delivery_distance":1202.47852256233,"effect_applied":true,"id":"development_001","kind":"housing","required":{"metal":2,"wood":10},"required_work":90.0,"site":"(-4.0, 0.0, 6.0)","stage":"COMPLETE","state":"COMPLETE","target":"(-4.0, 0.0, 15.0)","work":90.0999999999992,"work_by_citizen":{"28":51.9000000000005,"49":38.2000000000003}},{"completed":1198.30000000001,"created":1020.00000000016,"delivered":{"metal":4.0,"wood":8.0},"delivery_distance":1546.71428081905,"effect_applied":true,"id":"development_002","kind":"workshop","required":{"metal":4,"wood":8},"required_work":100.0,"site":"(-52.0, 0.0, 54.0)","stage":"COMPLETE","state":"COMPLETE","target":"(-52.0, 0.0, 63.0)","work":100.899999999999,"work_by_citizen":{"28":50.2000000000004,"44":50.7000000000005}},{"completed":1501.29999999973,"created":1384.99999999984,"delivered":{"metal":2.0,"wood":10.0},"delivery_distance":1586.47855167303,"effect_applied":true,"id":"development_003","kind":"housing","required":{"metal":2,"wood":10},"required_work":76.5,"site":"(-36.0, 0.0, 6.0)","stage":"COMPLETE","state":"COMPLETE","target":"(-36.0, 0.0, 15.0)","work":76.5200000000005,"work_by_citizen":{"44":29.9000000000002,"49":46.6200000000007}},{"completed":2718.89999999862,"created":2594.99999999874,"delivered":{"metal":2.0,"wood":10.0},"delivery_distance":846.596389603208,"effect_applied":true,"id":"development_004","kind":"housing","required":{"metal":2,"wood":10},"required_work":76.5,"site":"(28.0, 0.0, 6.0)","stage":"COMPLETE","state":"COMPLETE","target":"(28.0, 0.0, 15.0)","work":76.5999999999999,"work_by_citizen":{"12":52.3000000000005,"14":24.3000000000001}}] growth=Cohort cooldown
ROOMSCALE_FLOOR_NAV_READY room=room_poc45 grid=60x45 cell=4in obstacles=13
ROOMSCALE_FLOOR_NAV_READY room=room_poc45 grid=60x45 cell=4in obstacles=13
ROOMSCALE_FLOOR_NAV_READY room=room_poc45 grid=60x45 cell=4in obstacles=14
ROOMSCALE_FLOOR_NAV_READY room=room_poc45 grid=60x45 cell=4in obstacles=14
ROOMSCALE_FLOOR_NAV_READY room=room_poc45 grid=60x45 cell=4in obstacles=14
ROOMSCALE_FLOOR_NAV_READY room=room_poc45 grid=60x45 cell=4in obstacles=14
ROOMSCALE_FLOOR_NAV_READY room=room_poc45 grid=60x45 cell=4in obstacles=14
ROOMSCALE_FLOOR_NAV_READY room=room_poc45 grid=60x45 cell=4in obstacles=14
POC45_DAY {"days":7.01666666666297,"drinks":1248,"economy":{"food":{"available":444.0,"consumed":824.0,"delivered":0.0,"in_transit":0.0,"received":968.0,"reserved":0.0},"metal":{"available":0.0,"consumed":16.0,"delivered":0.0,"in_transit":0.0,"received":16.0,"reserved":0.0},"water":{"available":635.0,"consumed":1248.0,"delivered":0.0,"in_transit":0.0,"received":1784.0,"reserved":1.0},"wood":{"available":16.0,"consumed":52.0,"delivered":0.0,"in_transit":0.0,"received":68.0,"reserved":0.0}},"food_days":2.96,"meals":824,"population":75,"resting":10,"rests":599,"shelter":90,"urgent":2,"water_days":2.82222222222222} projects=[{"completed":1016.90000000016,"created":895.000000000135,"delivered":{"metal":2.0,"wood":10.0},"delivery_distance":1202.47852256233,"effect_applied":true,"id":"development_001","kind":"housing","required":{"metal":2,"wood":10},"required_work":90.0,"site":"(-4.0, 0.0, 6.0)","stage":"COMPLETE","state":"COMPLETE","target":"(-4.0, 0.0, 15.0)","work":90.0999999999992,"work_by_citizen":{"28":51.9000000000005,"49":38.2000000000003}},{"completed":1198.30000000001,"created":1020.00000000016,"delivered":{"metal":4.0,"wood":8.0},"delivery_distance":1546.71428081905,"effect_applied":true,"id":"development_002","kind":"workshop","required":{"metal":4,"wood":8},"required_work":100.0,"site":"(-52.0, 0.0, 54.0)","stage":"COMPLETE","state":"COMPLETE","target":"(-52.0, 0.0, 63.0)","work":100.899999999999,"work_by_citizen":{"28":50.2000000000004,"44":50.7000000000005}},{"completed":1501.29999999973,"created":1384.99999999984,"delivered":{"metal":2.0,"wood":10.0},"delivery_distance":1586.47855167303,"effect_applied":true,"id":"development_003","kind":"housing","required":{"metal":2,"wood":10},"required_work":76.5,"site":"(-36.0, 0.0, 6.0)","stage":"COMPLETE","state":"COMPLETE","target":"(-36.0, 0.0, 15.0)","work":76.5200000000005,"work_by_citizen":{"44":29.9000000000002,"49":46.6200000000007}},{"completed":2718.89999999862,"created":2594.99999999874,"delivered":{"metal":2.0,"wood":10.0},"delivery_distance":846.596389603208,"effect_applied":true,"id":"development_004","kind":"housing","required":{"metal":2,"wood":10},"required_work":76.5,"site":"(28.0, 0.0, 6.0)","stage":"COMPLETE","state":"COMPLETE","target":"(28.0, 0.0, 15.0)","work":76.5999999999999,"work_by_citizen":{"12":52.3000000000005,"14":24.3000000000001}},{"completed":3895.49999999755,"created":3804.99999999763,"delivered":{"metal":2.0,"wood":10.0},"delivery_distance":586.714552618199,"effect_applied":true,"id":"development_005","kind":"housing","required":{"metal":2,"wood":10},"required_work":76.5,"site":"(60.0, 0.0, 54.0)","stage":"COMPLETE","state":"COMPLETE","target":"(60.0, 0.0, 63.0)","work":76.5999999999999,"work_by_citizen":{"7":38.2000000000003,"17":38.4000000000003}}] growth=Cohort cooldown
POC45_DAY {"days":8.01666666666661,"drinks":1484,"economy":{"food":{"available":481.0,"consumed":979.0,"delivered":0.0,"in_transit":0.0,"received":1160.0,"reserved":0.0},"metal":{"available":0.0,"consumed":16.0,"delivered":0.0,"in_transit":0.0,"received":16.0,"reserved":0.0},"water":{"available":680.0,"consumed":1484.0,"delivered":0.0,"in_transit":0.0,"received":2064.0,"reserved":0.0},"wood":{"available":16.0,"consumed":52.0,"delivered":0.0,"in_transit":0.0,"received":68.0,"reserved":0.0}},"food_days":3.00625,"meals":979,"population":80,"resting":9,"rests":727,"shelter":90,"urgent":1,"water_days":2.83333333333333} projects=[{"completed":1016.90000000016,"created":895.000000000135,"delivered":{"metal":2.0,"wood":10.0},"delivery_distance":1202.47852256233,"effect_applied":true,"id":"development_001","kind":"housing","required":{"metal":2,"wood":10},"required_work":90.0,"site":"(-4.0, 0.0, 6.0)","stage":"COMPLETE","state":"COMPLETE","target":"(-4.0, 0.0, 15.0)","work":90.0999999999992,"work_by_citizen":{"28":51.9000000000005,"49":38.2000000000003}},{"completed":1198.30000000001,"created":1020.00000000016,"delivered":{"metal":4.0,"wood":8.0},"delivery_distance":1546.71428081905,"effect_applied":true,"id":"development_002","kind":"workshop","required":{"metal":4,"wood":8},"required_work":100.0,"site":"(-52.0, 0.0, 54.0)","stage":"COMPLETE","state":"COMPLETE","target":"(-52.0, 0.0, 63.0)","work":100.899999999999,"work_by_citizen":{"28":50.2000000000004,"44":50.7000000000005}},{"completed":1501.29999999973,"created":1384.99999999984,"delivered":{"metal":2.0,"wood":10.0},"delivery_distance":1586.47855167303,"effect_applied":true,"id":"development_003","kind":"housing","required":{"metal":2,"wood":10},"required_work":76.5,"site":"(-36.0, 0.0, 6.0)","stage":"COMPLETE","state":"COMPLETE","target":"(-36.0, 0.0, 15.0)","work":76.5200000000005,"work_by_citizen":{"44":29.9000000000002,"49":46.6200000000007}},{"completed":2718.89999999862,"created":2594.99999999874,"delivered":{"metal":2.0,"wood":10.0},"delivery_distance":846.596389603208,"effect_applied":true,"id":"development_004","kind":"housing","required":{"metal":2,"wood":10},"required_work":76.5,"site":"(28.0, 0.0, 6.0)","stage":"COMPLETE","state":"COMPLETE","target":"(28.0, 0.0, 15.0)","work":76.5999999999999,"work_by_citizen":{"12":52.3000000000005,"14":24.3000000000001}},{"completed":3895.49999999755,"created":3804.99999999763,"delivered":{"metal":2.0,"wood":10.0},"delivery_distance":586.714552618199,"effect_applied":true,"id":"development_005","kind":"housing","required":{"metal":2,"wood":10},"required_work":76.5,"site":"(60.0, 0.0, 54.0)","stage":"COMPLETE","state":"COMPLETE","target":"(60.0, 0.0, 63.0)","work":76.5999999999999,"work_by_citizen":{"7":38.2000000000003,"17":38.4000000000003}}] growth=Cohort cooldown
POC45_SCENARIO_PASS {"actual_entities":true,"additional_salvage":true,"autonomous_water":true,"bounded":true,"climb":true,"cohort_rules":true,"completed_navigation":true,"costs_exact":true,"development_haul":true,"development_work":true,"distinct_cohorts":true,"effects_once":true,"frame":true,"haul":true,"healthy":true,"housing":true,"hundred_real":true,"material_blocker":true,"needs_pressure":true,"no_failed_tasks":true,"no_stuck_project":true,"population":true,"recovery":true,"safe_stop":true,"salvage_work":true,"shell":true,"shelter_exact":true,"traversal":true,"workshop":true,"workshop_frame":true,"workshop_shell":true} failure=

