Godot Engine v4.7.2.stable.official.ed1daf0bf - https://godotengine.org
OpenGL API 3.3.0 NVIDIA 591.86 - Compatibility - Using Device: NVIDIA - NVIDIA GeForce RTX 5090

ROOMSCALE_VISUAL_ASSET object=desk source=res://assets/generated/writing_desk.glb normalization={ "source_bounds": [P: (-34.0, 0.0, -17.0), S: (68.0, 30.0, 34.0)], "fitted_dimensions": (68.0, 30.0, 34.0) }
ROOMSCALE_VISUAL_ASSET object=side_table source=res://assets/generated/writing_desk.glb normalization={ "source_bounds": [P: (-34.0, 0.0, -17.0), S: (68.0, 30.0, 34.0)], "fitted_dimensions": (20.0, 20.0, 17.0) }
ROOMSCALE_FLOOR_NAV_READY room=room_a grid=60x45 cell=4in obstacles=11
ROOMSCALE_CITIZEN_SPAWN count=50 separate_nodes=true height=0.5in
ROOMSCALE_M2_READY Godot=4.7.2-stable (official) room=room_a size=240x180 in citizens=50
ROOMSCALE_VISUAL_CAPTURE phase=initial-room path=C:\Users\Zero\python_projects\ai\roomscale\verification\poc3\refinement\pass1/room_a-initial-room.png size=1280x720
ROOMSCALE_VISUAL_CAPTURE phase=living-civilization path=C:\Users\Zero\python_projects\ai\roomscale\verification\poc3\refinement\pass1/room_a-living-civilization.png size=1280x720
ROOMSCALE_VISUAL_CAPTURE phase=settlement-close path=C:\Users\Zero\python_projects\ai\roomscale\verification\poc3\refinement\pass1/room_a-settlement-close.png size=1280x720
ROOMSCALE_VISUAL_CAPTURE phase=citizen-close path=C:\Users\Zero\python_projects\ai\roomscale\verification\poc3\refinement\pass1/room_a-citizen-close.png size=1280x720
ROOMSCALE_TRAVERSAL_START route=87.2in timeout=33.4s start=(2.0, 0.0, -40.0) target=(-58.0, 30.0, -52.0)
ROOMSCALE_M6_BUDGET task=304 type=SURFACE_EXPLORATION route=177.1in added=61.7s cumulative=81.7s
ROOMSCALE_M6_BUDGET task=388 type=SURFACE_TRAVERSAL route=160.1in added=53.1s cumulative=134.8s
ROOMSCALE_M6_BUDGET task=443 type=SURFACE_EXPLORATION route=177.1in added=61.7s cumulative=196.5s
ROOMSCALE_M6_BUDGET task=527 type=SURFACE_TRAVERSAL route=156.8in added=52.2s cumulative=248.7s
ROOMSCALE_M6_BUDGET task=604 type=SURFACE_EXPLORATION route=177.1in added=61.7s cumulative=310.4s
ROOMSCALE_VISUAL_EVIDENCE_PASS room=room_a phases=4 captured=["initial-room", "living-civilization", "settlement-close", "citizen-close"] directory=C:\Users\Zero\python_projects\ai\roomscale\verification\poc3\refinement\pass1
ROOMSCALE_ROOM=room_a TARGET=Desk REGION=STUDY_SURFACE FLOOR=240x180 SITE=(2.0, 0.0, -52.0)
ROOMSCALE_M2_SMOKE_PASS room=room_a citizens=50 active=47 available=2 moving=47 obstacles=11 detour=145.3in
ROOMSCALE_M3_SMOKE_PASS room=room_a selected=Desk investigators=2 arrived=2 barrier=no navigation connection between FLOOR and STUDY_SURFACE elapsed=16.00s
ROOMSCALE_M4_SMOKE_PASS room=room_a deliveries=11 delivered={ "wood": 4, "metal": 4, "mechanical_parts": 3 } builders_returned=true gates=3 components=3 site=(2.0, 0.0, -52.0) elapsed=51.50s
ROOMSCALE_M5_SMOKE_PASS room=room_a cable_segments=8 radius=0.04in partial_deploy=true traverser=Citizen01 height=30.0in walked=87.3in route=87.2in max_step=1.41in max_step_interval=0.217s max_sample_speed=6.50in/s speed_sample_interval=0.217s speed_cap=6.5in/s step_tolerance=0.25in elapsed=13.20s
ROOMSCALE_M6_SMOKE_PASS room=room_a arrivals=3 explorations=3 reused=2 distinct_travelers=3 work=12.0s persistent_link=true combined_max_step=1.41in max_step_interval=0.217s max_sample_speed=6.50in/s speed_sample_interval=0.217s speed_cap=6.5in/s step_tolerance=0.25in elapsed=134.00s budget=310.40s
ROOMSCALE_M8_SMOKE_PASS room=room_a steam=true cog_teeth=8 citizen_inspection=true camera_easing=verified

