Godot Engine v4.7.2.stable.official.ed1daf0bf - https://godotengine.org
OpenGL API 3.3.0 NVIDIA 591.86 - Compatibility - Using Device: NVIDIA - NVIDIA GeForce RTX 5090

ROOMSCALE_FLOOR_NAV_READY room=room_b grid=65x55 cell=4in obstacles=12
ROOMSCALE_CITIZEN_SPAWN count=50 separate_nodes=true height=0.5in
ROOMSCALE_M2_READY Godot=4.7.2-stable (official) room=room_b size=260x220 in citizens=50
ROOMSCALE_VISUAL_CAPTURE phase=initial-room path=C:\Users\Zero\python_projects\ai\roomscale\verification\poc15\visual\cross-room\step-02-room_b/room_b-initial-room.png size=1280x720
ROOMSCALE_VISUAL_CAPTURE phase=citizen-inspection path=C:\Users\Zero\python_projects\ai\roomscale\verification\poc15\visual\cross-room\step-02-room_b/room_b-citizen-inspection.png size=1280x720
ROOMSCALE_VISUAL_CAPTURE phase=living-civilization path=C:\Users\Zero\python_projects\ai\roomscale\verification\poc15\visual\cross-room\step-02-room_b/room_b-living-civilization.png size=1280x720
ROOMSCALE_VISUAL_CAPTURE phase=target-investigation path=C:\Users\Zero\python_projects\ai\roomscale\verification\poc15\visual\cross-room\step-02-room_b/room_b-target-investigation.png size=1280x720
ROOMSCALE_VISUAL_CAPTURE phase=resource-hauling path=C:\Users\Zero\python_projects\ai\roomscale\verification\poc15\visual\cross-room\step-02-room_b/room_b-resource-hauling.png size=1280x720
ROOMSCALE_VISUAL_CAPTURE phase=construction path=C:\Users\Zero\python_projects\ai\roomscale\verification\poc15\visual\cross-room\step-02-room_b/room_b-construction.png size=1280x720
ROOMSCALE_VISUAL_CAPTURE phase=grapple-deployment path=C:\Users\Zero\python_projects\ai\roomscale\verification\poc15\visual\cross-room\step-02-room_b/room_b-grapple-deployment.png size=1280x720
ROOMSCALE_TRAVERSAL_START route=81.2in timeout=32.5s start=(12.0, 0.0, -60.01379) target=(72.0, 36.0, -65.0)
ROOMSCALE_VISUAL_CAPTURE phase=citizen-traversal path=C:\Users\Zero\python_projects\ai\roomscale\verification\poc15\visual\cross-room\step-02-room_b/room_b-citizen-traversal.png size=1280x720
ROOMSCALE_VISUAL_CAPTURE phase=elevated-surface-exploration path=C:\Users\Zero\python_projects\ai\roomscale\verification\poc15\visual\cross-room\step-02-room_b/room_b-elevated-surface-exploration.png size=1280x720
ROOMSCALE_VISUAL_EVIDENCE_PASS room=room_b phases=9 directory=C:\Users\Zero\python_projects\ai\roomscale\verification\poc15\visual\cross-room\step-02-room_b
ROOMSCALE_ROOM=room_b TARGET=Elevated Workbench REGION=BENCH_SURFACE FLOOR=260x220 SITE=(12.0, 0.0, -64.0)
ROOMSCALE_M2_SMOKE_PASS room=room_b citizens=50 active=47 available=2 moving=46 obstacles=12 detour=130.9in
ROOMSCALE_M3_SMOKE_PASS room=room_b selected=Elevated Workbench investigators=2 arrived=2 barrier=no navigation connection between FLOOR and BENCH_SURFACE elapsed=20.50s
ROOMSCALE_M4_SMOKE_PASS room=room_b deliveries=11 delivered={ "wood": 4, "metal": 4, "mechanical_parts": 3 } builders_returned=true gates=3 components=3 site=(12.0, 0.0, -64.0) elapsed=64.00s
ROOMSCALE_M5_SMOKE_PASS room=room_b cable_segments=8 radius=0.07in partial_deploy=true traverser=Citizen32 height=36.0in walked=81.4in route=81.2in max_step=3.20in elapsed=12.00s
ROOMSCALE_M6_SMOKE_PASS room=room_b arrivals=3 explorations=3 reused=2 distinct_travelers=3 work=12.0s persistent_link=true max_step=3.20in elapsed=133.20s
ROOMSCALE_M8_SMOKE_PASS room=room_b steam=true cog_teeth=8 citizen_inspection=true camera_easing=verified

