Godot Engine v4.7.2.stable.official.ed1daf0bf - https://godotengine.org
OpenGL API 3.3.0 NVIDIA 591.86 - Compatibility - Using Device: NVIDIA - NVIDIA GeForce RTX 5090

ROOMSCALE_FLOOR_NAV_READY room=room_a grid=60x45 cell=4in obstacles=11
ROOMSCALE_CITIZEN_SPAWN count=50 separate_nodes=true height=0.5in
ROOMSCALE_M2_READY Godot=4.7.2-stable (official) room=room_a size=240x180 in citizens=50
ROOMSCALE_VISUAL_CAPTURE phase=initial-room path=C:\Users\Zero\python_projects\ai\roomscale\verification\poc15\visual\cross-room\step-03-room_a/room_a-initial-room.png size=1280x720
ROOMSCALE_VISUAL_CAPTURE phase=citizen-inspection path=C:\Users\Zero\python_projects\ai\roomscale\verification\poc15\visual\cross-room\step-03-room_a/room_a-citizen-inspection.png size=1280x720
ROOMSCALE_VISUAL_CAPTURE phase=living-civilization path=C:\Users\Zero\python_projects\ai\roomscale\verification\poc15\visual\cross-room\step-03-room_a/room_a-living-civilization.png size=1280x720
ROOMSCALE_VISUAL_CAPTURE phase=target-investigation path=C:\Users\Zero\python_projects\ai\roomscale\verification\poc15\visual\cross-room\step-03-room_a/room_a-target-investigation.png size=1280x720
ROOMSCALE_VISUAL_CAPTURE phase=resource-hauling path=C:\Users\Zero\python_projects\ai\roomscale\verification\poc15\visual\cross-room\step-03-room_a/room_a-resource-hauling.png size=1280x720
ROOMSCALE_VISUAL_CAPTURE phase=construction path=C:\Users\Zero\python_projects\ai\roomscale\verification\poc15\visual\cross-room\step-03-room_a/room_a-construction.png size=1280x720
ROOMSCALE_VISUAL_CAPTURE phase=grapple-deployment path=C:\Users\Zero\python_projects\ai\roomscale\verification\poc15\visual\cross-room\step-03-room_a/room_a-grapple-deployment.png size=1280x720
ROOMSCALE_TRAVERSAL_START route=79.2in timeout=32.2s start=(2.0, 0.0, -48.21194) target=(-58.0, 30.0, -52.0)
ROOMSCALE_VISUAL_CAPTURE phase=citizen-traversal path=C:\Users\Zero\python_projects\ai\roomscale\verification\poc15\visual\cross-room\step-03-room_a/room_a-citizen-traversal.png size=1280x720
ROOMSCALE_VISUAL_CAPTURE phase=elevated-surface-exploration path=C:\Users\Zero\python_projects\ai\roomscale\verification\poc15\visual\cross-room\step-03-room_a/room_a-elevated-surface-exploration.png size=1280x720
ROOMSCALE_VISUAL_EVIDENCE_PASS room=room_a phases=9 directory=C:\Users\Zero\python_projects\ai\roomscale\verification\poc15\visual\cross-room\step-03-room_a
ROOMSCALE_ROOM=room_a TARGET=Desk REGION=STUDY_SURFACE FLOOR=240x180 SITE=(2.0, 0.0, -52.0)
ROOMSCALE_M2_SMOKE_PASS room=room_a citizens=50 active=47 available=2 moving=43 obstacles=11 detour=145.0in
ROOMSCALE_M3_SMOKE_PASS room=room_a selected=Desk investigators=2 arrived=2 barrier=no navigation connection between FLOOR and STUDY_SURFACE elapsed=16.25s
ROOMSCALE_M4_SMOKE_PASS room=room_a deliveries=11 delivered={ "wood": 4, "metal": 4, "mechanical_parts": 3 } builders_returned=true gates=3 components=3 site=(2.0, 0.0, -52.0) elapsed=51.25s
ROOMSCALE_M5_SMOKE_PASS room=room_a cable_segments=8 radius=0.07in partial_deploy=true traverser=Citizen01 height=30.0in walked=79.4in route=79.2in max_step=3.20in elapsed=11.80s
ROOMSCALE_M6_SMOKE_PASS room=room_a arrivals=3 explorations=3 reused=2 distinct_travelers=3 work=12.0s persistent_link=true max_step=3.20in elapsed=134.40s
ROOMSCALE_M8_SMOKE_PASS room=room_a steam=true cog_teeth=8 citizen_inspection=true camera_easing=verified

