Godot Engine v4.7.2.stable.official.ed1daf0bf - https://godotengine.org
OpenGL API 3.3.0 NVIDIA 591.86 - Compatibility - Using Device: NVIDIA - NVIDIA GeForce RTX 5090

ROOMSCALE_VISUAL_ASSET object=desk source=res://assets/generated/writing_desk.glb normalization={ "source_bounds": [P: (-34.0, 0.0, -17.0), S: (68.0, 30.0, 34.0)], "fitted_dimensions": (68.0, 30.0, 34.0) }
ROOMSCALE_VISUAL_ASSET object=side_table source=res://assets/generated/writing_desk.glb normalization={ "source_bounds": [P: (-34.0, 0.0, -17.0), S: (68.0, 30.0, 34.0)], "fitted_dimensions": (20.0, 20.0, 17.0) }
ROOMSCALE_FLOOR_NAV_READY room=room_poc45 grid=60x45 cell=4in obstacles=13
ROOMSCALE_CITIZEN_SPAWN count=50 separate_nodes=true height=0.5in
ROOMSCALE_FISHBOWL_READY governor=true population=50 camera=true room=room_poc45 speed=10.0
ROOMSCALE_CIVILIZATION_READY speed=10.0 governor=true spectator=true
ROOMSCALE_M2_READY Godot=4.7.2-stable (official) room=room_poc45 size=240x180 in citizens=50
CAMERA_OBSERVE seconds=0.1 distance=300.0 shot={  }
POC4_RESOURCE_REACH resource=water source=water_cup region=STUDY_SURFACE
CAMERA_OBSERVE seconds=10.1 distance=300.0 shot={  }
CAMERA_OBSERVE seconds=20.1 distance=300.0 shot={  }
ROOMSCALE_FLOOR_NAV_READY room=room_poc45 grid=60x45 cell=4in obstacles=13
ROOMSCALE_FLOOR_NAV_READY room=room_poc45 grid=60x45 cell=4in obstacles=13
ROOMSCALE_FLOOR_NAV_READY room=room_poc45 grid=60x45 cell=4in obstacles=13
ROOMSCALE_FLOOR_NAV_READY room=room_poc45 grid=60x45 cell=4in obstacles=13
ROOMSCALE_FLOOR_NAV_READY room=room_poc45 grid=60x45 cell=4in obstacles=13
ROOMSCALE_FLOOR_NAV_READY room=room_poc45 grid=60x45 cell=4in obstacles=13
ROOMSCALE_FLOOR_NAV_READY room=room_poc45 grid=60x45 cell=4in obstacles=13
ROOMSCALE_FLOOR_NAV_READY room=room_poc45 grid=60x45 cell=4in obstacles=13
CAMERA_OBSERVE seconds=30.1000000000002 distance=300.0 shot={  }
CAMERA_OBSERVE seconds=40.1000000000003 distance=300.0 shot={  }
CAMERA_OBSERVE seconds=50.1000000000004 distance=300.0 shot={  }
CAMERA_OBSERVE seconds=60.1000000000006 distance=300.0 shot={  }
CAMERA_OBSERVE seconds=70.1000000000003 distance=300.0 shot={  }
POC4_SALVAGE_STAGE object=bookcase state=STRIPPED work=8.0 yields={ "metal": 2.0 }
CAMERA_OBSERVE seconds=80.0999999999997 distance=295.043715976085 shot={ "key": "event:6", "focus": (91.0, 22.05, -63.0), "distance": 132.3, "event": 6, "headline": "SALVAGE OPERATION", "subtitle": "Bookcase will supply construction materials." }
CAMERA_OBSERVE seconds=90.0999999999992 distance=140.402532513742 shot={ "key": "event:6", "focus": (91.0, 22.05, -63.0), "distance": 132.3, "event": 6, "headline": "SALVAGE OPERATION", "subtitle": "Bookcase will supply construction materials." }
CAMERA_OBSERVE seconds=100.099999999999 distance=132.703401340215 shot={ "key": "event:6", "focus": (91.0, 22.05, -63.0), "distance": 132.3, "event": 6, "headline": "SALVAGE OPERATION", "subtitle": "Bookcase will supply construction materials." }
CAMERA_OBSERVE seconds=110.099999999998 distance=132.320084170105 shot={ "key": "event:6", "focus": (91.0, 22.05, -63.0), "distance": 132.3, "event": 6, "headline": "SALVAGE OPERATION", "subtitle": "Bookcase will supply construction materials." }
CAMERA_OBSERVE seconds=120.099999999997 distance=132.30099993195 shot={ "key": "event:6", "focus": (91.0, 22.05, -63.0), "distance": 132.3, "event": 6, "headline": "SALVAGE OPERATION", "subtitle": "Bookcase will supply construction materials." }
POC4_SALVAGE_STAGE object=bookcase state=PARTIAL work=20.1 yields={ "wood": 16.0, "metal": 2.0 }
CAMERA_OBSERVE seconds=130.099999999997 distance=132.30004978368 shot={ "key": "event:6", "focus": (91.0, 22.05, -63.0), "distance": 132.3, "event": 6, "headline": "SALVAGE OPERATION", "subtitle": "Bookcase will supply construction materials." }
CAMERA_OBSERVE seconds=140.099999999996 distance=132.300002478583 shot={ "key": "event:6", "focus": (91.0, 22.05, -63.0), "distance": 132.3, "event": 6, "headline": "SALVAGE OPERATION", "subtitle": "Bookcase will supply construction materials." }
CAMERA_OBSERVE seconds=150.099999999996 distance=132.300000123401 shot={ "key": "event:6", "focus": (91.0, 22.05, -63.0), "distance": 132.3, "event": 6, "headline": "SALVAGE OPERATION", "subtitle": "Bookcase will supply construction materials." }
CAMERA_OBSERVE seconds=160.099999999995 distance=132.300000006144 shot={ "key": "event:6", "focus": (91.0, 22.05, -63.0), "distance": 132.3, "event": 6, "headline": "SALVAGE OPERATION", "subtitle": "Bookcase will supply construction materials." }
ROOMSCALE_FLOOR_NAV_READY room=room_poc45 grid=60x45 cell=4in obstacles=13
POC4_SALVAGE_STAGE object=bookcase state=FRAME work=32.1 yields={ "wood": 12.0 }
CAMERA_OBSERVE seconds=170.099999999995 distance=49.3464110688204 shot={ "key": "traversal", "focus": (2.0, 3.0, -52.0), "distance": 45.0, "event": 6, "headline": "EXPEDITION TO THE DESK", "subtitle": "Building a grapple route to the water supply" }
CAMERA_OBSERVE seconds=180.099999999994 distance=45.2163950650382 shot={ "key": "traversal", "focus": (2.0, 3.0, -52.0), "distance": 45.0, "event": 6, "headline": "EXPEDITION TO THE DESK", "subtitle": "Building a grapple route to the water supply" }
CAMERA_OBSERVE seconds=190.099999999993 distance=45.0107736758975 shot={ "key": "traversal", "focus": (2.0, 3.0, -52.0), "distance": 45.0, "event": 6, "headline": "EXPEDITION TO THE DESK", "subtitle": "Building a grapple route to the water supply" }
CAMERA_OBSERVE seconds=200.099999999993 distance=45.0005363897385 shot={ "key": "traversal", "focus": (2.0, 3.0, -52.0), "distance": 45.0, "event": 6, "headline": "EXPEDITION TO THE DESK", "subtitle": "Building a grapple route to the water supply" }
ROOMSCALE_FLOOR_NAV_READY room=room_poc45 grid=60x45 cell=4in obstacles=12
POC4_SALVAGE_STAGE object=bookcase state=DEPLETED work=42.1 yields={ "wood": 14.0 }
CAMERA_OBSERVE seconds=210.099999999992 distance=45.0000267052726 shot={ "key": "traversal", "focus": (2.0, 3.0, -52.0), "distance": 45.0, "event": 6, "headline": "EXPEDITION TO THE DESK", "subtitle": "Building a grapple route to the water supply" }
CAMERA_OBSERVE seconds=220.099999999992 distance=45.0000013295772 shot={ "key": "traversal", "focus": (2.0, 3.0, -52.0), "distance": 45.0, "event": 6, "headline": "EXPEDITION TO THE DESK", "subtitle": "Building a grapple route to the water supply" }
CAMERA_OBSERVE seconds=230.099999999991 distance=45.0000000661957 shot={ "key": "traversal", "focus": (2.0, 3.0, -52.0), "distance": 45.0, "event": 6, "headline": "EXPEDITION TO THE DESK", "subtitle": "Building a grapple route to the water supply" }
CAMERA_OBSERVE seconds=240.099999999991 distance=45.0000000032957 shot={ "key": "traversal", "focus": (2.0, 3.0, -52.0), "distance": 45.0, "event": 6, "headline": "EXPEDITION TO THE DESK", "subtitle": "Building a grapple route to the water supply" }
CAMERA_OBSERVE seconds=250.09999999999 distance=45.0000000001641 shot={ "key": "traversal", "focus": (2.0, 3.0, -52.0), "distance": 45.0, "event": 6, "headline": "EXPEDITION TO THE DESK", "subtitle": "Building a grapple route to the water supply" }
CAMERA_OBSERVE seconds=260.099999999991 distance=45.0000000000082 shot={ "key": "traversal", "focus": (2.0, 3.0, -52.0), "distance": 45.0, "event": 6, "headline": "EXPEDITION TO THE DESK", "subtitle": "Building a grapple route to the water supply" }
CAMERA_OBSERVE seconds=270.099999999993 distance=45.0000000000004 shot={ "key": "traversal", "focus": (2.0, 3.0, -52.0), "distance": 45.0, "event": 6, "headline": "EXPEDITION TO THE DESK", "subtitle": "Building a grapple route to the water supply" }
CAMERA_OBSERVE seconds=280.099999999995 distance=45.0000000000001 shot={ "key": "traversal", "focus": (2.0, 3.0, -52.0), "distance": 45.0, "event": 6, "headline": "EXPEDITION TO THE DESK", "subtitle": "Building a grapple route to the water supply" }
CAMERA_OBSERVE seconds=290.099999999997 distance=45.0000000000001 shot={ "key": "traversal", "focus": (2.0, 3.0, -52.0), "distance": 45.0, "event": 6, "headline": "EXPEDITION TO THE DESK", "subtitle": "Building a grapple route to the water supply" }
CAMERA_OBSERVE seconds=300.1 distance=45.0000000000001 shot={ "key": "traversal", "focus": (2.0, 3.0, -52.0), "distance": 45.0, "event": 6, "headline": "EXPEDITION TO THE DESK", "subtitle": "Building a grapple route to the water supply" }
CAMERA_OBSERVE seconds=310.100000000002 distance=45.0000000000001 shot={ "key": "traversal", "focus": (2.0, 3.0, -52.0), "distance": 45.0, "event": 6, "headline": "EXPEDITION TO THE DESK", "subtitle": "Building a grapple route to the water supply" }
CAMERA_OBSERVE seconds=320.100000000004 distance=45.0000000000001 shot={ "key": "traversal", "focus": (2.0, 3.0, -52.0), "distance": 45.0, "event": 6, "headline": "EXPEDITION TO THE DESK", "subtitle": "Building a grapple route to the water supply" }
CAMERA_OBSERVE seconds=330.100000000007 distance=32.6872544735986 shot={ "key": "event:9", "focus": (2.0, 2.0, -52.0), "distance": 32.0, "event": 9, "headline": "NEW ROUTE COMPLETE", "subtitle": "The grapple route is ready for water collectors." }
CAMERA_OBSERVE seconds=340.100000000009 distance=32.0342163854632 shot={ "key": "event:9", "focus": (2.0, 2.0, -52.0), "distance": 32.0, "event": 9, "headline": "NEW ROUTE COMPLETE", "subtitle": "The grapple route is ready for water collectors." }
CAMERA_OBSERVE seconds=350.100000000011 distance=32.0017035335224 shot={ "key": "event:9", "focus": (2.0, 2.0, -52.0), "distance": 32.0, "event": 9, "headline": "NEW ROUTE COMPLETE", "subtitle": "The grapple route is ready for water collectors." }
CAMERA_OBSERVE seconds=360.100000000013 distance=32.0000848139399 shot={ "key": "event:9", "focus": (2.0, 2.0, -52.0), "distance": 32.0, "event": 9, "headline": "NEW ROUTE COMPLETE", "subtitle": "The grapple route is ready for water collectors." }
CAMERA_OBSERVE seconds=370.100000000016 distance=32.0000042226374 shot={ "key": "event:9", "focus": (2.0, 2.0, -52.0), "distance": 32.0, "event": 9, "headline": "NEW ROUTE COMPLETE", "subtitle": "The grapple route is ready for water collectors." }
CAMERA_OBSERVE seconds=380.100000000018 distance=32.0000002102327 shot={ "key": "event:9", "focus": (2.0, 2.0, -52.0), "distance": 32.0, "event": 9, "headline": "NEW ROUTE COMPLETE", "subtitle": "The grapple route is ready for water collectors." }
CAMERA_OBSERVE seconds=390.10000000002 distance=32.0000000104669 shot={ "key": "event:9", "focus": (2.0, 2.0, -52.0), "distance": 32.0, "event": 9, "headline": "NEW ROUTE COMPLETE", "subtitle": "The grapple route is ready for water collectors." }
CAMERA_OBSERVE seconds=400.100000000022 distance=32.0000000005211 shot={ "key": "event:9", "focus": (2.0, 2.0, -52.0), "distance": 32.0, "event": 9, "headline": "NEW ROUTE COMPLETE", "subtitle": "The grapple route is ready for water collectors." }
CAMERA_OBSERVE seconds=410.100000000025 distance=262.707921911944 shot={ "key": "overview", "focus": (0.0, 0.0, 0.0), "distance": 276.0, "event": 9, "headline": "COLONY OVERVIEW", "subtitle": "Day 0.7 · Population 50" }
CAMERA_OBSERVE seconds=420.100000000027 distance=275.338226399479 shot={ "key": "overview", "focus": (0.0, 0.0, 0.0), "distance": 276.0, "event": 9, "headline": "COLONY OVERVIEW", "subtitle": "Day 0.7 · Population 50" }
CAMERA_OBSERVE seconds=430.100000000029 distance=275.967052232507 shot={ "key": "overview", "focus": (0.0, 0.0, 0.0), "distance": 276.0, "event": 9, "headline": "COLONY OVERVIEW", "subtitle": "Day 0.7 · Population 50" }
CAMERA_OBSERVE seconds=440.100000000032 distance=275.998359627247 shot={ "key": "overview", "focus": (0.0, 0.0, 0.0), "distance": 276.0, "event": 9, "headline": "COLONY OVERVIEW", "subtitle": "Day 0.7 · Population 50" }
CAMERA_OBSERVE seconds=450.100000000034 distance=275.99991833065 shot={ "key": "overview", "focus": (0.0, 0.0, 0.0), "distance": 276.0, "event": 9, "headline": "COLONY OVERVIEW", "subtitle": "Day 0.7 · Population 50" }
CAMERA_OBSERVE seconds=460.100000000036 distance=275.999995933923 shot={ "key": "overview", "focus": (0.0, 0.0, 0.0), "distance": 276.0, "event": 9, "headline": "COLONY OVERVIEW", "subtitle": "Day 0.7 · Population 50" }
CAMERA_OBSERVE seconds=470.100000000038 distance=275.999999797562 shot={ "key": "overview", "focus": (0.0, 0.0, 0.0), "distance": 276.0, "event": 9, "headline": "COLONY OVERVIEW", "subtitle": "Day 0.7 · Population 50" }
CAMERA_OBSERVE seconds=480.100000000041 distance=275.999999989921 shot={ "key": "overview", "focus": (0.0, 0.0, 0.0), "distance": 276.0, "event": 9, "headline": "COLONY OVERVIEW", "subtitle": "Day 0.7 · Population 50" }
CAMERA_OBSERVE seconds=490.100000000043 distance=124.037696815794 shot={ "key": "settlement", "focus": (-4.0, 3.0, 54.0), "distance": 115.0, "event": 9, "headline": "LIFE IN THE SETTLEMENT", "subtitle": "50 citizens · Working, carrying and resting" }
CAMERA_OBSERVE seconds=500.100000000045 distance=115.449960429256 shot={ "key": "settlement", "focus": (-4.0, 3.0, 54.0), "distance": 115.0, "event": 9, "headline": "LIFE IN THE SETTLEMENT", "subtitle": "50 citizens · Working, carrying and resting" }
CAMERA_OBSERVE seconds=510.100000000047 distance=115.022402210654 shot={ "key": "settlement", "focus": (-4.0, 3.0, 54.0), "distance": 115.0, "event": 9, "headline": "LIFE IN THE SETTLEMENT", "subtitle": "50 citizens · Working, carrying and resting" }
CAMERA_OBSERVE seconds=520.10000000005 distance=115.001115340393 shot={ "key": "settlement", "focus": (-4.0, 3.0, 54.0), "distance": 115.0, "event": 9, "headline": "LIFE IN THE SETTLEMENT", "subtitle": "50 citizens · Working, carrying and resting" }
CAMERA_OBSERVE seconds=530.100000000052 distance=115.000055529528 shot={ "key": "settlement", "focus": (-4.0, 3.0, 54.0), "distance": 115.0, "event": 9, "headline": "LIFE IN THE SETTLEMENT", "subtitle": "50 citizens · Working, carrying and resting" }
CAMERA_OBSERVE seconds=540.100000000054 distance=115.000002764652 shot={ "key": "settlement", "focus": (-4.0, 3.0, 54.0), "distance": 115.0, "event": 9, "headline": "LIFE IN THE SETTLEMENT", "subtitle": "50 citizens · Working, carrying and resting" }
CAMERA_OBSERVE seconds=550.100000000057 distance=115.000000137644 shot={ "key": "settlement", "focus": (-4.0, 3.0, 54.0), "distance": 115.0, "event": 9, "headline": "LIFE IN THE SETTLEMENT", "subtitle": "50 citizens · Working, carrying and resting" }
CAMERA_OBSERVE seconds=560.100000000059 distance=115.000000006853 shot={ "key": "settlement", "focus": (-4.0, 3.0, 54.0), "distance": 115.0, "event": 9, "headline": "LIFE IN THE SETTLEMENT", "subtitle": "50 citizens · Working, carrying and resting" }
CAMERA_OBSERVE seconds=570.100000000061 distance=115.000000000341 shot={ "key": "settlement", "focus": (-4.0, 3.0, 54.0), "distance": 115.0, "event": 9, "headline": "LIFE IN THE SETTLEMENT", "subtitle": "50 citizens · Working, carrying and resting" }
CAMERA_OBSERVE seconds=580.100000000063 distance=115.000000000017 shot={ "key": "settlement", "focus": (-4.0, 3.0, 54.0), "distance": 115.0, "event": 9, "headline": "LIFE IN THE SETTLEMENT", "subtitle": "50 citizens · Working, carrying and resting" }
CAMERA_OBSERVE seconds=590.100000000066 distance=115.000000000001 shot={ "key": "settlement", "focus": (-4.0, 3.0, 54.0), "distance": 115.0, "event": 9, "headline": "LIFE IN THE SETTLEMENT", "subtitle": "50 citizens · Working, carrying and resting" }
CAMERA_OBSERVE seconds=600.100000000068 distance=115.0 shot={ "key": "settlement", "focus": (-4.0, 3.0, 54.0), "distance": 115.0, "event": 9, "headline": "LIFE IN THE SETTLEMENT", "subtitle": "50 citizens · Working, carrying and resting" }
CAMERA_OBSERVE seconds=610.10000000007 distance=115.0 shot={ "key": "settlement", "focus": (-4.0, 3.0, 54.0), "distance": 115.0, "event": 9, "headline": "LIFE IN THE SETTLEMENT", "subtitle": "50 citizens · Working, carrying and resting" }
CAMERA_OBSERVE seconds=620.100000000072 distance=115.0 shot={ "key": "settlement", "focus": (-4.0, 3.0, 54.0), "distance": 115.0, "event": 9, "headline": "LIFE IN THE SETTLEMENT", "subtitle": "50 citizens · Working, carrying and resting" }
CAMERA_OBSERVE seconds=630.100000000075 distance=115.0 shot={ "key": "settlement", "focus": (-4.0, 3.0, 54.0), "distance": 115.0, "event": 9, "headline": "LIFE IN THE SETTLEMENT", "subtitle": "50 citizens · Working, carrying and resting" }
CAMERA_OBSERVE seconds=640.100000000077 distance=115.0 shot={ "key": "settlement", "focus": (-4.0, 3.0, 54.0), "distance": 115.0, "event": 9, "headline": "LIFE IN THE SETTLEMENT", "subtitle": "50 citizens · Working, carrying and resting" }
CAMERA_OBSERVE seconds=650.100000000079 distance=12.4970477552744 shot={ "key": "citizen:45:RESOURCE_COLLECT", "citizen": 45, "activity_task": "RESOURCE_COLLECT", "focus": (-29.2837, 19.60309, -52.76577), "distance": 6.0, "event": 9, "headline": "EXPEDITION TO THE DESK", "subtitle": "Collecting water for the colony" }
POC46_CAMERA_PASS
