Godot Engine v4.7.2.stable.official.ed1daf0bf - https://godotengine.org

ROOMSCALE_VISUAL_ASSET object=desk source=res://assets/generated/writing_desk.glb normalization={ "source_bounds": [P: (-34.0, 0.0, -17.0), S: (68.0, 30.0, 34.0)], "fitted_dimensions": (68.0, 30.0, 34.0) }
ROOMSCALE_VISUAL_ASSET object=side_table source=res://assets/generated/writing_desk.glb normalization={ "source_bounds": [P: (-34.0, 0.0, -17.0), S: (68.0, 30.0, 34.0)], "fitted_dimensions": (20.0, 20.0, 17.0) }
ROOMSCALE_FLOOR_NAV_READY room=room_poc45 grid=60x45 cell=4in obstacles=11
ROOMSCALE_CITIZEN_SPAWN count=50 separate_nodes=true height=0.5in
ROOMSCALE_M2_READY Godot=4.7.2-stable (official) room=room_poc45 size=240x180 in citizens=50
POC4_RESOURCE_REACH resource=water source=water_cup region=STUDY_SURFACE
POC45_DAY {"days":0.0166666666666666,"drinks":0,"economy":{"food":{"available":300.0,"consumed":0.0,"delivered":0.0,"in_transit":0.0,"received":0.0,"reserved":0.0},"metal":{"available":0.0,"consumed":0.0,"delivered":0.0,"in_transit":0.0,"received":0.0,"reserved":0.0},"water":{"available":100.0,"consumed":0.0,"delivered":0.0,"in_transit":0.0,"received":0.0,"reserved":0.0},"wood":{"available":0.0,"consumed":0.0,"delivered":0.0,"in_transit":0.0,"received":0.0,"reserved":0.0}},"food_days":3.0,"meals":0,"population":50,"resting":0,"rests":0,"shelter":50,"urgent":0,"water_days":0.666666666666667} projects=[] growth=Insufficient shelter for entire cohort
ROOMSCALE_FLOOR_NAV_READY room=room_poc45 grid=60x45 cell=4in obstacles=11
ROOMSCALE_FLOOR_NAV_READY room=room_poc45 grid=60x45 cell=4in obstacles=11
POC4_SALVAGE_STAGE object=bookcase state=STRIPPED work=8.0 yields={ "metal": 2.0 }
POC4_SALVAGE_STAGE object=bookcase state=PARTIAL work=20.1 yields={ "wood": 16.0, "metal": 2.0 }
ROOMSCALE_FLOOR_NAV_READY room=room_poc45 grid=60x45 cell=4in obstacles=11
POC4_SALVAGE_STAGE object=bookcase state=FRAME work=32.1 yields={ "wood": 12.0 }
ROOMSCALE_FLOOR_NAV_READY room=room_poc45 grid=60x45 cell=4in obstacles=10
POC4_SALVAGE_STAGE object=bookcase state=DEPLETED work=42.1 yields={ "wood": 14.0 }
POC45_DAY {"days":1.00000000000011,"drinks":150,"economy":{"food":{"available":288.0,"consumed":99.0,"delivered":0.0,"in_transit":0.0,"received":88.0,"reserved":1.0},"metal":{"available":0.0,"consumed":4.0,"delivered":0.0,"in_transit":0.0,"received":4.0,"reserved":0.0},"water":{"available":142.0,"consumed":150.0,"delivered":0.0,"in_transit":0.0,"received":192.0,"reserved":0.0},"wood":{"available":38.0,"consumed":4.0,"delivered":0.0,"in_transit":0.0,"received":42.0,"reserved":0.0}},"food_days":2.88,"meals":99,"population":50,"resting":1,"rests":50,"shelter":50,"urgent":1,"water_days":0.946666666666667} projects=[] growth=Insufficient shelter for entire cohort
ROOMSCALE_FLOOR_NAV_READY room=room_poc45 grid=60x45 cell=4in obstacles=11
ROOMSCALE_FLOOR_NAV_READY room=room_poc45 grid=60x45 cell=4in obstacles=11
ROOMSCALE_FLOOR_NAV_READY room=room_poc45 grid=60x45 cell=4in obstacles=11
ROOMSCALE_FLOOR_NAV_READY room=room_poc45 grid=60x45 cell=4in obstacles=11
ROOMSCALE_FLOOR_NAV_READY room=room_poc45 grid=60x45 cell=4in obstacles=11
ROOMSCALE_FLOOR_NAV_READY room=room_poc45 grid=60x45 cell=4in obstacles=10
ROOMSCALE_FLOOR_NAV_READY room=room_poc45 grid=60x45 cell=4in obstacles=10
POC4_SALVAGE_STAGE object=storage_box state=STRIPPED work=8.0 yields={ "metal": 2.0 }
POC4_SALVAGE_STAGE object=storage_box state=PARTIAL work=20.0 yields={ "wood": 3.0, "metal": 2.0 }
ROOMSCALE_FLOOR_NAV_READY room=room_poc45 grid=60x45 cell=4in obstacles=10
POC4_SALVAGE_STAGE object=storage_box state=FRAME work=32.0 yields={ "wood": 2.0 }
ROOMSCALE_FLOOR_NAV_READY room=room_poc45 grid=60x45 cell=4in obstacles=9
POC4_SALVAGE_STAGE object=storage_box state=DEPLETED work=42.0 yields={ "wood": 3.0 }
ROOMSCALE_FLOOR_NAV_READY room=room_poc45 grid=60x45 cell=4in obstacles=10
ROOMSCALE_FLOOR_NAV_READY room=room_poc45 grid=60x45 cell=4in obstacles=11
ROOMSCALE_FLOOR_NAV_READY room=room_poc45 grid=60x45 cell=4in obstacles=11
ROOMSCALE_FLOOR_NAV_READY room=room_poc45 grid=60x45 cell=4in obstacles=11
ROOMSCALE_FLOOR_NAV_READY room=room_poc45 grid=60x45 cell=4in obstacles=11
ROOMSCALE_FLOOR_NAV_READY room=room_poc45 grid=60x45 cell=4in obstacles=11
ROOMSCALE_FLOOR_NAV_READY room=room_poc45 grid=60x45 cell=4in obstacles=11
ROOMSCALE_FLOOR_NAV_READY room=room_poc45 grid=60x45 cell=4in obstacles=10
ROOMSCALE_FLOOR_NAV_READY room=room_poc45 grid=60x45 cell=4in obstacles=10
POC4_SALVAGE_STAGE object=side_table state=STRIPPED work=8.0 yields={ "metal": 2.0 }
POC4_SALVAGE_STAGE object=side_table state=PARTIAL work=20.0 yields={ "wood": 3.0, "metal": 2.0 }
ROOMSCALE_FLOOR_NAV_READY room=room_poc45 grid=60x45 cell=4in obstacles=10
POC4_SALVAGE_STAGE object=side_table state=FRAME work=32.0 yields={ "wood": 2.0 }
ROOMSCALE_FLOOR_NAV_READY room=room_poc45 grid=60x45 cell=4in obstacles=9
POC4_SALVAGE_STAGE object=side_table state=DEPLETED work=42.0 yields={ "wood": 3.0 }
POC45_DAY {"days":2.00000000000001,"drinks":299,"economy":{"food":{"available":293.0,"consumed":198.0,"delivered":0.0,"in_transit":0.0,"received":192.0,"reserved":1.0},"metal":{"available":2.0,"consumed":6.0,"delivered":3.0,"in_transit":1.0,"received":12.0,"reserved":0.0},"water":{"available":385.0,"consumed":299.0,"delivered":0.0,"in_transit":0.0,"received":584.0,"reserved":0.0},"wood":{"available":33.0,"consumed":14.0,"delivered":8.0,"in_transit":0.0,"received":55.0,"reserved":0.0}},"food_days":2.93,"meals":198,"population":50,"resting":9,"rests":128,"shelter":60,"urgent":2,"water_days":2.56666666666667} projects=[{"completed":1097.4000000001,"created":950.000000000147,"delivered":{"metal":2.0,"wood":10.0},"delivery_distance":1146.24355423389,"effect_applied":true,"id":"development_001","kind":"housing","required":{"metal":2,"wood":10},"required_work":90.0,"site":"(-4.0, 0.0, 6.0)","stage":"COMPLETE","state":"COMPLETE","target":"(-4.0, 0.0, 15.0)","work":90.0999999999992,"work_by_citizen":{"21":57.0000000000005,"30":33.1000000000002}},{"completed":-1.0,"created":1100.0000000001,"delivered":{"metal":3.0,"wood":8.0},"delivery_distance":1542.27241928494,"effect_applied":false,"id":"development_002","kind":"workshop","required":{"metal":4,"wood":8},"required_work":100.0,"site":"(-52.0, 0.0, 38.0)","stage":"FOUNDATION","state":"WAITING_FOR_MATERIALS","target":"(-52.0, 0.0, 47.0)","work":0.0,"work_by_citizen":{}}] growth=Healthy stability window 30/300 seconds
ROOMSCALE_FLOOR_NAV_READY room=room_poc45 grid=60x45 cell=4in obstacles=10
ROOMSCALE_FLOOR_NAV_READY room=room_poc45 grid=60x45 cell=4in obstacles=11
ROOMSCALE_FLOOR_NAV_READY room=room_poc45 grid=60x45 cell=4in obstacles=11
ROOMSCALE_FLOOR_NAV_READY room=room_poc45 grid=60x45 cell=4in obstacles=11
ROOMSCALE_FLOOR_NAV_READY room=room_poc45 grid=60x45 cell=4in obstacles=11
ROOMSCALE_FLOOR_NAV_READY room=room_poc45 grid=60x45 cell=4in obstacles=11
ROOMSCALE_FLOOR_NAV_READY room=room_poc45 grid=60x45 cell=4in obstacles=11
ROOMSCALE_FLOOR_NAV_READY room=room_poc45 grid=60x45 cell=4in obstacles=11
POC45_DAY {"days":3.01666666666575,"drinks":455,"economy":{"food":{"available":332.0,"consumed":304.0,"delivered":0.0,"in_transit":0.0,"received":336.0,"reserved":0.0},"metal":{"available":0.0,"consumed":12.0,"delivered":0.0,"in_transit":0.0,"received":12.0,"reserved":0.0},"water":{"available":468.0,"consumed":455.0,"delivered":0.0,"in_transit":0.0,"received":824.0,"reserved":1.0},"wood":{"available":26.0,"consumed":32.0,"delivered":0.0,"in_transit":0.0,"received":58.0,"reserved":0.0}},"food_days":3.01818181818182,"meals":304,"population":55,"resting":4,"rests":204,"shelter":70,"urgent":1,"water_days":2.83636363636364} projects=[{"completed":1097.4000000001,"created":950.000000000147,"delivered":{"metal":2.0,"wood":10.0},"delivery_distance":1146.24355423389,"effect_applied":true,"id":"development_001","kind":"housing","required":{"metal":2,"wood":10},"required_work":90.0,"site":"(-4.0, 0.0, 6.0)","stage":"COMPLETE","state":"COMPLETE","target":"(-4.0, 0.0, 15.0)","work":90.0999999999992,"work_by_citizen":{"21":57.0000000000005,"30":33.1000000000002}},{"completed":1286.59999999993,"created":1100.0000000001,"delivered":{"metal":4.0,"wood":8.0},"delivery_distance":1682.4790028563,"effect_applied":true,"id":"development_002","kind":"workshop","required":{"metal":4,"wood":8},"required_work":100.0,"site":"(-52.0, 0.0, 38.0)","stage":"COMPLETE","state":"COMPLETE","target":"(-52.0, 0.0, 47.0)","work":100.099999999999,"work_by_citizen":{"10":49.9000000000004,"47":50.2000000000004}},{"completed":1582.59999999966,"created":1479.99999999975,"delivered":{"metal":2.0,"wood":10.0},"delivery_distance":1354.71447422431,"effect_applied":true,"id":"development_003","kind":"housing","required":{"metal":2,"wood":10},"required_work":76.5,"site":"(-52.0, 0.0, 70.0)","stage":"COMPLETE","state":"COMPLETE","target":"(-52.0, 0.0, 79.0)","work":76.5999999999999,"work_by_citizen":{"27":37.5000000000003,"28":39.1000000000003}}] growth=Cohort cooldown
POC45_DAY {"days":4.01666666666484,"drinks":625,"economy":{"food":{"available":353.0,"consumed":419.0,"delivered":0.0,"in_transit":0.0,"received":472.0,"reserved":0.0},"metal":{"available":0.0,"consumed":12.0,"delivered":0.0,"in_transit":0.0,"received":12.0,"reserved":0.0},"water":{"available":504.0,"consumed":625.0,"delivered":0.0,"in_transit":0.0,"received":1032.0,"reserved":3.0},"wood":{"available":26.0,"consumed":32.0,"delivered":0.0,"in_transit":0.0,"received":58.0,"reserved":0.0}},"food_days":2.94166666666667,"meals":419,"population":60,"resting":6,"rests":300,"shelter":70,"urgent":5,"water_days":2.8} projects=[{"completed":1097.4000000001,"created":950.000000000147,"delivered":{"metal":2.0,"wood":10.0},"delivery_distance":1146.24355423389,"effect_applied":true,"id":"development_001","kind":"housing","required":{"metal":2,"wood":10},"required_work":90.0,"site":"(-4.0, 0.0, 6.0)","stage":"COMPLETE","state":"COMPLETE","target":"(-4.0, 0.0, 15.0)","work":90.0999999999992,"work_by_citizen":{"21":57.0000000000005,"30":33.1000000000002}},{"completed":1286.59999999993,"created":1100.0000000001,"delivered":{"metal":4.0,"wood":8.0},"delivery_distance":1682.4790028563,"effect_applied":true,"id":"development_002","kind":"workshop","required":{"metal":4,"wood":8},"required_work":100.0,"site":"(-52.0, 0.0, 38.0)","stage":"COMPLETE","state":"COMPLETE","target":"(-52.0, 0.0, 47.0)","work":100.099999999999,"work_by_citizen":{"10":49.9000000000004,"47":50.2000000000004}},{"completed":1582.59999999966,"created":1479.99999999975,"delivered":{"metal":2.0,"wood":10.0},"delivery_distance":1354.71447422431,"effect_applied":true,"id":"development_003","kind":"housing","required":{"metal":2,"wood":10},"required_work":76.5,"site":"(-52.0, 0.0, 70.0)","stage":"COMPLETE","state":"COMPLETE","target":"(-52.0, 0.0, 79.0)","work":76.5999999999999,"work_by_citizen":{"27":37.5000000000003,"28":39.1000000000003}}] growth=Cohort cooldown
ROOMSCALE_FLOOR_NAV_READY room=room_poc45 grid=60x45 cell=4in obstacles=12
ROOMSCALE_FLOOR_NAV_READY room=room_poc45 grid=60x45 cell=4in obstacles=12
ROOMSCALE_FLOOR_NAV_READY room=room_poc45 grid=60x45 cell=4in obstacles=12
ROOMSCALE_FLOOR_NAV_READY room=room_poc45 grid=60x45 cell=4in obstacles=12
ROOMSCALE_FLOOR_NAV_READY room=room_poc45 grid=60x45 cell=4in obstacles=12
ROOMSCALE_FLOOR_NAV_READY room=room_poc45 grid=60x45 cell=4in obstacles=11
ROOMSCALE_FLOOR_NAV_READY room=room_poc45 grid=60x45 cell=4in obstacles=11
POC4_SALVAGE_STAGE object=chair state=STRIPPED work=8.0 yields={ "metal": 2.0 }
POC4_SALVAGE_STAGE object=chair state=PARTIAL work=20.0 yields={ "wood": 5.0, "metal": 2.0 }
ROOMSCALE_FLOOR_NAV_READY room=room_poc45 grid=60x45 cell=4in obstacles=11
POC4_SALVAGE_STAGE object=chair state=FRAME work=32.0 yields={ "wood": 3.0 }
ROOMSCALE_FLOOR_NAV_READY room=room_poc45 grid=60x45 cell=4in obstacles=10
POC4_SALVAGE_STAGE object=chair state=DEPLETED work=42.0 yields={ "wood": 5.0 }
ROOMSCALE_FLOOR_NAV_READY room=room_poc45 grid=60x45 cell=4in obstacles=11
POC45_DAY {"days":5.01666666666393,"drinks":815,"economy":{"food":{"available":379.0,"consumed":544.0,"delivered":0.0,"in_transit":0.0,"received":624.0,"reserved":1.0},"metal":{"available":2.0,"consumed":14.0,"delivered":0.0,"in_transit":0.0,"received":16.0,"reserved":0.0},"water":{"available":546.0,"consumed":815.0,"delivered":0.0,"in_transit":0.0,"received":1264.0,"reserved":3.0},"wood":{"available":29.0,"consumed":42.0,"delivered":0.0,"in_transit":0.0,"received":71.0,"reserved":0.0}},"food_days":2.91538461538462,"meals":544,"population":65,"resting":9,"rests":384,"shelter":80,"urgent":2,"water_days":2.8} projects=[{"completed":1097.4000000001,"created":950.000000000147,"delivered":{"metal":2.0,"wood":10.0},"delivery_distance":1146.24355423389,"effect_applied":true,"id":"development_001","kind":"housing","required":{"metal":2,"wood":10},"required_work":90.0,"site":"(-4.0, 0.0, 6.0)","stage":"COMPLETE","state":"COMPLETE","target":"(-4.0, 0.0, 15.0)","work":90.0999999999992,"work_by_citizen":{"21":57.0000000000005,"30":33.1000000000002}},{"completed":1286.59999999993,"created":1100.0000000001,"delivered":{"metal":4.0,"wood":8.0},"delivery_distance":1682.4790028563,"effect_applied":true,"id":"development_002","kind":"workshop","required":{"metal":4,"wood":8},"required_work":100.0,"site":"(-52.0, 0.0, 38.0)","stage":"COMPLETE","state":"COMPLETE","target":"(-52.0, 0.0, 47.0)","work":100.099999999999,"work_by_citizen":{"10":49.9000000000004,"47":50.2000000000004}},{"completed":1582.59999999966,"created":1479.99999999975,"delivered":{"metal":2.0,"wood":10.0},"delivery_distance":1354.71447422431,"effect_applied":true,"id":"development_003","kind":"housing","required":{"metal":2,"wood":10},"required_work":76.5,"site":"(-52.0, 0.0, 70.0)","stage":"COMPLETE","state":"COMPLETE","target":"(-52.0, 0.0, 79.0)","work":76.5999999999999,"work_by_citizen":{"27":37.5000000000003,"28":39.1000000000003}},{"completed":2826.99999999852,"created":2689.99999999865,"delivered":{"metal":2.0,"wood":10.0},"delivery_distance":434.480200266635,"effect_applied":true,"id":"development_004","kind":"housing","required":{"metal":2,"wood":10},"required_work":76.5,"site":"(44.0, 0.0, 38.0)","stage":"COMPLETE","state":"COMPLETE","target":"(44.0, 0.0, 47.0)","work":76.5999999999999,"work_by_citizen":{"5":41.2000000000003,"61":35.4000000000002}}] growth=Healthy stability window 250/300 seconds
POC45_DAY {"days":6.01666666666302,"drinks":1016,"economy":{"food":{"available":412.0,"consumed":680.0,"delivered":0.0,"in_transit":0.0,"received":792.0,"reserved":0.0},"metal":{"available":2.0,"consumed":14.0,"delivered":0.0,"in_transit":0.0,"received":16.0,"reserved":0.0},"water":{"available":592.0,"consumed":1016.0,"delivered":0.0,"in_transit":0.0,"received":1512.0,"reserved":4.0},"wood":{"available":29.0,"consumed":42.0,"delivered":0.0,"in_transit":0.0,"received":71.0,"reserved":0.0}},"food_days":2.94285714285714,"meals":680,"population":70,"resting":7,"rests":497,"shelter":80,"urgent":3,"water_days":2.81904761904762} projects=[{"completed":1097.4000000001,"created":950.000000000147,"delivered":{"metal":2.0,"wood":10.0},"delivery_distance":1146.24355423389,"effect_applied":true,"id":"development_001","kind":"housing","required":{"metal":2,"wood":10},"required_work":90.0,"site":"(-4.0, 0.0, 6.0)","stage":"COMPLETE","state":"COMPLETE","target":"(-4.0, 0.0, 15.0)","work":90.0999999999992,"work_by_citizen":{"21":57.0000000000005,"30":33.1000000000002}},{"completed":1286.59999999993,"created":1100.0000000001,"delivered":{"metal":4.0,"wood":8.0},"delivery_distance":1682.4790028563,"effect_applied":true,"id":"development_002","kind":"workshop","required":{"metal":4,"wood":8},"required_work":100.0,"site":"(-52.0, 0.0, 38.0)","stage":"COMPLETE","state":"COMPLETE","target":"(-52.0, 0.0, 47.0)","work":100.099999999999,"work_by_citizen":{"10":49.9000000000004,"47":50.2000000000004}},{"completed":1582.59999999966,"created":1479.99999999975,"delivered":{"metal":2.0,"wood":10.0},"delivery_distance":1354.71447422431,"effect_applied":true,"id":"development_003","kind":"housing","required":{"metal":2,"wood":10},"required_work":76.5,"site":"(-52.0, 0.0, 70.0)","stage":"COMPLETE","state":"COMPLETE","target":"(-52.0, 0.0, 79.0)","work":76.5999999999999,"work_by_citizen":{"27":37.5000000000003,"28":39.1000000000003}},{"completed":2826.99999999852,"created":2689.99999999865,"delivered":{"metal":2.0,"wood":10.0},"delivery_distance":434.480200266635,"effect_applied":true,"id":"development_004","kind":"housing","required":{"metal":2,"wood":10},"required_work":76.5,"site":"(44.0, 0.0, 38.0)","stage":"COMPLETE","state":"COMPLETE","target":"(44.0, 0.0, 47.0)","work":76.5999999999999,"work_by_citizen":{"5":41.2000000000003,"61":35.4000000000002}}] growth=Cohort cooldown
ROOMSCALE_FLOOR_NAV_READY room=room_poc45 grid=60x45 cell=4in obstacles=12
ROOMSCALE_FLOOR_NAV_READY room=room_poc45 grid=60x45 cell=4in obstacles=12
ROOMSCALE_FLOOR_NAV_READY room=room_poc45 grid=60x45 cell=4in obstacles=12
ROOMSCALE_FLOOR_NAV_READY room=room_poc45 grid=60x45 cell=4in obstacles=12
ROOMSCALE_FLOOR_NAV_READY room=room_poc45 grid=60x45 cell=4in obstacles=12
POC45_DAY {"days":7.01666666666297,"drinks":1233,"economy":{"food":{"available":443.0,"consumed":825.0,"delivered":0.0,"in_transit":0.0,"received":968.0,"reserved":0.0},"metal":{"available":0.0,"consumed":16.0,"delivered":0.0,"in_transit":0.0,"received":16.0,"reserved":0.0},"water":{"available":631.0,"consumed":1233.0,"delivered":0.0,"in_transit":0.0,"received":1768.0,"reserved":4.0},"wood":{"available":19.0,"consumed":52.0,"delivered":0.0,"in_transit":0.0,"received":71.0,"reserved":0.0}},"food_days":2.95333333333333,"meals":825,"population":75,"resting":5,"rests":596,"shelter":90,"urgent":2,"water_days":2.80444444444444} projects=[{"completed":1097.4000000001,"created":950.000000000147,"delivered":{"metal":2.0,"wood":10.0},"delivery_distance":1146.24355423389,"effect_applied":true,"id":"development_001","kind":"housing","required":{"metal":2,"wood":10},"required_work":90.0,"site":"(-4.0, 0.0, 6.0)","stage":"COMPLETE","state":"COMPLETE","target":"(-4.0, 0.0, 15.0)","work":90.0999999999992,"work_by_citizen":{"21":57.0000000000005,"30":33.1000000000002}},{"completed":1286.59999999993,"created":1100.0000000001,"delivered":{"metal":4.0,"wood":8.0},"delivery_distance":1682.4790028563,"effect_applied":true,"id":"development_002","kind":"workshop","required":{"metal":4,"wood":8},"required_work":100.0,"site":"(-52.0, 0.0, 38.0)","stage":"COMPLETE","state":"COMPLETE","target":"(-52.0, 0.0, 47.0)","work":100.099999999999,"work_by_citizen":{"10":49.9000000000004,"47":50.2000000000004}},{"completed":1582.59999999966,"created":1479.99999999975,"delivered":{"metal":2.0,"wood":10.0},"delivery_distance":1354.71447422431,"effect_applied":true,"id":"development_003","kind":"housing","required":{"metal":2,"wood":10},"required_work":76.5,"site":"(-52.0, 0.0, 70.0)","stage":"COMPLETE","state":"COMPLETE","target":"(-52.0, 0.0, 79.0)","work":76.5999999999999,"work_by_citizen":{"27":37.5000000000003,"28":39.1000000000003}},{"completed":2826.99999999852,"created":2689.99999999865,"delivered":{"metal":2.0,"wood":10.0},"delivery_distance":434.480200266635,"effect_applied":true,"id":"development_004","kind":"housing","required":{"metal":2,"wood":10},"required_work":76.5,"site":"(44.0, 0.0, 38.0)","stage":"COMPLETE","state":"COMPLETE","target":"(44.0, 0.0, 47.0)","work":76.5999999999999,"work_by_citizen":{"5":41.2000000000003,"61":35.4000000000002}},{"completed":4015.19999999744,"created":3899.99999999755,"delivered":{"metal":2.0,"wood":10.0},"delivery_distance":1829.89084632666,"effect_applied":true,"id":"development_005","kind":"housing","required":{"metal":2,"wood":10},"required_work":76.5,"site":"(-36.0, 0.0, 6.0)","stage":"COMPLETE","state":"COMPLETE","target":"(-36.0, 0.0, 15.0)","work":76.5000000000002,"work_by_citizen":{"11":24.8000000000001,"54":51.7000000000005}}] growth=Cohort cooldown
POC45_DAY {"days":8.01666666666661,"drinks":1468,"economy":{"food":{"available":480.0,"consumed":980.0,"delivered":0.0,"in_transit":0.0,"received":1160.0,"reserved":0.0},"metal":{"available":0.0,"consumed":16.0,"delivered":0.0,"in_transit":0.0,"received":16.0,"reserved":0.0},"water":{"available":677.0,"consumed":1468.0,"delivered":0.0,"in_transit":0.0,"received":2048.0,"reserved":3.0},"wood":{"available":19.0,"consumed":52.0,"delivered":0.0,"in_transit":0.0,"received":71.0,"reserved":0.0}},"food_days":3.0,"meals":980,"population":80,"resting":11,"rests":715,"shelter":90,"urgent":1,"water_days":2.82083333333333} projects=[{"completed":1097.4000000001,"created":950.000000000147,"delivered":{"metal":2.0,"wood":10.0},"delivery_distance":1146.24355423389,"effect_applied":true,"id":"development_001","kind":"housing","required":{"metal":2,"wood":10},"required_work":90.0,"site":"(-4.0, 0.0, 6.0)","stage":"COMPLETE","state":"COMPLETE","target":"(-4.0, 0.0, 15.0)","work":90.0999999999992,"work_by_citizen":{"21":57.0000000000005,"30":33.1000000000002}},{"completed":1286.59999999993,"created":1100.0000000001,"delivered":{"metal":4.0,"wood":8.0},"delivery_distance":1682.4790028563,"effect_applied":true,"id":"development_002","kind":"workshop","required":{"metal":4,"wood":8},"required_work":100.0,"site":"(-52.0, 0.0, 38.0)","stage":"COMPLETE","state":"COMPLETE","target":"(-52.0, 0.0, 47.0)","work":100.099999999999,"work_by_citizen":{"10":49.9000000000004,"47":50.2000000000004}},{"completed":1582.59999999966,"created":1479.99999999975,"delivered":{"metal":2.0,"wood":10.0},"delivery_distance":1354.71447422431,"effect_applied":true,"id":"development_003","kind":"housing","required":{"metal":2,"wood":10},"required_work":76.5,"site":"(-52.0, 0.0, 70.0)","stage":"COMPLETE","state":"COMPLETE","target":"(-52.0, 0.0, 79.0)","work":76.5999999999999,"work_by_citizen":{"27":37.5000000000003,"28":39.1000000000003}},{"completed":2826.99999999852,"created":2689.99999999865,"delivered":{"metal":2.0,"wood":10.0},"delivery_distance":434.480200266635,"effect_applied":true,"id":"development_004","kind":"housing","required":{"metal":2,"wood":10},"required_work":76.5,"site":"(44.0, 0.0, 38.0)","stage":"COMPLETE","state":"COMPLETE","target":"(44.0, 0.0, 47.0)","work":76.5999999999999,"work_by_citizen":{"5":41.2000000000003,"61":35.4000000000002}},{"completed":4015.19999999744,"created":3899.99999999755,"delivered":{"metal":2.0,"wood":10.0},"delivery_distance":1829.89084632666,"effect_applied":true,"id":"development_005","kind":"housing","required":{"metal":2,"wood":10},"required_work":76.5,"site":"(-36.0, 0.0, 6.0)","stage":"COMPLETE","state":"COMPLETE","target":"(-36.0, 0.0, 15.0)","work":76.5000000000002,"work_by_citizen":{"11":24.8000000000001,"54":51.7000000000005}}] growth=Cohort cooldown
POC45_SCENARIO_PASS {"actual_entities":true,"additional_salvage":true,"autonomous_water":true,"bounded":true,"climb":true,"development_haul":true,"development_work":true,"frame":true,"haul":true,"healthy":true,"housing":true,"material_blocker":true,"needs_pressure":true,"no_failed_tasks":true,"population":true,"recovery":true,"salvage_work":true,"shell":true,"shelter_exact":true,"traversal":true,"workshop":true} failure=
