Godot Engine v4.7.2.stable.official.ed1daf0bf - https://godotengine.org
OpenGL API 3.3.0 NVIDIA 591.86 - Compatibility - Using Device: NVIDIA - NVIDIA GeForce RTX 5090

ROOMSCALE_VISUAL_ASSET object=desk source=res://assets/generated/writing_desk.glb normalization={ "source_bounds": [P: (-34.0, 0.0, -17.0), S: (68.0, 30.0, 34.0)], "fitted_dimensions": (68.0, 30.0, 34.0) }
ROOMSCALE_VISUAL_ASSET object=side_table source=res://assets/generated/writing_desk.glb normalization={ "source_bounds": [P: (-34.0, 0.0, -17.0), S: (68.0, 30.0, 34.0)], "fitted_dimensions": (20.0, 20.0, 17.0) }
ROOMSCALE_FLOOR_NAV_READY room=room_a grid=60x45 cell=4in obstacles=11
ROOMSCALE_CITIZEN_SPAWN count=50 separate_nodes=true height=0.5in
ROOMSCALE_M2_READY Godot=4.7.2-stable (official) room=room_a size=240x180 in citizens=50
ROOMSCALE_VISUAL_CAPTURE phase=initial-room path=C:\Users\Zero\python_projects\ai\roomscale\verification\poc3\refinement\final-polish/room_a-initial-room.png size=1280x720
ROOMSCALE_VISUAL_CAPTURE phase=citizen-inspection path=C:\Users\Zero\python_projects\ai\roomscale\verification\poc3\refinement\final-polish/room_a-citizen-inspection.png size=1280x720
ROOMSCALE_VISUAL_CAPTURE phase=living-civilization path=C:\Users\Zero\python_projects\ai\roomscale\verification\poc3\refinement\final-polish/room_a-living-civilization.png size=1280x720
ROOMSCALE_VISUAL_CAPTURE phase=settlement-close path=C:\Users\Zero\python_projects\ai\roomscale\verification\poc3\refinement\final-polish/room_a-settlement-close.png size=1280x720
ROOMSCALE_VISUAL_CAPTURE phase=citizen-close path=C:\Users\Zero\python_projects\ai\roomscale\verification\poc3\refinement\final-polish/room_a-citizen-close.png size=1280x720
ROOMSCALE_VISUAL_CAPTURE phase=target-investigation path=C:\Users\Zero\python_projects\ai\roomscale\verification\poc3\refinement\final-polish/room_a-target-investigation.png size=1280x720
ROOMSCALE_VISUAL_CAPTURE phase=resource-hauling path=C:\Users\Zero\python_projects\ai\roomscale\verification\poc3\refinement\final-polish/room_a-resource-hauling.png size=1280x720
ROOMSCALE_VISUAL_CAPTURE phase=resource-carry-close path=C:\Users\Zero\python_projects\ai\roomscale\verification\poc3\refinement\final-polish/room_a-resource-carry-close.png size=1280x720
ROOMSCALE_VISUAL_CAPTURE phase=construction path=C:\Users\Zero\python_projects\ai\roomscale\verification\poc3\refinement\final-polish/room_a-construction.png size=1280x720
ROOMSCALE_VISUAL_CAPTURE phase=builder-close path=C:\Users\Zero\python_projects\ai\roomscale\verification\poc3\refinement\final-polish/room_a-builder-close.png size=1280x720
ROOMSCALE_VISUAL_CAPTURE phase=grapple-deployment path=C:\Users\Zero\python_projects\ai\roomscale\verification\poc3\refinement\final-polish/room_a-grapple-deployment.png size=1280x720
ROOMSCALE_VISUAL_CAPTURE phase=grapple-complete path=C:\Users\Zero\python_projects\ai\roomscale\verification\poc3\refinement\final-polish/room_a-grapple-complete.png size=1280x720
ROOMSCALE_TRAVERSAL_START route=87.2in timeout=33.4s start=(2.0, 0.0, -41.84167) target=(-58.0, 30.0, -52.0)
ROOMSCALE_VISUAL_CAPTURE phase=citizen-traversal path=C:\Users\Zero\python_projects\ai\roomscale\verification\poc3\refinement\final-polish/room_a-citizen-traversal.png size=1280x720
ROOMSCALE_VISUAL_CAPTURE phase=citizen-climb-close path=C:\Users\Zero\python_projects\ai\roomscale\verification\poc3\refinement\final-polish/room_a-citizen-climb-close.png size=1280x720
ROOMSCALE_VISUAL_CAPTURE phase=citizen-traversal-detail path=C:\Users\Zero\python_projects\ai\roomscale\verification\poc3\refinement\final-polish/room_a-citizen-traversal-detail.png size=1280x720
ROOMSCALE_M6_BUDGET task=279 type=SURFACE_EXPLORATION route=177.1in added=61.7s cumulative=81.7s
ROOMSCALE_VISUAL_CAPTURE phase=elevated-surface-exploration path=C:\Users\Zero\python_projects\ai\roomscale\verification\poc3\refinement\final-polish/room_a-elevated-surface-exploration.png size=1280x720
ROOMSCALE_VISUAL_CAPTURE phase=elevated-surface-exploration-detail path=C:\Users\Zero\python_projects\ai\roomscale\verification\poc3\refinement\final-polish/room_a-elevated-surface-exploration-detail.png size=1280x720
ROOMSCALE_VISUAL_CAPTURE phase=elevated-citizen-close path=C:\Users\Zero\python_projects\ai\roomscale\verification\poc3\refinement\final-polish/room_a-elevated-citizen-close.png size=1280x720
ROOMSCALE_M6_BUDGET task=368 type=SURFACE_TRAVERSAL route=152.1in added=51.0s cumulative=132.6s
ROOMSCALE_M6_BUDGET task=432 type=SURFACE_EXPLORATION route=177.1in added=61.7s cumulative=194.3s
ROOMSCALE_M6_BUDGET task=516 type=SURFACE_TRAVERSAL route=156.8in added=52.2s cumulative=246.6s
ROOMSCALE_M6_BUDGET task=583 type=SURFACE_EXPLORATION route=177.1in added=61.7s cumulative=308.2s

ERROR: BUG: Unreferenced static string to 0: servers
   at: unref (core/string/string_name.cpp:118)
ERROR: BUG: Unreferenced static string to 0: RenderCullInstances
   at: unref (core/string/string_name.cpp:118)
ERROR: BUG: Unreferenced static string to 0: Physics2DConstraintSolveIslands
   at: unref (core/string/string_name.cpp:118)
ERROR: BUG: Unreferenced static string to 0: Physics2DConstraintSetup
   at: unref (core/string/string_name.cpp:118)
ERROR: BUG: Unreferenced static string to 0: Physics3DConstraintSolveIslands
   at: unref (core/string/string_name.cpp:118)
ERROR: BUG: Unreferenced static string to 0: Physics3DConstraintSetup
   at: unref (core/string/string_name.cpp:118)
ERROR: BUG: Unreferenced static string to 0: _request_gizmo_for_id
   at: unref (core/string/string_name.cpp:118)
ERROR: BUG: Unreferenced static string to 0: .
   at: unref (core/string/string_name.cpp:118)
ERROR: BUG: Unreferenced static string to 0: _enter_world
   at: unref (core/string/string_name.cpp:118)
ERROR: BUG: Unreferenced static string to 0: Variant
   at: unref (core/string/string_name.cpp:118)
ERROR: BUG: Unreferenced static string to 0: @warning_ignore_restore
   at: unref (core/string/string_name.cpp:118)
ERROR: BUG: Unreferenced static string to 0: @warning_ignore_start
   at: unref (core/string/string_name.cpp:118)
ERROR: BUG: Unreferenced static string to 0: @warning_ignore
   at: unref (core/string/string_name.cpp:118)
ERROR: BUG: Unreferenced static string to 0: @icon
   at: unref (core/string/string_name.cpp:118)
ERROR: 7 RID allocations of type '23NavMeshGeometryParser2D' were leaked at exit.
ERROR: 6 RID allocations of type '23NavMeshGeometryParser3D' were leaked at exit.
ERROR: Pages in use exist at exit in PagedAllocator: N12VariantPools11BucketLargeE
   at: ~PagedAllocator (./core/templates/paged_allocator.h:170)
