Godot Engine v4.7.2.stable.official.ed1daf0bf - https://godotengine.org

ROOMSCALE_FLOOR_NAV_READY room=POS-009 grid=60x45 cell=4in obstacles=9
ROOMSCALE_FLOOR_NAV_READY room=POS-009 grid=60x45 cell=4in obstacles=9
ROOMSCALE_VISUAL_ASSET object=alternative_desk source=res://assets/generated/writing_desk.glb normalization={ "source_bounds": [P: (-34.0, 0.0, -17.0), S: (68.0, 30.0, 34.0)], "fitted_dimensions": (68.0, 30.0, 34.0) }
ROOMSCALE_VISUAL_ASSET object=alternative_side_table source=res://assets/generated/writing_desk.glb normalization={ "source_bounds": [P: (-34.0, 0.0, -17.0), S: (68.0, 30.0, 34.0)], "fitted_dimensions": (20.0, 20.0, 17.0) }
ROOMSCALE_FLOOR_NAV_READY room=POS-009 grid=60x45 cell=4in obstacles=9
ROOMSCALE_CITIZEN_SPAWN count=5 separate_nodes=true height=0.5in
ROOMSCALE_FISHBOWL_READY governor=true population=5 camera=true room=POS-009 speed=1.0
ROOMSCALE_CIVILIZATION_READY speed=1.0 governor=true spectator=true
ROOMSCALE_M2_READY Godot=4.7.2-stable (official) room=POS-009 size=240x180 in citizens=5
ROOMSCALE_FLOOR_NAV_READY room=POS-009 grid=60x45 cell=4in obstacles=9
ROOMSCALE_FLOOR_NAV_READY room=POS-009 grid=60x45 cell=4in obstacles=9
ROOMSCALE_FLOOR_NAV_READY room=POS-009 grid=60x45 cell=4in obstacles=9
ROOMSCALE_FLOOR_NAV_READY room=POS-009 grid=60x45 cell=4in obstacles=9
ROOMSCALE_FLOOR_NAV_READY room=POS-009 grid=60x45 cell=4in obstacles=9
ROOMSCALE_FLOOR_NAV_READY room=POS-009 grid=60x45 cell=4in obstacles=9
ROOMSCALE_FLOOR_NAV_READY room=POS-009 grid=60x45 cell=4in obstacles=9
ROOMSCALE_FLOOR_NAV_READY room=POS-009 grid=60x45 cell=4in obstacles=9
ROOMSCALE_FLOOR_NAV_READY room=POS-009 grid=60x45 cell=4in obstacles=9
ROOMSCALE_FLOOR_NAV_READY room=POS-009 grid=60x45 cell=4in obstacles=9
ROOMSCALE_FLOOR_NAV_READY room=POS-009 grid=60x45 cell=4in obstacles=9
ROOMSCALE_FLOOR_NAV_READY room=POS-009 grid=60x45 cell=4in obstacles=9
ROOMSCALE_FLOOR_NAV_READY room=POS-009 grid=60x45 cell=4in obstacles=9
ROOMSCALE_FLOOR_NAV_READY room=POS-009 grid=60x45 cell=4in obstacles=9
ROOMSCALE_FLOOR_NAV_READY room=POS-009 grid=60x45 cell=4in obstacles=9
ROOMSCALE_FLOOR_NAV_READY room=POS-009 grid=60x45 cell=4in obstacles=9
ROOMSCALE_FLOOR_NAV_READY room=POS-009 grid=60x45 cell=4in obstacles=9
ROOMSCALE_FLOOR_NAV_READY room=POS-009 grid=60x45 cell=4in obstacles=9
ROOMSCALE_FLOOR_NAV_READY room=POS-009 grid=60x45 cell=4in obstacles=9
ROOMSCALE_FLOOR_NAV_READY room=POS-009 grid=60x45 cell=4in obstacles=9
ROOMSCALE_FLOOR_NAV_READY room=POS-009 grid=60x45 cell=4in obstacles=9
ROOMSCALE_FLOOR_NAV_READY room=POS-009 grid=60x45 cell=4in obstacles=9
ROOMSCALE_FLOOR_NAV_READY room=POS-009 grid=60x45 cell=4in obstacles=9
ROOMSCALE_FLOOR_NAV_READY room=POS-009 grid=60x45 cell=4in obstacles=9
ROOMSCALE_FLOOR_NAV_READY room=POS-009 grid=60x45 cell=4in obstacles=9
ROOMSCALE_FLOOR_NAV_READY room=POS-009 grid=60x45 cell=4in obstacles=9
ROOMSCALE_FLOOR_NAV_READY room=POS-009 grid=60x45 cell=4in obstacles=9
ROOMSCALE_FLOOR_NAV_READY room=POS-009 grid=60x45 cell=4in obstacles=9
ROOMSCALE_FLOOR_NAV_READY room=POS-009 grid=60x45 cell=4in obstacles=9
ROOMSCALE_FLOOR_NAV_READY room=POS-009 grid=60x45 cell=4in obstacles=9
ROOMSCALE_FLOOR_NAV_READY room=POS-009 grid=60x45 cell=4in obstacles=9
ROOMSCALE_FLOOR_NAV_READY room=POS-009 grid=60x45 cell=4in obstacles=9
POC4_SALVAGE_STAGE object=alternative_chair state=STRIPPED work=8.0 yields={ "metal": 2.0 }
POC4_SALVAGE_STAGE object=alternative_chair state=PARTIAL work=20.0 yields={ "metal": 2.0, "wood": 6.0 }
ROOMSCALE_FLOOR_NAV_READY room=POS-009 grid=60x45 cell=4in obstacles=9
POC4_SALVAGE_STAGE object=alternative_chair state=FRAME work=32.0 yields={ "wood": 4.0 }
ROOMSCALE_FLOOR_NAV_READY room=POS-009 grid=60x45 cell=4in obstacles=8
POC4_SALVAGE_STAGE object=alternative_chair state=DEPLETED work=42.0 yields={ "wood": 6.0 }
ROOMSCALE_FLOOR_NAV_READY room=POS-009 grid=60x45 cell=4in obstacles=9
ROOMSCALE_FLOOR_NAV_READY room=POS-009 grid=60x45 cell=4in obstacles=9
ROOMSCALE_FLOOR_NAV_READY room=POS-009 grid=60x45 cell=4in obstacles=9
ROOMSCALE_FLOOR_NAV_READY room=POS-009 grid=60x45 cell=4in obstacles=9
ROOMSCALE_FLOOR_NAV_READY room=POS-009 grid=60x45 cell=4in obstacles=9
ROOMSCALE_FLOOR_NAV_READY room=POS-009 grid=60x45 cell=4in obstacles=9
ROOMSCALE_FLOOR_NAV_READY room=POS-009 grid=60x45 cell=4in obstacles=10
ROOMSCALE_FLOOR_NAV_READY room=POS-009 grid=60x45 cell=4in obstacles=10
ROOMSCALE_FLOOR_NAV_READY room=POS-009 grid=60x45 cell=4in obstacles=10
ROOMSCALE_FLOOR_NAV_READY room=POS-009 grid=60x45 cell=4in obstacles=10
ROOMSCALE_FLOOR_NAV_READY room=POS-009 grid=60x45 cell=4in obstacles=10
ROOMSCALE_FLOOR_NAV_READY room=POS-009 grid=60x45 cell=4in obstacles=10
ROOMSCALE_FLOOR_NAV_READY room=POS-009 grid=60x45 cell=4in obstacles=10
ROOMSCALE_FLOOR_NAV_READY room=POS-009 grid=60x45 cell=4in obstacles=10
ROOMSCALE_FLOOR_NAV_READY room=POS-009 grid=60x45 cell=4in obstacles=10
ROOMSCALE_FLOOR_NAV_READY room=POS-009 grid=60x45 cell=4in obstacles=10
ROOMSCALE_FLOOR_NAV_READY room=POS-009 grid=60x45 cell=4in obstacles=10
ROOMSCALE_FLOOR_NAV_READY room=POS-009 grid=60x45 cell=4in obstacles=10
ROOMSCALE_FLOOR_NAV_READY room=POS-009 grid=60x45 cell=4in obstacles=10
ROOMSCALE_FLOOR_NAV_READY room=POS-009 grid=60x45 cell=4in obstacles=10
ROOMSCALE_FLOOR_NAV_READY room=POS-009 grid=60x45 cell=4in obstacles=10
ROOMSCALE_FLOOR_NAV_READY room=POS-009 grid=60x45 cell=4in obstacles=10
ROOMSCALE_FLOOR_NAV_READY room=POS-009 grid=60x45 cell=4in obstacles=10
ROOMSCALE_FLOOR_NAV_READY room=POS-009 grid=60x45 cell=4in obstacles=10
ROOMSCALE_FLOOR_NAV_READY room=POS-009 grid=60x45 cell=4in obstacles=10
ROOMSCALE_FLOOR_NAV_READY room=POS-009 grid=60x45 cell=4in obstacles=10
ROOMSCALE_FLOOR_NAV_READY room=POS-009 grid=60x45 cell=4in obstacles=10
ROOMSCALE_FLOOR_NAV_READY room=POS-009 grid=60x45 cell=4in obstacles=10
ROOMSCALE_FLOOR_NAV_READY room=POS-009 grid=60x45 cell=4in obstacles=10
POC4_SALVAGE_STAGE object=alternative_storage_box state=STRIPPED work=8.0 yields={ "metal": 2.0 }
POC4_SALVAGE_STAGE object=alternative_storage_box state=PARTIAL work=20.0 yields={ "metal": 2.0, "wood": 4.0 }
ROOMSCALE_FLOOR_NAV_READY room=POS-009 grid=60x45 cell=4in obstacles=10
POC4_SALVAGE_STAGE object=alternative_storage_box state=FRAME work=32.0 yields={ "wood": 3.0 }
ROOMSCALE_FLOOR_NAV_READY room=POS-009 grid=60x45 cell=4in obstacles=9
POC4_SALVAGE_STAGE object=alternative_storage_box state=DEPLETED work=42.0 yields={ "wood": 3.0 }
ROOMSCALE_FLOOR_NAV_READY room=POS-009 grid=60x45 cell=4in obstacles=10
ROOMSCALE_FLOOR_NAV_READY room=POS-009 grid=60x45 cell=4in obstacles=10
ROOMSCALE_FLOOR_NAV_READY room=POS-009 grid=60x45 cell=4in obstacles=10
ROOMSCALE_FLOOR_NAV_READY room=POS-009 grid=60x45 cell=4in obstacles=10
ROOMSCALE_FLOOR_NAV_READY room=POS-009 grid=60x45 cell=4in obstacles=10
ROOMSCALE_FLOOR_NAV_READY room=POS-009 grid=60x45 cell=4in obstacles=11
POC4_RESOURCE_REACH resource=water source=alternative_water_cup region=ALTERNATIVE_TARGET
ROOMSCALE_FLOOR_NAV_READY room=POS-009 grid=60x45 cell=4in obstacles=11
ROOMSCALE_FLOOR_NAV_READY room=POS-009 grid=60x45 cell=4in obstacles=11
ROOMSCALE_FLOOR_NAV_READY room=POS-009 grid=60x45 cell=4in obstacles=11
ROOMSCALE_FLOOR_NAV_READY room=POS-009 grid=60x45 cell=4in obstacles=11
ROOMSCALE_FLOOR_NAV_READY room=POS-009 grid=60x45 cell=4in obstacles=11
ROOMSCALE_FLOOR_NAV_READY room=POS-009 grid=60x45 cell=4in obstacles=11
POC4_SALVAGE_STAGE object=alternative_bookcase state=STRIPPED work=8.0 yields={ "metal": 2.0 }
POC4_SALVAGE_STAGE object=alternative_bookcase state=PARTIAL work=20.0 yields={ "metal": 2.0, "wood": 20.0 }
ROOMSCALE_FLOOR_NAV_READY room=POS-009 grid=60x45 cell=4in obstacles=11
POC4_SALVAGE_STAGE object=alternative_bookcase state=FRAME work=32.0 yields={ "wood": 15.0 }
ROOMSCALE_FLOOR_NAV_READY room=POS-009 grid=60x45 cell=4in obstacles=10
POC4_SALVAGE_STAGE object=alternative_bookcase state=DEPLETED work=42.0 yields={ "wood": 17.0 }
POC471_OBSERVER_PASS 
