Godot Engine v4.7.2.stable.official.ed1daf0bf - https://godotengine.org

ROOMSCALE_FLOOR_NAV_READY room=POS-006 grid=60x45 cell=4in obstacles=17
ROOMSCALE_FLOOR_NAV_READY room=POS-006 grid=60x45 cell=4in obstacles=17
ROOMSCALE_VISUAL_ASSET object=desk source=res://assets/generated/writing_desk.glb normalization={ "source_bounds": [P: (-34.0, 0.0, -17.0), S: (68.0, 30.0, 34.0)], "fitted_dimensions": (68.0, 30.0, 34.0) }
ROOMSCALE_VISUAL_ASSET object=side_table source=res://assets/generated/writing_desk.glb normalization={ "source_bounds": [P: (-34.0, 0.0, -17.0), S: (68.0, 30.0, 34.0)], "fitted_dimensions": (20.0, 20.0, 17.0) }
ROOMSCALE_FLOOR_NAV_READY room=POS-006 grid=60x45 cell=4in obstacles=17
ROOMSCALE_CITIZEN_SPAWN count=5 separate_nodes=true height=0.5in
ROOMSCALE_FISHBOWL_READY governor=true population=5 camera=true room=POS-006 speed=1.0
ROOMSCALE_CIVILIZATION_READY speed=1.0 governor=true spectator=true
ROOMSCALE_M2_READY Godot=4.7.2-stable (official) room=POS-006 size=240x180 in citizens=5
ROOMSCALE_FLOOR_NAV_READY room=POS-006 grid=60x45 cell=4in obstacles=17
ROOMSCALE_FLOOR_NAV_READY room=POS-006 grid=60x45 cell=4in obstacles=17
ROOMSCALE_FLOOR_NAV_READY room=POS-006 grid=60x45 cell=4in obstacles=17
ROOMSCALE_FLOOR_NAV_READY room=POS-006 grid=60x45 cell=4in obstacles=17
ROOMSCALE_FLOOR_NAV_READY room=POS-006 grid=60x45 cell=4in obstacles=17
ROOMSCALE_FLOOR_NAV_READY room=POS-006 grid=60x45 cell=4in obstacles=17
ROOMSCALE_FLOOR_NAV_READY room=POS-006 grid=60x45 cell=4in obstacles=17
ROOMSCALE_FLOOR_NAV_READY room=POS-006 grid=60x45 cell=4in obstacles=17
ROOMSCALE_FLOOR_NAV_READY room=POS-006 grid=60x45 cell=4in obstacles=17
ROOMSCALE_FLOOR_NAV_READY room=POS-006 grid=60x45 cell=4in obstacles=17
ROOMSCALE_FLOOR_NAV_READY room=POS-006 grid=60x45 cell=4in obstacles=17
ROOMSCALE_FLOOR_NAV_READY room=POS-006 grid=60x45 cell=4in obstacles=17
ROOMSCALE_FLOOR_NAV_READY room=POS-006 grid=60x45 cell=4in obstacles=17
ROOMSCALE_FLOOR_NAV_READY room=POS-006 grid=60x45 cell=4in obstacles=17
ROOMSCALE_FLOOR_NAV_READY room=POS-006 grid=60x45 cell=4in obstacles=17
ROOMSCALE_FLOOR_NAV_READY room=POS-006 grid=60x45 cell=4in obstacles=17
ROOMSCALE_FLOOR_NAV_READY room=POS-006 grid=60x45 cell=4in obstacles=17
ROOMSCALE_FLOOR_NAV_READY room=POS-006 grid=60x45 cell=4in obstacles=17
ROOMSCALE_FLOOR_NAV_READY room=POS-006 grid=60x45 cell=4in obstacles=18
ROOMSCALE_FLOOR_NAV_READY room=POS-006 grid=60x45 cell=4in obstacles=18
POC471_OBSERVER_FAIL Citizen inside navigation obstacle: (-9.08322, 0.0, 57.02774) citizen=3 task=FLOOR_PATROL Missing milestone shelter_complete Missing milestone depot_complete Missing milestone workshop_complete Missing milestone housing_complete Missing milestone sixth_citizen Missing milestone traversal_complete Missing milestone physical_climb Missing milestone elevated_territory
