Godot Engine v4.7.2.stable.official.ed1daf0bf - https://godotengine.org

ROOMSCALE_VISUAL_ASSET object=desk source=res://assets/generated/writing_desk.glb normalization={ "source_bounds": [P: (-34.0, 0.0, -17.0), S: (68.0, 30.0, 34.0)], "fitted_dimensions": (68.0, 30.0, 34.0) }
ROOMSCALE_VISUAL_ASSET object=side_table source=res://assets/generated/writing_desk.glb normalization={ "source_bounds": [P: (-34.0, 0.0, -17.0), S: (68.0, 30.0, 34.0)], "fitted_dimensions": (20.0, 20.0, 17.0) }
ROOMSCALE_FLOOR_NAV_READY room=room_poc4 grid=60x45 cell=4in obstacles=11
ROOMSCALE_CITIZEN_SPAWN count=50 separate_nodes=true height=0.5in
ROOMSCALE_M2_READY Godot=4.7.2-stable (official) room=room_poc4 size=240x180 in citizens=50
POC4_CHECK_PASS 01 population=50 and production simulation initializes
POC4_CHECK_PASS 02 generic elevated water and material sources discovered
POC4_CHECK_PASS 03 persistent citizen needs initialized
POC4_CHECK_PASS 04 starting construction stock insufficient
POC4_CHECK_PASS 05 real need decay and water consumption lower forecast
POC4_CHECK_PASS 06 water shortage forecast
POC4_CHECK_PASS 07 civilization Secure Water directive
POC4_CHECK_PASS 08 water source initially unreachable
POC4_RESOURCE_REACH resource=water source=water_cup region=STUDY_SURFACE
POC4_CHECK_PASS 09 existing physical investigation creates traversal project
POC4_CHECK_PASS 10 protected objects remain intact during shortage
POC4_CHECK_PASS 11 planner explains missing authorized construction resources
POC4_CHECK_PASS 12 high-level salvage authorization
POC4_SALVAGE_STAGE object=chair state=STRIPPED work=8.0 yields={ "metal": 2.0 }
POC4_SALVAGE_STAGE object=chair state=PARTIAL work=20.0 yields={ "wood": 5.0, "metal": 2.0 }
POC4_SALVAGE_STAGE object=chair state=FRAME work=32.0 yields={ "wood": 3.0 }
ROOMSCALE_FLOOR_NAV_READY room=room_poc4 grid=60x45 cell=4in obstacles=10
POC4_SALVAGE_STAGE object=chair state=DEPLETED work=42.0 yields={ "wood": 5.0 }
POC4_CHECK_PASS 13 complete water crisis recovery within bounded time
POC4_CHECK_PASS 14 citizens perform genuine staged salvage work
POC4_CHECK_PASS 15 visible persistent depleted object
POC4_CHECK_PASS 16 physical bundle pickup/carry/delivery
POC4_CHECK_PASS 17 exclusive reserved/transit/delivered/consumed project material
POC4_CHECK_PASS 18 existing construction builds and activates traversal
POC4_CHECK_PASS 19 citizens climb to elevated source and return stored water
POC4_CHECK_PASS 20 recovered water forecast
POC4_M6_PASS recovered_seconds=738.0 water_visits=32 status={"days":1.23000000000017,"drinks":171,"economy":{"food":{"available":303.0,"consumed":100.0,"delivered":0.0,"in_transit":0.0,"received":104.0,"reserved":1.0},"metal":{"available":0.0,"consumed":4.0,"delivered":0.0,"in_transit":0.0,"received":4.0,"reserved":0.0},"water":{"available":163.0,"consumed":171.0,"delivered":0.0,"in_transit":0.0,"received":248.0,"reserved":14.0},"wood":{"available":9.0,"consumed":4.0,"delivered":0.0,"in_transit":0.0,"received":13.0,"reserved":0.0}},"food_days":3.03,"meals":100,"population":50,"resting":10,"rests":66,"shelter":50,"urgent":9,"water_days":1.08666666666667}
POC4_SUSTAINED_DAY 2.25 {"days":2.24666666666645,"drinks":328,"economy":{"food":{"available":295.0,"consumed":200.0,"delivered":0.0,"in_transit":0.0,"received":200.0,"reserved":5.0},"metal":{"available":0.0,"consumed":4.0,"delivered":0.0,"in_transit":0.0,"received":4.0,"reserved":0.0},"water":{"available":401.0,"consumed":328.0,"delivered":0.0,"in_transit":0.0,"received":640.0,"reserved":11.0},"wood":{"available":9.0,"consumed":4.0,"delivered":0.0,"in_transit":0.0,"received":13.0,"reserved":0.0}},"food_days":2.95,"meals":200,"population":50,"resting":2,"rests":149,"shelter":50,"urgent":8,"water_days":2.67333333333333}
POC4_SUSTAINED_DAY 3.25 {"days":3.24666666666554,"drinks":479,"economy":{"food":{"available":300.0,"consumed":300.0,"delivered":0.0,"in_transit":0.0,"received":304.0,"reserved":4.0},"metal":{"available":0.0,"consumed":4.0,"delivered":0.0,"in_transit":0.0,"received":4.0,"reserved":0.0},"water":{"available":411.0,"consumed":479.0,"delivered":0.0,"in_transit":0.0,"received":800.0,"reserved":10.0},"wood":{"available":9.0,"consumed":4.0,"delivered":0.0,"in_transit":0.0,"received":13.0,"reserved":0.0}},"food_days":3.0,"meals":300,"population":50,"resting":4,"rests":228,"shelter":50,"urgent":7,"water_days":2.74}
POC4_SUSTAINED_DAY 4.25 {"days":4.24666666666463,"drinks":628,"economy":{"food":{"available":295.0,"consumed":400.0,"delivered":0.0,"in_transit":0.0,"received":400.0,"reserved":5.0},"metal":{"available":0.0,"consumed":4.0,"delivered":0.0,"in_transit":0.0,"received":4.0,"reserved":0.0},"water":{"available":419.0,"consumed":628.0,"delivered":0.0,"in_transit":0.0,"received":960.0,"reserved":13.0},"wood":{"available":9.0,"consumed":4.0,"delivered":0.0,"in_transit":0.0,"received":13.0,"reserved":0.0}},"food_days":2.95,"meals":400,"population":50,"resting":1,"rests":302,"shelter":50,"urgent":7,"water_days":2.79333333333333}
POC4_SUSTAINED_DAY 5.25 {"days":5.24666666666372,"drinks":781,"economy":{"food":{"available":298.0,"consumed":501.0,"delivered":0.0,"in_transit":0.0,"received":504.0,"reserved":5.0},"metal":{"available":0.0,"consumed":4.0,"delivered":0.0,"in_transit":0.0,"received":4.0,"reserved":0.0},"water":{"available":416.0,"consumed":781.0,"delivered":0.0,"in_transit":0.0,"received":1104.0,"reserved":7.0},"wood":{"available":9.0,"consumed":4.0,"delivered":0.0,"in_transit":0.0,"received":13.0,"reserved":0.0}},"food_days":2.98,"meals":501,"population":50,"resting":9,"rests":379,"shelter":50,"urgent":5,"water_days":2.77333333333333}
POC4_SUSTAINED_DAY 6.25 {"days":6.24666666666281,"drinks":930,"economy":{"food":{"available":295.0,"consumed":602.0,"delivered":0.0,"in_transit":0.0,"received":600.0,"reserved":3.0},"metal":{"available":0.0,"consumed":4.0,"delivered":0.0,"in_transit":0.0,"received":4.0,"reserved":0.0},"water":{"available":415.0,"consumed":930.0,"delivered":0.0,"in_transit":0.0,"received":1256.0,"reserved":11.0},"wood":{"available":9.0,"consumed":4.0,"delivered":0.0,"in_transit":0.0,"received":13.0,"reserved":0.0}},"food_days":2.95,"meals":602,"population":50,"resting":4,"rests":452,"shelter":50,"urgent":7,"water_days":2.76666666666667}
POC4_SUSTAINED_DAY 7.25 {"days":7.24666666666381,"drinks":1081,"economy":{"food":{"available":299.0,"consumed":701.0,"delivered":0.0,"in_transit":0.0,"received":704.0,"reserved":4.0},"metal":{"available":0.0,"consumed":4.0,"delivered":0.0,"in_transit":0.0,"received":4.0,"reserved":0.0},"water":{"available":414.0,"consumed":1081.0,"delivered":0.0,"in_transit":0.0,"received":1408.0,"reserved":13.0},"wood":{"available":9.0,"consumed":4.0,"delivered":0.0,"in_transit":0.0,"received":13.0,"reserved":0.0}},"food_days":2.99,"meals":701,"population":50,"resting":6,"rests":535,"shelter":50,"urgent":6,"water_days":2.76}
POC4_SUSTAINED_DAY 8.23 {"days":8.23000000000072,"drinks":1227,"economy":{"food":{"available":295.0,"consumed":800.0,"delivered":0.0,"in_transit":0.0,"received":800.0,"reserved":5.0},"metal":{"available":0.0,"consumed":4.0,"delivered":0.0,"in_transit":0.0,"received":4.0,"reserved":0.0},"water":{"available":416.0,"consumed":1227.0,"delivered":0.0,"in_transit":0.0,"received":1552.0,"reserved":9.0},"wood":{"available":9.0,"consumed":4.0,"delivered":0.0,"in_transit":0.0,"received":13.0,"reserved":0.0}},"food_days":2.95,"meals":800,"population":50,"resting":3,"rests":605,"shelter":50,"urgent":4,"water_days":2.77333333333333}
POC4_CHECK_PASS 21 ongoing food/water/rest after recovery
POC4_CHECK_PASS 22 depleted salvage and completed infrastructure persist
POC4_CHECK_PASS 23 settlement remains supplied and operational
POC4_CHECK_PASS 24 no failed citizen tasks across sustained simulation
POC4_CHECK_PASS 25 bounded task/inventory lifecycle
POC4_SUSTAINED_PASS days_after_recovery=7
POC4_SCENARIO_PASS {"captures":[],"checks":["01 population=50 and production simulation initializes","02 generic elevated water and material sources discovered","03 persistent citizen needs initialized","04 starting construction stock insufficient","05 real need decay and water consumption lower forecast","06 water shortage forecast","07 civilization Secure Water directive","08 water source initially unreachable","09 existing physical investigation creates traversal project","10 protected objects remain intact during shortage","11 planner explains missing authorized construction resources","12 high-level salvage authorization","13 complete water crisis recovery within bounded time","14 citizens perform genuine staged salvage work","15 visible persistent depleted object","16 physical bundle pickup/carry/delivery","17 exclusive reserved/transit/delivered/consumed project material","18 existing construction builds and activates traversal","19 citizens climb to elevated source and return stored water","20 recovered water forecast","21 ongoing food/water/rest after recovery","22 depleted salvage and completed infrastructure persist","23 settlement remains supplied and operational","24 no failed citizen tasks across sustained simulation","25 bounded task/inventory lifecycle"],"days_after_recovery":7.0,"max_active_task_seconds":257.500000000036,"max_bundles":10,"max_movement_per_tick":0.650003552436829,"max_tasks":500,"max_tickets":24,"observations":{"climb":true,"delivered":true,"haul":true,"in_transit":true,"reserved":true,"salvage_work":true},"recovered_seconds":738.000000000099,"result":"PASS","salvage":{"authorized":true,"progress":0.0,"stage":4,"stages":[{"name":"STRIPPED","work":8.0,"yields":{"metal":2.0}},{"name":"PARTIAL","work":12.0,"yields":{"metal":2.0,"wood":5.0}},{"name":"FRAME","work":12.0,"yields":{"wood":3.0}},{"name":"DEPLETED","work":10.0,"yields":{"wood":5.0}}],"state":"DEPLETED","work":42.0000000000003,"yielded":{"metal":4.0,"wood":13.0}},"source_visits":{"food":100,"water":197},"sources":{"food_cache":{"extracted":{"food":800.0},"initial":{"food":12000.0},"position":"(-44.0, 0.0, 20.0)","region":"FLOOR","remaining":{"food":11200.0},"reserved":{"food":8.0},"work":2.0},"water_cup":{"extracted":{"water":1576.0},"initial":{"water":25000.0},"position":"(-58.0, 30.0, -50.0)","region":"STUDY_SURFACE","remaining":{"water":23424.0},"reserved":{"water":16.0},"work":2.0}},"status":{"days":8.23000000000072,"drinks":1227,"economy":{"food":{"available":295.0,"consumed":800.0,"delivered":0.0,"in_transit":0.0,"received":800.0,"reserved":5.0},"metal":{"available":0.0,"consumed":4.0,"delivered":0.0,"in_transit":0.0,"received":4.0,"reserved":0.0},"water":{"available":416.0,"consumed":1227.0,"delivered":0.0,"in_transit":0.0,"received":1552.0,"reserved":9.0},"wood":{"available":9.0,"consumed":4.0,"delivered":0.0,"in_transit":0.0,"received":13.0,"reserved":0.0}},"food_days":2.95,"meals":800,"population":50,"resting":3,"rests":605,"shelter":50,"urgent":4,"water_days":2.77333333333333},"wall_seconds":32.739}

