Godot Engine v4.7.2.stable.official.ed1daf0bf - https://godotengine.org
OpenGL API 3.3.0 NVIDIA 591.86 - Compatibility - Using Device: NVIDIA - NVIDIA GeForce RTX 5090

ROOMSCALE_VISUAL_ASSET object=desk source=res://assets/generated/writing_desk.glb normalization={ "source_bounds": [P: (-34.0, 0.0, -17.0), S: (68.0, 30.0, 34.0)], "fitted_dimensions": (68.0, 30.0, 34.0) }
ROOMSCALE_VISUAL_ASSET object=side_table source=res://assets/generated/writing_desk.glb normalization={ "source_bounds": [P: (-34.0, 0.0, -17.0), S: (68.0, 30.0, 34.0)], "fitted_dimensions": (20.0, 20.0, 17.0) }
ROOMSCALE_FLOOR_NAV_READY room=room_a grid=60x45 cell=4in obstacles=11
ROOMSCALE_CITIZEN_SPAWN count=50 separate_nodes=true height=0.5in
ROOMSCALE_M2_READY Godot=4.7.2-stable (official) room=room_a size=240x180 in citizens=50
ROOMSCALE_VISUAL_CAPTURE phase=initial-room path=C:\Users\Zero\python_projects\ai\roomscale\verification\poc3\final-reviewed/room_a-initial-room.png size=1280x720
ROOMSCALE_VISUAL_CAPTURE phase=citizen-inspection path=C:\Users\Zero\python_projects\ai\roomscale\verification\poc3\final-reviewed/room_a-citizen-inspection.png size=1280x720
ROOMSCALE_VISUAL_CAPTURE phase=living-civilization path=C:\Users\Zero\python_projects\ai\roomscale\verification\poc3\final-reviewed/room_a-living-civilization.png size=1280x720
ROOMSCALE_VISUAL_CAPTURE phase=settlement-close path=C:\Users\Zero\python_projects\ai\roomscale\verification\poc3\final-reviewed/room_a-settlement-close.png size=1280x720
ROOMSCALE_VISUAL_CAPTURE phase=citizen-close path=C:\Users\Zero\python_projects\ai\roomscale\verification\poc3\final-reviewed/room_a-citizen-close.png size=1280x720
ROOMSCALE_VISUAL_CAPTURE phase=target-investigation path=C:\Users\Zero\python_projects\ai\roomscale\verification\poc3\final-reviewed/room_a-target-investigation.png size=1280x720
ROOMSCALE_VISUAL_CAPTURE phase=resource-hauling path=C:\Users\Zero\python_projects\ai\roomscale\verification\poc3\final-reviewed/room_a-resource-hauling.png size=1280x720
ROOMSCALE_VISUAL_CAPTURE phase=resource-carry-close path=C:\Users\Zero\python_projects\ai\roomscale\verification\poc3\final-reviewed/room_a-resource-carry-close.png size=1280x720
ROOMSCALE_VISUAL_CAPTURE phase=construction path=C:\Users\Zero\python_projects\ai\roomscale\verification\poc3\final-reviewed/room_a-construction.png size=1280x720
ROOMSCALE_VISUAL_CAPTURE phase=builder-close path=C:\Users\Zero\python_projects\ai\roomscale\verification\poc3\final-reviewed/room_a-builder-close.png size=1280x720
ROOMSCALE_VISUAL_CAPTURE phase=grapple-deployment path=C:\Users\Zero\python_projects\ai\roomscale\verification\poc3\final-reviewed/room_a-grapple-deployment.png size=1280x720
ROOMSCALE_VISUAL_CAPTURE phase=grapple-complete path=C:\Users\Zero\python_projects\ai\roomscale\verification\poc3\final-reviewed/room_a-grapple-complete.png size=1280x720
ROOMSCALE_TRAVERSAL_START route=86.5in timeout=33.3s start=(-5.157362, 0.0, -44.84263) target=(-58.0, 30.0, -52.0)
ROOMSCALE_VISUAL_CAPTURE phase=citizen-traversal path=C:\Users\Zero\python_projects\ai\roomscale\verification\poc3\final-reviewed/room_a-citizen-traversal.png size=1280x720
ROOMSCALE_VISUAL_CAPTURE phase=citizen-traversal-detail path=C:\Users\Zero\python_projects\ai\roomscale\verification\poc3\final-reviewed/room_a-citizen-traversal-detail.png size=1280x720
ROOMSCALE_VISUAL_CAPTURE phase=citizen-climb-close path=C:\Users\Zero\python_projects\ai\roomscale\verification\poc3\final-reviewed/room_a-citizen-climb-close.png size=1280x720
ROOMSCALE_M6_BUDGET task=289 type=SURFACE_EXPLORATION route=177.1in added=61.7s cumulative=81.7s
ROOMSCALE_VISUAL_CAPTURE phase=elevated-surface-exploration path=C:\Users\Zero\python_projects\ai\roomscale\verification\poc3\final-reviewed/room_a-elevated-surface-exploration.png size=1280x720
ROOMSCALE_VISUAL_CAPTURE phase=elevated-surface-exploration-detail path=C:\Users\Zero\python_projects\ai\roomscale\verification\poc3\final-reviewed/room_a-elevated-surface-exploration-detail.png size=1280x720
ROOMSCALE_VISUAL_CAPTURE phase=elevated-citizen-close path=C:\Users\Zero\python_projects\ai\roomscale\verification\poc3\final-reviewed/room_a-elevated-citizen-close.png size=1280x720
ROOMSCALE_M6_BUDGET task=372 type=SURFACE_TRAVERSAL route=160.4in added=53.2s cumulative=134.9s
ROOMSCALE_M6_BUDGET task=437 type=SURFACE_EXPLORATION route=177.1in added=61.7s cumulative=196.6s
ROOMSCALE_M6_BUDGET task=510 type=SURFACE_TRAVERSAL route=156.8in added=52.2s cumulative=248.8s
ROOMSCALE_M6_BUDGET task=570 type=SURFACE_EXPLORATION route=177.1in added=61.7s cumulative=310.5s
ROOMSCALE_VISUAL_EVIDENCE_PASS room=room_a phases=18 captured=["initial-room", "citizen-inspection", "living-civilization", "settlement-close", "citizen-close", "target-investigation", "resource-hauling", "resource-carry-close", "construction", "builder-close", "grapple-deployment", "grapple-complete", "citizen-traversal", "citizen-traversal-detail", "citizen-climb-close", "elevated-surface-exploration", "elevated-surface-exploration-detail", "elevated-citizen-close"] directory=C:\Users\Zero\python_projects\ai\roomscale\verification\poc3\final-reviewed
ROOMSCALE_ROOM=room_a TARGET=Desk REGION=STUDY_SURFACE FLOOR=240x180 SITE=(2.0, 0.0, -52.0)
ROOMSCALE_M2_SMOKE_PASS room=room_a citizens=50 active=47 available=2 moving=46 obstacles=11 detour=145.3in
ROOMSCALE_M3_SMOKE_PASS room=room_a selected=Desk investigators=2 arrived=2 barrier=no navigation connection between FLOOR and STUDY_SURFACE elapsed=16.00s
ROOMSCALE_M4_SMOKE_PASS room=room_a deliveries=11 delivered={ "wood": 4, "metal": 4, "mechanical_parts": 3 } builders_returned=true gates=3 components=3 site=(2.0, 0.0, -52.0) elapsed=50.50s
ROOMSCALE_M5_SMOKE_PASS room=room_a cable_segments=8 radius=0.07in partial_deploy=true traverser=Citizen01 height=30.0in walked=87.3in route=86.5in max_step=6.08in max_step_interval=1.034s max_sample_speed=6.50in/s speed_sample_interval=0.217s speed_cap=6.5in/s step_tolerance=0.25in elapsed=11.80s
ROOMSCALE_M6_SMOKE_PASS room=room_a arrivals=3 explorations=3 reused=2 distinct_travelers=3 work=12.0s persistent_link=true combined_max_step=8.77in max_step_interval=1.349s max_sample_speed=6.50in/s speed_sample_interval=0.217s speed_cap=6.5in/s step_tolerance=0.25in elapsed=133.00s budget=310.48s
ROOMSCALE_M8_SMOKE_PASS room=room_a steam=true cog_teeth=8 citizen_inspection=true camera_easing=verified

