Godot Engine v4.7.2.stable.official.ed1daf0bf - https://godotengine.org
OpenGL API 3.3.0 NVIDIA 591.86 - Compatibility - Using Device: NVIDIA - NVIDIA GeForce RTX 5090

ROOMSCALE_FLOOR_NAV_READY room=room_a grid=60x45 cell=4in obstacles=11
ROOMSCALE_CITIZEN_SPAWN count=50 separate_nodes=true height=0.5in
ROOMSCALE_M2_READY Godot=4.7.2-stable (official) room=room_a size=240x180 in citizens=50
ROOMSCALE_VISUAL_CAPTURE phase=settlement-close path=C:\Users\Zero\python_projects\ai\roomscale\verification\poc3\baseline/room_a-settlement-close.png size=1280x720
ROOMSCALE_VISUAL_CAPTURE phase=citizen-close path=C:\Users\Zero\python_projects\ai\roomscale\verification\poc3\baseline/room_a-citizen-close.png size=1280x720
ROOMSCALE_VISUAL_CAPTURE phase=resource-carry-close path=C:\Users\Zero\python_projects\ai\roomscale\verification\poc3\baseline/room_a-resource-carry-close.png size=1280x720
ROOMSCALE_VISUAL_CAPTURE phase=grapple-complete path=C:\Users\Zero\python_projects\ai\roomscale\verification\poc3\baseline/room_a-grapple-complete.png size=1280x720
ROOMSCALE_TRAVERSAL_START route=79.2in timeout=32.2s start=(2.0, 0.0, -49.73334) target=(-58.0, 30.0, -52.0)
ROOMSCALE_M6_BUDGET task=280 type=SURFACE_EXPLORATION route=177.1in added=61.7s cumulative=81.7s
ROOMSCALE_M6_BUDGET task=368 type=SURFACE_TRAVERSAL route=147.2in added=49.6s cumulative=131.3s
ROOMSCALE_M6_BUDGET task=428 type=SURFACE_EXPLORATION route=177.1in added=61.7s cumulative=193.0s
ROOMSCALE_M6_BUDGET task=497 type=SURFACE_TRAVERSAL route=155.2in added=51.8s cumulative=244.8s
ROOMSCALE_M6_BUDGET task=555 type=SURFACE_EXPLORATION route=177.1in added=61.7s cumulative=306.5s
ROOMSCALE_VISUAL_EVIDENCE_PASS room=room_a phases=4 captured=["settlement-close", "citizen-close", "resource-carry-close", "grapple-complete"] directory=C:\Users\Zero\python_projects\ai\roomscale\verification\poc3\baseline
ROOMSCALE_ROOM=room_a TARGET=Desk REGION=STUDY_SURFACE FLOOR=240x180 SITE=(2.0, 0.0, -52.0)
ROOMSCALE_M2_SMOKE_PASS room=room_a citizens=50 active=47 available=2 moving=43 obstacles=11 detour=145.3in
ROOMSCALE_M3_SMOKE_PASS room=room_a selected=Desk investigators=2 arrived=2 barrier=no navigation connection between FLOOR and STUDY_SURFACE elapsed=16.50s
ROOMSCALE_M4_SMOKE_PASS room=room_a deliveries=11 delivered={ "wood": 4, "metal": 4, "mechanical_parts": 3 } builders_returned=true gates=3 components=3 site=(2.0, 0.0, -52.0) elapsed=52.25s
ROOMSCALE_M5_SMOKE_PASS room=room_a cable_segments=8 radius=0.07in partial_deploy=true traverser=Citizen13 height=30.0in walked=79.3in route=79.2in max_step=1.41in max_step_interval=0.217s max_sample_speed=6.50in/s speed_sample_interval=0.217s speed_cap=6.5in/s step_tolerance=0.25in elapsed=11.80s
ROOMSCALE_M6_SMOKE_PASS room=room_a arrivals=3 explorations=3 reused=2 distinct_travelers=3 work=12.0s persistent_link=true combined_max_step=1.41in max_step_interval=0.217s max_sample_speed=6.50in/s speed_sample_interval=0.217s speed_cap=6.5in/s step_tolerance=0.25in elapsed=132.20s budget=306.46s
ROOMSCALE_M8_SMOKE_PASS room=room_a steam=true cog_teeth=8 citizen_inspection=true camera_easing=verified

