Godot Engine v4.7.2.stable.official.ed1daf0bf - https://godotengine.org

ROOMSCALE_VISUAL_ASSET object=desk source=res://assets/generated/writing_desk.glb normalization={ "source_bounds": [P: (-34.0, 0.0, -17.0), S: (68.0, 30.0, 34.0)], "fitted_dimensions": (68.0, 30.0, 34.0) }
ROOMSCALE_VISUAL_ASSET object=side_table source=res://assets/generated/writing_desk.glb normalization={ "source_bounds": [P: (-34.0, 0.0, -17.0), S: (68.0, 30.0, 34.0)], "fitted_dimensions": (20.0, 20.0, 17.0) }
ROOMSCALE_FLOOR_NAV_READY room=room_poc47 grid=60x45 cell=4in obstacles=9
ROOMSCALE_CITIZEN_SPAWN count=5 separate_nodes=true height=0.5in
ROOMSCALE_FISHBOWL_READY governor=true population=5 camera=true room=room_poc47 speed=1.0
ROOMSCALE_CIVILIZATION_READY speed=1.0 governor=true spectator=true
ROOMSCALE_M2_READY Godot=4.7.2-stable (official) room=room_poc47 size=240x180 in citizens=5
ROOMSCALE_FLOOR_NAV_READY room=room_poc47 grid=60x45 cell=4in obstacles=9
ROOMSCALE_FLOOR_NAV_READY room=room_poc47 grid=60x45 cell=4in obstacles=9
ROOMSCALE_FLOOR_NAV_READY room=room_poc47 grid=60x45 cell=4in obstacles=9
ROOMSCALE_FLOOR_NAV_READY room=room_poc47 grid=60x45 cell=4in obstacles=9
ROOMSCALE_FLOOR_NAV_READY room=room_poc47 grid=60x45 cell=4in obstacles=9
ROOMSCALE_FLOOR_NAV_READY room=room_poc47 grid=60x45 cell=4in obstacles=9
ROOMSCALE_FLOOR_NAV_READY room=room_poc47 grid=60x45 cell=4in obstacles=9
ROOMSCALE_FLOOR_NAV_READY room=room_poc47 grid=60x45 cell=4in obstacles=9
ROOMSCALE_FLOOR_NAV_READY room=room_poc47 grid=60x45 cell=4in obstacles=9
ROOMSCALE_FLOOR_NAV_READY room=room_poc47 grid=60x45 cell=4in obstacles=9
ROOMSCALE_FLOOR_NAV_READY room=room_poc47 grid=60x45 cell=4in obstacles=9
ROOMSCALE_FLOOR_NAV_READY room=room_poc47 grid=60x45 cell=4in obstacles=9
ROOMSCALE_FLOOR_NAV_READY room=room_poc47 grid=60x45 cell=4in obstacles=9
ROOMSCALE_FLOOR_NAV_READY room=room_poc47 grid=60x45 cell=4in obstacles=9
POC47_PROGRESS {"active":{"completed":-1.0,"created":5.0,"delivered":{"metal":0.0,"wood":0.0},"delivery_distance":0.0,"effect_applied":false,"id":"development_001","kind":"shelter","required":{"metal":0,"wood":4},"required_work":60.0,"site":"(2.0, 0.0, 36.0)","stage":"FOUNDATION","state":"WAITING_FOR_MATERIALS","target":"(2.0, 0.0, 45.0)","work":0.0,"work_by_citizen":{}},"checkpoints":{"shelter_foundation":5.0,"shelter_started":5.0},"growth":"Settlement infrastructure not yet established","seconds":9.99999999999998,"state":{"days":0.0166666666666666,"drinks":0,"economy":{"food":{"available":20.0,"consumed":0.0,"delivered":0.0,"in_transit":0.0,"received":0.0,"reserved":0.0},"metal":{"available":0.0,"consumed":0.0,"delivered":0.0,"in_transit":0.0,"received":0.0,"reserved":0.0},"water":{"available":30.0,"consumed":0.0,"delivered":0.0,"in_transit":0.0,"received":0.0,"reserved":0.0},"wood":{"available":0.0,"consumed":0.0,"delivered":0.0,"in_transit":0.0,"received":0.0,"reserved":0.0}},"food_days":2.0,"meals":0,"population":5,"resting":0,"rests":0,"shelter":0,"urgent":0,"water_days":2.0}}
POC4_SALVAGE_STAGE object=bookcase state=STRIPPED work=8.0 yields={ "metal": 2.0 }
POC4_SALVAGE_STAGE object=bookcase state=PARTIAL work=20.0 yields={ "wood": 16.0, "metal": 2.0 }
ROOMSCALE_FLOOR_NAV_READY room=room_poc47 grid=60x45 cell=4in obstacles=9
POC4_SALVAGE_STAGE object=bookcase state=FRAME work=32.0 yields={ "wood": 12.0 }
ROOMSCALE_FLOOR_NAV_READY room=room_poc47 grid=60x45 cell=4in obstacles=8
POC4_SALVAGE_STAGE object=bookcase state=DEPLETED work=42.0 yields={ "wood": 14.0 }
ROOMSCALE_FLOOR_NAV_READY room=room_poc47 grid=60x45 cell=4in obstacles=9
ROOMSCALE_FLOOR_NAV_READY room=room_poc47 grid=60x45 cell=4in obstacles=9
ROOMSCALE_FLOOR_NAV_READY room=room_poc47 grid=60x45 cell=4in obstacles=9
ROOMSCALE_FLOOR_NAV_READY room=room_poc47 grid=60x45 cell=4in obstacles=9
ROOMSCALE_FLOOR_NAV_READY room=room_poc47 grid=60x45 cell=4in obstacles=9
ROOMSCALE_FLOOR_NAV_READY room=room_poc47 grid=60x45 cell=4in obstacles=9
ROOMSCALE_FLOOR_NAV_READY room=room_poc47 grid=60x45 cell=4in obstacles=9
ROOMSCALE_FLOOR_NAV_READY room=room_poc47 grid=60x45 cell=4in obstacles=9
ROOMSCALE_FLOOR_NAV_READY room=room_poc47 grid=60x45 cell=4in obstacles=9
ROOMSCALE_FLOOR_NAV_READY room=room_poc47 grid=60x45 cell=4in obstacles=9
ROOMSCALE_FLOOR_NAV_READY room=room_poc47 grid=60x45 cell=4in obstacles=9
ROOMSCALE_FLOOR_NAV_READY room=room_poc47 grid=60x45 cell=4in obstacles=9
ROOMSCALE_FLOOR_NAV_READY room=room_poc47 grid=60x45 cell=4in obstacles=9
ROOMSCALE_FLOOR_NAV_READY room=room_poc47 grid=60x45 cell=4in obstacles=9
ROOMSCALE_FLOOR_NAV_READY room=room_poc47 grid=60x45 cell=4in obstacles=9
ROOMSCALE_FLOOR_NAV_READY room=room_poc47 grid=60x45 cell=4in obstacles=9
ROOMSCALE_FLOOR_NAV_READY room=room_poc47 grid=60x45 cell=4in obstacles=9
ROOMSCALE_FLOOR_NAV_READY room=room_poc47 grid=60x45 cell=4in obstacles=9
ROOMSCALE_FLOOR_NAV_READY room=room_poc47 grid=60x45 cell=4in obstacles=9
ROOMSCALE_FLOOR_NAV_READY room=room_poc47 grid=60x45 cell=4in obstacles=9
ROOMSCALE_FLOOR_NAV_READY room=room_poc47 grid=60x45 cell=4in obstacles=9
ROOMSCALE_FLOOR_NAV_READY room=room_poc47 grid=60x45 cell=4in obstacles=9
ROOMSCALE_FLOOR_NAV_READY room=room_poc47 grid=60x45 cell=4in obstacles=9
ROOMSCALE_FLOOR_NAV_READY room=room_poc47 grid=60x45 cell=4in obstacles=9
ROOMSCALE_FLOOR_NAV_READY room=room_poc47 grid=60x45 cell=4in obstacles=9
ROOMSCALE_FLOOR_NAV_READY room=room_poc47 grid=60x45 cell=4in obstacles=9
ROOMSCALE_FLOOR_NAV_READY room=room_poc47 grid=60x45 cell=4in obstacles=10
ROOMSCALE_FLOOR_NAV_READY room=room_poc47 grid=60x45 cell=4in obstacles=10
ROOMSCALE_FLOOR_NAV_READY room=room_poc47 grid=60x45 cell=4in obstacles=10
ROOMSCALE_FLOOR_NAV_READY room=room_poc47 grid=60x45 cell=4in obstacles=10
ROOMSCALE_FLOOR_NAV_READY room=room_poc47 grid=60x45 cell=4in obstacles=10
ROOMSCALE_FLOOR_NAV_READY room=room_poc47 grid=60x45 cell=4in obstacles=10
ROOMSCALE_FLOOR_NAV_READY room=room_poc47 grid=60x45 cell=4in obstacles=10
ROOMSCALE_FLOOR_NAV_READY room=room_poc47 grid=60x45 cell=4in obstacles=10
ROOMSCALE_FLOOR_NAV_READY room=room_poc47 grid=60x45 cell=4in obstacles=10
ROOMSCALE_FLOOR_NAV_READY room=room_poc47 grid=60x45 cell=4in obstacles=10
ROOMSCALE_FLOOR_NAV_READY room=room_poc47 grid=60x45 cell=4in obstacles=10
ROOMSCALE_FLOOR_NAV_READY room=room_poc47 grid=60x45 cell=4in obstacles=10
ROOMSCALE_FLOOR_NAV_READY room=room_poc47 grid=60x45 cell=4in obstacles=10
POC4_SALVAGE_STAGE object=storage_box state=STRIPPED work=8.0 yields={ "metal": 2.0 }
POC4_SALVAGE_STAGE object=storage_box state=PARTIAL work=20.0 yields={ "wood": 3.0, "metal": 2.0 }
POC47_PROGRESS {"active":{"completed":-1.0,"created":254.99999999999,"delivered":{"metal":3.0,"wood":8.0},"delivery_distance":158.788123154655,"effect_applied":false,"id":"development_003","kind":"workshop","required":{"metal":4,"wood":8},"required_work":100.0,"site":"(-18.0, 0.0, 44.0)","stage":"FOUNDATION","state":"WAITING_FOR_MATERIALS","target":"(-8.0, 0.0, 44.0)","work":0.0,"work_by_citizen":{}},"checkpoints":{"depot_complete":237.299999999991,"depot_foundation":189.999999999993,"depot_frame":211.099999999992,"depot_shell":225.399999999991,"depot_started":189.999999999993,"first_haul":14.0,"first_salvage":39.0000000000003,"material_haul":49.3000000000004,"meaningful_work":12.0,"shelter_complete":145.299999999996,"shelter_foundation":5.0,"shelter_frame":108.499999999998,"shelter_shell":132.999999999997,"shelter_started":5.0,"workshop_foundation":254.99999999999,"workshop_started":254.99999999999},"growth":"Settlement infrastructure not yet established","seconds":310.000000000002,"state":{"days":0.51666666666667,"drinks":5,"economy":{"food":{"available":31.0,"consumed":5.0,"delivered":0.0,"in_transit":0.0,"received":16.0,"reserved":0.0},"metal":{"available":2.0,"consumed":1.0,"delivered":3.0,"in_transit":0.0,"received":6.0,"reserved":0.0},"water":{"available":49.0,"consumed":5.0,"delivered":0.0,"in_transit":0.0,"received":24.0,"reserved":0.0},"wood":{"available":26.0,"consumed":8.0,"delivered":8.0,"in_transit":0.0,"received":42.0,"reserved":0.0}},"food_days":3.1,"meals":5,"population":5,"resting":1,"rests":0,"shelter":5,"urgent":0,"water_days":3.26666666666667}}
ROOMSCALE_FLOOR_NAV_READY room=room_poc47 grid=60x45 cell=4in obstacles=10
POC4_SALVAGE_STAGE object=storage_box state=FRAME work=32.0 yields={ "wood": 2.0 }
ROOMSCALE_FLOOR_NAV_READY room=room_poc47 grid=60x45 cell=4in obstacles=9
POC4_SALVAGE_STAGE object=storage_box state=DEPLETED work=42.0 yields={ "wood": 3.0 }
ROOMSCALE_FLOOR_NAV_READY room=room_poc47 grid=60x45 cell=4in obstacles=10
ROOMSCALE_FLOOR_NAV_READY room=room_poc47 grid=60x45 cell=4in obstacles=10
ROOMSCALE_FLOOR_NAV_READY room=room_poc47 grid=60x45 cell=4in obstacles=10
ROOMSCALE_FLOOR_NAV_READY room=room_poc47 grid=60x45 cell=4in obstacles=10
ROOMSCALE_FLOOR_NAV_READY room=room_poc47 grid=60x45 cell=4in obstacles=10
ROOMSCALE_FLOOR_NAV_READY room=room_poc47 grid=60x45 cell=4in obstacles=10
ROOMSCALE_FLOOR_NAV_READY room=room_poc47 grid=60x45 cell=4in obstacles=10
ROOMSCALE_FLOOR_NAV_READY room=room_poc47 grid=60x45 cell=4in obstacles=10
ROOMSCALE_FLOOR_NAV_READY room=room_poc47 grid=60x45 cell=4in obstacles=10
ROOMSCALE_FLOOR_NAV_READY room=room_poc47 grid=60x45 cell=4in obstacles=10
ROOMSCALE_FLOOR_NAV_READY room=room_poc47 grid=60x45 cell=4in obstacles=10
ROOMSCALE_FLOOR_NAV_READY room=room_poc47 grid=60x45 cell=4in obstacles=10
ROOMSCALE_FLOOR_NAV_READY room=room_poc47 grid=60x45 cell=4in obstacles=10
ROOMSCALE_FLOOR_NAV_READY room=room_poc47 grid=60x45 cell=4in obstacles=10
ROOMSCALE_FLOOR_NAV_READY room=room_poc47 grid=60x45 cell=4in obstacles=10
ROOMSCALE_FLOOR_NAV_READY room=room_poc47 grid=60x45 cell=4in obstacles=10
ROOMSCALE_FLOOR_NAV_READY room=room_poc47 grid=60x45 cell=4in obstacles=10
POC47_PROGRESS {"active":{"completed":-1.0,"created":565.00000000006,"delivered":{"metal":2.0,"wood":10.0},"delivery_distance":221.82344648841,"effect_applied":false,"id":"development_004","kind":"housing","required":{"metal":2,"wood":10},"required_work":76.5,"site":"(22.0, 0.0, 44.0)","stage":"FOUNDATION","state":"UNDER_CONSTRUCTION","target":"(12.0, 0.0, 44.0)","work":12.1,"work_by_citizen":{"1":4.6,"3":7.49999999999999}},"checkpoints":{"depot_complete":237.299999999991,"depot_foundation":189.999999999993,"depot_frame":211.099999999992,"depot_shell":225.399999999991,"depot_started":189.999999999993,"first_haul":14.0,"first_salvage":39.0000000000003,"housing_foundation":565.00000000006,"housing_started":565.00000000006,"material_haul":49.3000000000004,"meaningful_work":12.0,"shelter_complete":145.299999999996,"shelter_foundation":5.0,"shelter_frame":108.499999999998,"shelter_shell":132.999999999997,"shelter_started":5.0,"workshop_complete":383.400000000019,"workshop_foundation":254.99999999999,"workshop_frame":341.500000000009,"workshop_shell":362.000000000014,"workshop_started":254.99999999999},"growth":"Insufficient shelter for entire cohort","seconds":600.000000000068,"state":{"days":1.00000000000011,"drinks":15,"economy":{"food":{"available":34.0,"consumed":10.0,"delivered":0.0,"in_transit":0.0,"received":24.0,"reserved":0.0},"metal":{"available":1.0,"consumed":5.0,"delivered":2.0,"in_transit":0.0,"received":8.0,"reserved":0.0},"water":{"available":47.0,"consumed":15.0,"delivered":0.0,"in_transit":0.0,"received":32.0,"reserved":0.0},"wood":{"available":24.0,"consumed":16.0,"delivered":10.0,"in_transit":0.0,"received":50.0,"reserved":0.0}},"food_days":3.4,"meals":10,"population":5,"resting":0,"rests":5,"shelter":5,"urgent":0,"water_days":3.13333333333333}}
ROOMSCALE_FLOOR_NAV_READY room=room_poc47 grid=60x45 cell=4in obstacles=11
POC47_PROGRESS {"active":{},"checkpoints":{"depot_complete":237.299999999991,"depot_foundation":189.999999999993,"depot_frame":211.099999999992,"depot_shell":225.399999999991,"depot_started":189.999999999993,"first_haul":14.0,"first_salvage":39.0000000000003,"housing_complete":632.300000000075,"housing_foundation":565.00000000006,"housing_frame":603.600000000069,"housing_shell":619.200000000072,"housing_started":565.00000000006,"material_haul":49.3000000000004,"meaningful_work":12.0,"shelter_complete":145.299999999996,"shelter_foundation":5.0,"shelter_frame":108.499999999998,"shelter_shell":132.999999999997,"shelter_started":5.0,"workshop_complete":383.400000000019,"workshop_foundation":254.99999999999,"workshop_frame":341.500000000009,"workshop_shell":362.000000000014,"workshop_started":254.99999999999},"growth":"Healthy stability window 265/300 seconds","seconds":900.000000000136,"state":{"days":1.50000000000023,"drinks":20,"economy":{"food":{"available":37.0,"consumed":15.0,"delivered":0.0,"in_transit":0.0,"received":32.0,"reserved":0.0},"metal":{"available":1.0,"consumed":7.0,"delivered":0.0,"in_transit":0.0,"received":8.0,"reserved":0.0},"water":{"available":49.0,"consumed":20.0,"delivered":0.0,"in_transit":0.0,"received":40.0,"reserved":1.0},"wood":{"available":24.0,"consumed":26.0,"delivered":0.0,"in_transit":0.0,"received":50.0,"reserved":0.0}},"food_days":3.7,"meals":15,"population":5,"resting":0,"rests":10,"shelter":15,"urgent":0,"water_days":3.26666666666667}}
POC47_PROGRESS {"active":{},"checkpoints":{"depot_complete":237.299999999991,"depot_foundation":189.999999999993,"depot_frame":211.099999999992,"depot_shell":225.399999999991,"depot_started":189.999999999993,"first_haul":14.0,"first_salvage":39.0000000000003,"housing_complete":632.300000000075,"housing_foundation":565.00000000006,"housing_frame":603.600000000069,"housing_shell":619.200000000072,"housing_started":565.00000000006,"material_haul":49.3000000000004,"meaningful_work":12.0,"shelter_complete":145.299999999996,"shelter_foundation":5.0,"shelter_frame":108.499999999998,"shelter_shell":132.999999999997,"shelter_started":5.0,"sixth_citizen":935.000000000144,"workshop_complete":383.400000000019,"workshop_foundation":254.99999999999,"workshop_frame":341.500000000009,"workshop_shell":362.000000000014,"workshop_started":254.99999999999},"growth":"Healthy stability window 265/300 seconds","seconds":1200.0,"state":{"days":2.00000000000001,"drinks":31,"economy":{"food":{"available":39.0,"consumed":21.0,"delivered":0.0,"in_transit":0.0,"received":40.0,"reserved":0.0},"metal":{"available":1.0,"consumed":7.0,"delivered":0.0,"in_transit":0.0,"received":8.0,"reserved":0.0},"water":{"available":55.0,"consumed":31.0,"delivered":0.0,"in_transit":0.0,"received":56.0,"reserved":0.0},"wood":{"available":24.0,"consumed":26.0,"delivered":0.0,"in_transit":0.0,"received":50.0,"reserved":0.0}},"food_days":3.25,"meals":21,"population":6,"resting":1,"rests":15,"shelter":15,"urgent":0,"water_days":3.05555555555556}}
POC4_RESOURCE_REACH resource=water source=water_cup region=STUDY_SURFACE
ROOMSCALE_FLOOR_NAV_READY room=room_poc47 grid=60x45 cell=4in obstacles=11
ROOMSCALE_FLOOR_NAV_READY room=room_poc47 grid=60x45 cell=4in obstacles=11
ROOMSCALE_FLOOR_NAV_READY room=room_poc47 grid=60x45 cell=4in obstacles=11
ROOMSCALE_FLOOR_NAV_READY room=room_poc47 grid=60x45 cell=4in obstacles=11
ROOMSCALE_FLOOR_NAV_READY room=room_poc47 grid=60x45 cell=4in obstacles=11
ROOMSCALE_FLOOR_NAV_READY room=room_poc47 grid=60x45 cell=4in obstacles=11
POC4_SALVAGE_STAGE object=side_table state=STRIPPED work=8.0 yields={ "metal": 2.0 }
POC4_SALVAGE_STAGE object=side_table state=PARTIAL work=20.0 yields={ "wood": 3.0, "metal": 2.0 }
ROOMSCALE_FLOOR_NAV_READY room=room_poc47 grid=60x45 cell=4in obstacles=11
POC4_SALVAGE_STAGE object=side_table state=FRAME work=32.0 yields={ "wood": 2.0 }
ROOMSCALE_FLOOR_NAV_READY room=room_poc47 grid=60x45 cell=4in obstacles=10
POC4_SALVAGE_STAGE object=side_table state=DEPLETED work=42.0 yields={ "wood": 3.0 }
POC47_PROGRESS {"active":{},"checkpoints":{"depot_complete":237.299999999991,"depot_foundation":189.999999999993,"depot_frame":211.099999999992,"depot_shell":225.399999999991,"depot_started":189.999999999993,"first_haul":14.0,"first_salvage":39.0000000000003,"housing_complete":632.300000000075,"housing_foundation":565.00000000006,"housing_frame":603.600000000069,"housing_shell":619.200000000072,"housing_started":565.00000000006,"material_haul":49.3000000000004,"meaningful_work":12.0,"shelter_complete":145.299999999996,"shelter_foundation":5.0,"shelter_frame":108.499999999998,"shelter_shell":132.999999999997,"shelter_started":5.0,"sixth_citizen":935.000000000144,"traversal_complete":1489.49999999974,"traversal_started":1343.49999999987,"workshop_complete":383.400000000019,"workshop_foundation":254.99999999999,"workshop_frame":341.500000000009,"workshop_shell":362.000000000014,"workshop_started":254.99999999999},"growth":"Healthy stability window 70/300 seconds","seconds":1509.99999999972,"state":{"days":2.5166666666662,"drinks":39,"economy":{"food":{"available":33.0,"consumed":27.0,"delivered":0.0,"in_transit":0.0,"received":40.0,"reserved":0.0},"metal":{"available":1.0,"consumed":11.0,"delivered":0.0,"in_transit":0.0,"received":12.0,"reserved":0.0},"water":{"available":50.0,"consumed":39.0,"delivered":0.0,"in_transit":0.0,"received":60.0,"reserved":1.0},"wood":{"available":28.0,"consumed":30.0,"delivered":0.0,"in_transit":0.0,"received":58.0,"reserved":0.0}},"food_days":2.75,"meals":27,"population":6,"resting":1,"rests":20,"shelter":15,"urgent":0,"water_days":2.77777777777778}}
POC47_PROGRESS {"active":{},"checkpoints":{"depot_complete":237.299999999991,"depot_foundation":189.999999999993,"depot_frame":211.099999999992,"depot_shell":225.399999999991,"depot_started":189.999999999993,"elevated_territory":1531.7999999997,"first_haul":14.0,"first_salvage":39.0000000000003,"housing_complete":632.300000000075,"housing_foundation":565.00000000006,"housing_frame":603.600000000069,"housing_shell":619.200000000072,"housing_started":565.00000000006,"material_haul":49.3000000000004,"meaningful_work":12.0,"physical_climb":1517.29999999972,"shelter_complete":145.299999999996,"shelter_foundation":5.0,"shelter_frame":108.499999999998,"shelter_shell":132.999999999997,"shelter_started":5.0,"sixth_citizen":935.000000000144,"traversal_complete":1489.49999999974,"traversal_started":1343.49999999987,"workshop_complete":383.400000000019,"workshop_foundation":254.99999999999,"workshop_frame":341.500000000009,"workshop_shell":362.000000000014,"workshop_started":254.99999999999},"growth":"Healthy stability window 65/300 seconds","seconds":1809.99999999945,"state":{"days":3.01666666666575,"drinks":49,"economy":{"food":{"available":43.0,"consumed":33.0,"delivered":0.0,"in_transit":0.0,"received":56.0,"reserved":0.0},"metal":{"available":1.0,"consumed":11.0,"delivered":0.0,"in_transit":0.0,"received":12.0,"reserved":0.0},"water":{"available":57.0,"consumed":49.0,"delivered":0.0,"in_transit":0.0,"received":76.0,"reserved":0.0},"wood":{"available":28.0,"consumed":30.0,"delivered":0.0,"in_transit":0.0,"received":58.0,"reserved":0.0}},"food_days":3.07142857142857,"meals":33,"population":7,"resting":1,"rests":24,"shelter":15,"urgent":0,"water_days":2.71428571428571}}
POC47_PROGRESS {"active":{},"checkpoints":{"depot_complete":237.299999999991,"depot_foundation":189.999999999993,"depot_frame":211.099999999992,"depot_shell":225.399999999991,"depot_started":189.999999999993,"elevated_territory":1531.7999999997,"first_haul":14.0,"first_salvage":39.0000000000003,"housing_complete":632.300000000075,"housing_foundation":565.00000000006,"housing_frame":603.600000000069,"housing_shell":619.200000000072,"housing_started":565.00000000006,"material_haul":49.3000000000004,"meaningful_work":12.0,"physical_climb":1517.29999999972,"shelter_complete":145.299999999996,"shelter_foundation":5.0,"shelter_frame":108.499999999998,"shelter_shell":132.999999999997,"shelter_started":5.0,"sixth_citizen":935.000000000144,"traversal_complete":1489.49999999974,"traversal_started":1343.49999999987,"workshop_complete":383.400000000019,"workshop_foundation":254.99999999999,"workshop_frame":341.500000000009,"workshop_shell":362.000000000014,"workshop_started":254.99999999999},"growth":"Cohort cooldown","seconds":2109.99999999918,"state":{"days":3.51666666666529,"drinks":62,"economy":{"food":{"available":44.0,"consumed":40.0,"delivered":0.0,"in_transit":0.0,"received":64.0,"reserved":0.0},"metal":{"available":1.0,"consumed":11.0,"delivered":0.0,"in_transit":0.0,"received":12.0,"reserved":0.0},"water":{"available":60.0,"consumed":62.0,"delivered":0.0,"in_transit":0.0,"received":92.0,"reserved":0.0},"wood":{"available":28.0,"consumed":30.0,"delivered":0.0,"in_transit":0.0,"received":58.0,"reserved":0.0}},"food_days":3.14285714285714,"meals":40,"population":7,"resting":1,"rests":29,"shelter":15,"urgent":0,"water_days":2.85714285714286}}
POC47_PROGRESS {"active":{},"checkpoints":{"depot_complete":237.299999999991,"depot_foundation":189.999999999993,"depot_frame":211.099999999992,"depot_shell":225.399999999991,"depot_started":189.999999999993,"elevated_territory":1531.7999999997,"first_haul":14.0,"first_salvage":39.0000000000003,"housing_complete":632.300000000075,"housing_foundation":565.00000000006,"housing_frame":603.600000000069,"housing_shell":619.200000000072,"housing_started":565.00000000006,"material_haul":49.3000000000004,"meaningful_work":12.0,"physical_climb":1517.29999999972,"shelter_complete":145.299999999996,"shelter_foundation":5.0,"shelter_frame":108.499999999998,"shelter_shell":132.999999999997,"shelter_started":5.0,"sixth_citizen":935.000000000144,"traversal_complete":1489.49999999974,"traversal_started":1343.49999999987,"workshop_complete":383.400000000019,"workshop_foundation":254.99999999999,"workshop_frame":341.500000000009,"workshop_shell":362.000000000014,"workshop_started":254.99999999999},"growth":"Healthy stability window 60/300 seconds","seconds":2409.9999999989,"state":{"days":4.01666666666484,"drinks":71,"economy":{"food":{"available":53.0,"consumed":47.0,"delivered":0.0,"in_transit":0.0,"received":80.0,"reserved":0.0},"metal":{"available":1.0,"consumed":11.0,"delivered":0.0,"in_transit":0.0,"received":12.0,"reserved":0.0},"water":{"available":67.0,"consumed":71.0,"delivered":0.0,"in_transit":0.0,"received":108.0,"reserved":0.0},"wood":{"available":28.0,"consumed":30.0,"delivered":0.0,"in_transit":0.0,"received":58.0,"reserved":0.0}},"food_days":3.3125,"meals":47,"population":8,"resting":0,"rests":36,"shelter":15,"urgent":0,"water_days":2.79166666666667}}
POC47_PROGRESS {"active":{},"checkpoints":{"depot_complete":237.299999999991,"depot_foundation":189.999999999993,"depot_frame":211.099999999992,"depot_shell":225.399999999991,"depot_started":189.999999999993,"elevated_territory":1531.7999999997,"first_haul":14.0,"first_salvage":39.0000000000003,"housing_complete":632.300000000075,"housing_foundation":565.00000000006,"housing_frame":603.600000000069,"housing_shell":619.200000000072,"housing_started":565.00000000006,"material_haul":49.3000000000004,"meaningful_work":12.0,"physical_climb":1517.29999999972,"shelter_complete":145.299999999996,"shelter_foundation":5.0,"shelter_frame":108.499999999998,"shelter_shell":132.999999999997,"shelter_started":5.0,"sixth_citizen":935.000000000144,"traversal_complete":1489.49999999974,"traversal_started":1343.49999999987,"workshop_complete":383.400000000019,"workshop_foundation":254.99999999999,"workshop_frame":341.500000000009,"workshop_shell":362.000000000014,"workshop_started":254.99999999999},"growth":"Cohort cooldown","seconds":2709.99999999863,"state":{"days":4.51666666666438,"drinks":84,"economy":{"food":{"available":53.0,"consumed":55.0,"delivered":0.0,"in_transit":0.0,"received":88.0,"reserved":0.0},"metal":{"available":1.0,"consumed":11.0,"delivered":0.0,"in_transit":0.0,"received":12.0,"reserved":0.0},"water":{"available":69.0,"consumed":84.0,"delivered":0.0,"in_transit":0.0,"received":124.0,"reserved":1.0},"wood":{"available":28.0,"consumed":30.0,"delivered":0.0,"in_transit":0.0,"received":58.0,"reserved":0.0}},"food_days":3.3125,"meals":55,"population":8,"resting":1,"rests":42,"shelter":15,"urgent":0,"water_days":2.875}}
POC47_PROGRESS {"active":{},"checkpoints":{"depot_complete":237.299999999991,"depot_foundation":189.999999999993,"depot_frame":211.099999999992,"depot_shell":225.399999999991,"depot_started":189.999999999993,"elevated_territory":1531.7999999997,"first_haul":14.0,"first_salvage":39.0000000000003,"housing_complete":632.300000000075,"housing_foundation":565.00000000006,"housing_frame":603.600000000069,"housing_shell":619.200000000072,"housing_started":565.00000000006,"material_haul":49.3000000000004,"meaningful_work":12.0,"physical_climb":1517.29999999972,"shelter_complete":145.299999999996,"shelter_foundation":5.0,"shelter_frame":108.499999999998,"shelter_shell":132.999999999997,"shelter_started":5.0,"sixth_citizen":935.000000000144,"traversal_complete":1489.49999999974,"traversal_started":1343.49999999987,"workshop_complete":383.400000000019,"workshop_foundation":254.99999999999,"workshop_frame":341.500000000009,"workshop_shell":362.000000000014,"workshop_started":254.99999999999},"growth":"Healthy stability window 55/300 seconds","seconds":3009.99999999836,"state":{"days":5.01666666666393,"drinks":96,"economy":{"food":{"available":61.0,"consumed":63.0,"delivered":0.0,"in_transit":0.0,"received":104.0,"reserved":0.0},"metal":{"available":1.0,"consumed":11.0,"delivered":0.0,"in_transit":0.0,"received":12.0,"reserved":0.0},"water":{"available":74.0,"consumed":96.0,"delivered":0.0,"in_transit":0.0,"received":140.0,"reserved":0.0},"wood":{"available":28.0,"consumed":30.0,"delivered":0.0,"in_transit":0.0,"received":58.0,"reserved":0.0}},"food_days":3.38888888888889,"meals":63,"population":9,"resting":1,"rests":49,"shelter":15,"urgent":0,"water_days":2.74074074074074}}
POC47_PROGRESS {"active":{},"checkpoints":{"depot_complete":237.299999999991,"depot_foundation":189.999999999993,"depot_frame":211.099999999992,"depot_shell":225.399999999991,"depot_started":189.999999999993,"elevated_territory":1531.7999999997,"first_haul":14.0,"first_salvage":39.0000000000003,"housing_complete":632.300000000075,"housing_foundation":565.00000000006,"housing_frame":603.600000000069,"housing_shell":619.200000000072,"housing_started":565.00000000006,"material_haul":49.3000000000004,"meaningful_work":12.0,"physical_climb":1517.29999999972,"shelter_complete":145.299999999996,"shelter_foundation":5.0,"shelter_frame":108.499999999998,"shelter_shell":132.999999999997,"shelter_started":5.0,"sixth_citizen":935.000000000144,"traversal_complete":1489.49999999974,"traversal_started":1343.49999999987,"workshop_complete":383.400000000019,"workshop_foundation":254.99999999999,"workshop_frame":341.500000000009,"workshop_shell":362.000000000014,"workshop_started":254.99999999999},"growth":"Cohort cooldown","seconds":3309.99999999809,"state":{"days":5.51666666666348,"drinks":111,"economy":{"food":{"available":60.0,"consumed":72.0,"delivered":0.0,"in_transit":0.0,"received":112.0,"reserved":0.0},"metal":{"available":1.0,"consumed":11.0,"delivered":0.0,"in_transit":0.0,"received":12.0,"reserved":0.0},"water":{"available":82.0,"consumed":111.0,"delivered":0.0,"in_transit":0.0,"received":164.0,"reserved":1.0},"wood":{"available":28.0,"consumed":30.0,"delivered":0.0,"in_transit":0.0,"received":58.0,"reserved":0.0}},"food_days":3.33333333333333,"meals":72,"population":9,"resting":1,"rests":56,"shelter":15,"urgent":0,"water_days":3.03703703703704}}
POC47_PROGRESS {"active":{},"checkpoints":{"depot_complete":237.299999999991,"depot_foundation":189.999999999993,"depot_frame":211.099999999992,"depot_shell":225.399999999991,"depot_started":189.999999999993,"elevated_territory":1531.7999999997,"first_haul":14.0,"first_salvage":39.0000000000003,"housing_complete":632.300000000075,"housing_foundation":565.00000000006,"housing_frame":603.600000000069,"housing_shell":619.200000000072,"housing_started":565.00000000006,"material_haul":49.3000000000004,"meaningful_work":12.0,"physical_climb":1517.29999999972,"shelter_complete":145.299999999996,"shelter_foundation":5.0,"shelter_frame":108.499999999998,"shelter_shell":132.999999999997,"shelter_started":5.0,"sixth_citizen":935.000000000144,"traversal_complete":1489.49999999974,"traversal_started":1343.49999999987,"workshop_complete":383.400000000019,"workshop_foundation":254.99999999999,"workshop_frame":341.500000000009,"workshop_shell":362.000000000014,"workshop_started":254.99999999999},"growth":"Healthy stability window 50/300 seconds","seconds":3609.99999999781,"state":{"days":6.01666666666302,"drinks":124,"economy":{"food":{"available":67.0,"consumed":81.0,"delivered":0.0,"in_transit":0.0,"received":128.0,"reserved":0.0},"metal":{"available":1.0,"consumed":11.0,"delivered":0.0,"in_transit":0.0,"received":12.0,"reserved":0.0},"water":{"available":78.0,"consumed":124.0,"delivered":0.0,"in_transit":0.0,"received":172.0,"reserved":0.0},"wood":{"available":28.0,"consumed":30.0,"delivered":0.0,"in_transit":0.0,"received":58.0,"reserved":0.0}},"food_days":3.35,"meals":81,"population":10,"resting":0,"rests":63,"shelter":15,"urgent":0,"water_days":2.6}}
POC47_PROGRESS {"active":{},"checkpoints":{"depot_complete":237.299999999991,"depot_foundation":189.999999999993,"depot_frame":211.099999999992,"depot_shell":225.399999999991,"depot_started":189.999999999993,"elevated_territory":1531.7999999997,"first_haul":14.0,"first_salvage":39.0000000000003,"housing_complete":632.300000000075,"housing_foundation":565.00000000006,"housing_frame":603.600000000069,"housing_shell":619.200000000072,"housing_started":565.00000000006,"material_haul":49.3000000000004,"meaningful_work":12.0,"physical_climb":1517.29999999972,"shelter_complete":145.299999999996,"shelter_foundation":5.0,"shelter_frame":108.499999999998,"shelter_shell":132.999999999997,"shelter_started":5.0,"sixth_citizen":935.000000000144,"traversal_complete":1489.49999999974,"traversal_started":1343.49999999987,"workshop_complete":383.400000000019,"workshop_foundation":254.99999999999,"workshop_frame":341.500000000009,"workshop_shell":362.000000000014,"workshop_started":254.99999999999},"growth":"Cohort cooldown","seconds":3909.99999999754,"state":{"days":6.51666666666257,"drinks":140,"economy":{"food":{"available":65.0,"consumed":91.0,"delivered":0.0,"in_transit":0.0,"received":136.0,"reserved":0.0},"metal":{"available":1.0,"consumed":11.0,"delivered":0.0,"in_transit":0.0,"received":12.0,"reserved":0.0},"water":{"available":86.0,"consumed":140.0,"delivered":0.0,"in_transit":0.0,"received":196.0,"reserved":0.0},"wood":{"available":28.0,"consumed":30.0,"delivered":0.0,"in_transit":0.0,"received":58.0,"reserved":0.0}},"food_days":3.25,"meals":91,"population":10,"resting":2,"rests":70,"shelter":15,"urgent":1,"water_days":2.86666666666667}}
POC47_PROGRESS {"active":{},"checkpoints":{"depot_complete":237.299999999991,"depot_foundation":189.999999999993,"depot_frame":211.099999999992,"depot_shell":225.399999999991,"depot_started":189.999999999993,"elevated_territory":1531.7999999997,"first_haul":14.0,"first_salvage":39.0000000000003,"housing_complete":632.300000000075,"housing_foundation":565.00000000006,"housing_frame":603.600000000069,"housing_shell":619.200000000072,"housing_started":565.00000000006,"material_haul":49.3000000000004,"meaningful_work":12.0,"physical_climb":1517.29999999972,"shelter_complete":145.299999999996,"shelter_foundation":5.0,"shelter_frame":108.499999999998,"shelter_shell":132.999999999997,"shelter_started":5.0,"sixth_citizen":935.000000000144,"traversal_complete":1489.49999999974,"traversal_started":1343.49999999987,"workshop_complete":383.400000000019,"workshop_foundation":254.99999999999,"workshop_frame":341.500000000009,"workshop_shell":362.000000000014,"workshop_started":254.99999999999},"growth":"Healthy stability window 45/300 seconds","seconds":4209.99999999778,"state":{"days":7.01666666666297,"drinks":156,"economy":{"food":{"available":71.0,"consumed":101.0,"delivered":0.0,"in_transit":0.0,"received":152.0,"reserved":0.0},"metal":{"available":1.0,"consumed":11.0,"delivered":0.0,"in_transit":0.0,"received":12.0,"reserved":0.0},"water":{"available":86.0,"consumed":156.0,"delivered":0.0,"in_transit":0.0,"received":212.0,"reserved":0.0},"wood":{"available":28.0,"consumed":30.0,"delivered":0.0,"in_transit":0.0,"received":58.0,"reserved":0.0}},"food_days":3.22727272727273,"meals":101,"population":11,"resting":1,"rests":79,"shelter":15,"urgent":0,"water_days":2.60606060606061}}
POC47_PROGRESS {"active":{},"checkpoints":{"depot_complete":237.299999999991,"depot_foundation":189.999999999993,"depot_frame":211.099999999992,"depot_shell":225.399999999991,"depot_started":189.999999999993,"elevated_territory":1531.7999999997,"first_haul":14.0,"first_salvage":39.0000000000003,"housing_complete":632.300000000075,"housing_foundation":565.00000000006,"housing_frame":603.600000000069,"housing_shell":619.200000000072,"housing_started":565.00000000006,"material_haul":49.3000000000004,"meaningful_work":12.0,"physical_climb":1517.29999999972,"shelter_complete":145.299999999996,"shelter_foundation":5.0,"shelter_frame":108.499999999998,"shelter_shell":132.999999999997,"shelter_started":5.0,"sixth_citizen":935.000000000144,"traversal_complete":1489.49999999974,"traversal_started":1343.49999999987,"workshop_complete":383.400000000019,"workshop_foundation":254.99999999999,"workshop_frame":341.500000000009,"workshop_shell":362.000000000014,"workshop_started":254.99999999999},"growth":"Cohort cooldown","seconds":4509.99999999888,"state":{"days":7.51666666666479,"drinks":172,"economy":{"food":{"available":67.0,"consumed":112.0,"delivered":0.0,"in_transit":0.0,"received":160.0,"reserved":1.0},"metal":{"available":1.0,"consumed":11.0,"delivered":0.0,"in_transit":0.0,"received":12.0,"reserved":0.0},"water":{"available":102.0,"consumed":172.0,"delivered":0.0,"in_transit":0.0,"received":244.0,"reserved":0.0},"wood":{"available":28.0,"consumed":30.0,"delivered":0.0,"in_transit":0.0,"received":58.0,"reserved":0.0}},"food_days":3.04545454545455,"meals":112,"population":11,"resting":1,"rests":89,"shelter":15,"urgent":0,"water_days":3.09090909090909}}
POC47_PROGRESS {"active":{},"checkpoints":{"depot_complete":237.299999999991,"depot_foundation":189.999999999993,"depot_frame":211.099999999992,"depot_shell":225.399999999991,"depot_started":189.999999999993,"elevated_territory":1531.7999999997,"first_haul":14.0,"first_salvage":39.0000000000003,"housing_complete":632.300000000075,"housing_foundation":565.00000000006,"housing_frame":603.600000000069,"housing_shell":619.200000000072,"housing_started":565.00000000006,"material_haul":49.3000000000004,"meaningful_work":12.0,"physical_climb":1517.29999999972,"shelter_complete":145.299999999996,"shelter_foundation":5.0,"shelter_frame":108.499999999998,"shelter_shell":132.999999999997,"shelter_started":5.0,"sixth_citizen":935.000000000144,"traversal_complete":1489.49999999974,"traversal_started":1343.49999999987,"workshop_complete":383.400000000019,"workshop_foundation":254.99999999999,"workshop_frame":341.500000000009,"workshop_shell":362.000000000014,"workshop_started":254.99999999999},"growth":"Healthy stability window 45/300 seconds","seconds":4809.99999999997,"state":{"days":8.01666666666661,"drinks":189,"economy":{"food":{"available":70.0,"consumed":126.0,"delivered":0.0,"in_transit":0.0,"received":176.0,"reserved":0.0},"metal":{"available":1.0,"consumed":11.0,"delivered":0.0,"in_transit":0.0,"received":12.0,"reserved":0.0},"water":{"available":101.0,"consumed":189.0,"delivered":0.0,"in_transit":0.0,"received":260.0,"reserved":0.0},"wood":{"available":28.0,"consumed":30.0,"delivered":0.0,"in_transit":0.0,"received":58.0,"reserved":0.0}},"food_days":2.91666666666667,"meals":126,"population":12,"resting":2,"rests":97,"shelter":15,"urgent":0,"water_days":2.80555555555556}}
POC47_SCENARIO_PASS 

